[35m[1mConsolidate compiler generated dependencies of target pid_follower[0m
[ 33%] [32mBuilding CXX object CMakeFiles/pid_follower.dir/src/main.cpp.o[0m
[ 66%] [32mBuilding CXX object CMakeFiles/pid_follower.dir/src/TrajFollower.cpp.o[0m
[100%] [32m[1mLinking CXX executable pid_follower[0m
[100%] Built target pid_follower
-- Install configuration: ""
-- Installing: /home/peony/navigation_ws/install/path_following/lib/path_following/pid_follower
-- Set runtime path of "/home/peony/navigation_ws/install/path_following/lib/path_following/pid_follower" to ""
-- Installing: /home/peony/navigation_ws/install/path_following/share/ament_index/resource_index/package_run_dependencies/path_following
-- Installing: /home/peony/navigation_ws/install/path_following/share/ament_index/resource_index/parent_prefix_path/path_following
-- Installing: /home/peony/navigation_ws/install/path_following/share/path_following/environment/ament_prefix_path.sh
-- Installing: /home/peony/navigation_ws/install/path_following/share/path_following/environment/ament_prefix_path.dsv
-- Installing: /home/peony/navigation_ws/install/path_following/share/path_following/environment/path.sh
-- Installing: /home/peony/navigation_ws/install/path_following/share/path_following/environment/path.dsv
-- Installing: /home/peony/navigation_ws/install/path_following/share/path_following/local_setup.bash
-- Installing: /home/peony/navigation_ws/install/path_following/share/path_following/local_setup.sh
-- Installing: /home/peony/navigation_ws/install/path_following/share/path_following/local_setup.zsh
-- Installing: /home/peony/navigation_ws/install/path_following/share/path_following/local_setup.dsv
-- Installing: /home/peony/navigation_ws/install/path_following/share/path_following/package.dsv
-- Installing: /home/peony/navigation_ws/install/path_following/share/ament_index/resource_index/packages/path_following
-- Installing: /home/peony/navigation_ws/install/path_following/share/path_following/cmake/path_followingConfig.cmake
-- Installing: /home/peony/navigation_ws/install/path_following/share/path_following/cmake/path_followingConfig-version.cmake
-- Installing: /home/peony/navigation_ws/install/path_following/share/path_following/package.xml
