[0.012s] Invoking command in '/home/peony/navigation_ws/build/path_following': CMAKE_PREFIX_PATH=/opt/ros/humble /usr/bin/cmake --build /home/peony/navigation_ws/build/path_following -- -j32 -l32
[0.051s] [35m[1mConsolidate compiler generated dependencies of target pid_follower[0m
[0.070s] [ 33%] [32mBuilding CXX object CMakeFiles/pid_follower.dir/src/main.cpp.o[0m
[0.070s] [ 66%] [32mBuilding CXX object CMakeFiles/pid_follower.dir/src/TrajFollower.cpp.o[0m
[5.436s] [100%] [32m[1mLinking CXX executable pid_follower[0m
[5.866s] [100%] Built target pid_follower
[5.873s] Invoked command in '/home/peony/navigation_ws/build/path_following' returned '0': CMAKE_PREFIX_PATH=/opt/ros/humble /usr/bin/cmake --build /home/peony/navigation_ws/build/path_following -- -j32 -l32
[5.874s] Invoking command in '/home/peony/navigation_ws/build/path_following': CMAKE_PREFIX_PATH=/opt/ros/humble /usr/bin/cmake --install /home/peony/navigation_ws/build/path_following
[5.879s] -- Install configuration: ""
[5.880s] -- Installing: /home/peony/navigation_ws/install/path_following/lib/path_following/pid_follower
[5.883s] -- Set runtime path of "/home/peony/navigation_ws/install/path_following/lib/path_following/pid_follower" to ""
[5.883s] -- Installing: /home/peony/navigation_ws/install/path_following/share/ament_index/resource_index/package_run_dependencies/path_following
[5.883s] -- Installing: /home/peony/navigation_ws/install/path_following/share/ament_index/resource_index/parent_prefix_path/path_following
[5.884s] -- Installing: /home/peony/navigation_ws/install/path_following/share/path_following/environment/ament_prefix_path.sh
[5.884s] -- Installing: /home/peony/navigation_ws/install/path_following/share/path_following/environment/ament_prefix_path.dsv
[5.884s] -- Installing: /home/peony/navigation_ws/install/path_following/share/path_following/environment/path.sh
[5.884s] -- Installing: /home/peony/navigation_ws/install/path_following/share/path_following/environment/path.dsv
[5.884s] -- Installing: /home/peony/navigation_ws/install/path_following/share/path_following/local_setup.bash
[5.884s] -- Installing: /home/peony/navigation_ws/install/path_following/share/path_following/local_setup.sh
[5.885s] -- Installing: /home/peony/navigation_ws/install/path_following/share/path_following/local_setup.zsh
[5.885s] -- Installing: /home/peony/navigation_ws/install/path_following/share/path_following/local_setup.dsv
[5.885s] -- Installing: /home/peony/navigation_ws/install/path_following/share/path_following/package.dsv
[5.885s] -- Installing: /home/peony/navigation_ws/install/path_following/share/ament_index/resource_index/packages/path_following
[5.885s] -- Installing: /home/peony/navigation_ws/install/path_following/share/path_following/cmake/path_followingConfig.cmake
[5.885s] -- Installing: /home/peony/navigation_ws/install/path_following/share/path_following/cmake/path_followingConfig-version.cmake
[5.886s] -- Installing: /home/peony/navigation_ws/install/path_following/share/path_following/package.xml
[5.887s] Invoked command in '/home/peony/navigation_ws/build/path_following' returned '0': CMAKE_PREFIX_PATH=/opt/ros/humble /usr/bin/cmake --install /home/peony/navigation_ws/build/path_following
