[0.008s] Invoking command in '/home/peony/navigation_ws/build/path_following': CMAKE_PREFIX_PATH=/opt/ros/humble /usr/bin/cmake --build /home/peony/navigation_ws/build/path_following -- -j32 -l32
[0.031s] -- Found ament_cmake: 1.3.12 (/opt/ros/humble/share/ament_cmake/cmake)
[0.121s] -- Found rclcpp: 16.0.17 (/opt/ros/humble/share/rclcpp/cmake)
[0.142s] -- Found rosidl_generator_c: 3.1.8 (/opt/ros/humble/share/rosidl_generator_c/cmake)
[0.144s] -- Found rosidl_adapter: 3.1.8 (/opt/ros/humble/share/rosidl_adapter/cmake)
[0.148s] -- Found rosidl_generator_cpp: 3.1.8 (/opt/ros/humble/share/rosidl_generator_cpp/cmake)
[0.155s] -- Using all available rosidl_typesupport_c: rosidl_typesupport_fastrtps_c;rosidl_typesupport_introspection_c
[0.164s] -- Using all available rosidl_typesupport_cpp: rosidl_typesupport_fastrtps_cpp;rosidl_typesupport_introspection_cpp
[0.186s] -- Found rmw_implementation_cmake: 6.1.2 (/opt/ros/humble/share/rmw_implementation_cmake/cmake)
[0.187s] -- Found rmw_fastrtps_cpp: 6.2.9 (/opt/ros/humble/share/rmw_fastrtps_cpp/cmake)
[0.275s] -- Using RMW implementation 'rmw_fastrtps_cpp' as default
[0.304s] -- Found geometry_msgs: 4.9.0 (/opt/ros/humble/share/geometry_msgs/cmake)
[0.311s] -- Found sensor_msgs: 4.9.0 (/opt/ros/humble/share/sensor_msgs/cmake)
[0.319s] -- Found pcl_ros: 2.4.5 (/opt/ros/humble/share/pcl_ros/cmake)
[0.340s] -- Eigen found (include: /usr/include/eigen3, version: 3.4.0)
[0.358s] -- FLANN found (include: /usr/include, lib: /usr/lib/x86_64-linux-gnu/libflann_cpp.so)
[0.534s] -- OpenNI found (version: 1.5.4.0, include: /usr/include/ni, lib: /usr/lib/libOpenNI.so;libusb::libusb)
[0.537s] -- OpenNI2 found (version: 2.2.0.33, include: /usr/include/openni2, lib: /usr/lib/x86_64-linux-gnu/libOpenNI2.so;libusb::libusb)
[0.622s] -- Eigen found (include: /usr/include/eigen3, version: 3.4.0)
[0.627s] -- OpenNI found (version: 1.5.4.0, include: /usr/include/ni, lib: /usr/lib/libOpenNI.so;libusb::libusb)
[0.631s] -- OpenNI2 found (version: 2.2.0.33, include: /usr/include/openni2, lib: /usr/lib/x86_64-linux-gnu/libOpenNI2.so;libusb::libusb)
[0.711s] -- Found Qhull version 8.0.2
[0.796s] -- OpenNI found (version: 1.5.4.0, include: /usr/include/ni, lib: /usr/lib/libOpenNI.so;libusb::libusb)
[0.888s] -- Found eigen3_cmake_module: 0.1.1 (/opt/ros/humble/share/eigen3_cmake_module/cmake)
[0.889s] -- Ensuring Eigen3 include directory is part of orocos-kdl CMake target
[0.928s] [33mCMake Warning (dev) at CMakeLists.txt:13 (find_package):
[0.928s]   Policy CMP0074 is not set: find_package uses <PackageName>_ROOT variables.
[0.928s]   Run "cmake --help-policy CMP0074" for policy details.  Use the cmake_policy
[0.928s]   command to set the policy and suppress this warning.
[0.928s] 
[0.928s]   CMake variable PCL_ROOT is set to:
[0.928s] 
[0.928s]     /usr
[0.928s] 
[0.928s]   For compatibility, CMake is ignoring the variable.
[0.928s] This warning is for project developers.  Use -Wno-dev to suppress it.
[0.928s] [0m
[0.932s] [31mCMake Error at /opt/ros/humble/share/ament_cmake_target_dependencies/cmake/ament_target_dependencies.cmake:77 (message):
[0.932s]   ament_target_dependencies() the passed package name 'nav_msgs' was not
[0.932s]   found before
[0.932s] Call Stack (most recent call first):
[0.932s]   CMakeLists.txt:30 (ament_target_dependencies)
[0.932s] 
[0.933s] [0m
[0.933s] -- Configuring incomplete, errors occurred!
[0.933s] See also "/home/peony/navigation_ws/build/path_following/CMakeFiles/CMakeOutput.log".
[0.941s] gmake: *** [Makefile:294：cmake_check_build_system] 错误 1
[0.944s] Invoked command in '/home/peony/navigation_ws/build/path_following' returned '2': CMAKE_PREFIX_PATH=/opt/ros/humble /usr/bin/cmake --build /home/peony/navigation_ws/build/path_following -- -j32 -l32
