[0.008s] Invoking command in '/home/peony/navigation_ws/build/path_following': CMAKE_PREFIX_PATH=/opt/ros/humble /usr/bin/cmake /home/peony/navigation_ws/src/path_following -DCMAKE_INSTALL_PREFIX=/home/peony/navigation_ws/install/path_following
[0.018s] -- Found ament_cmake: 1.3.12 (/opt/ros/humble/share/ament_cmake/cmake)
[0.107s] -- Found rclcpp: 16.0.17 (/opt/ros/humble/share/rclcpp/cmake)
[0.128s] -- Found rosidl_generator_c: 3.1.8 (/opt/ros/humble/share/rosidl_generator_c/cmake)
[0.130s] -- Found rosidl_adapter: 3.1.8 (/opt/ros/humble/share/rosidl_adapter/cmake)
[0.134s] -- Found rosidl_generator_cpp: 3.1.8 (/opt/ros/humble/share/rosidl_generator_cpp/cmake)
[0.140s] -- Using all available rosidl_typesupport_c: rosidl_typesupport_fastrtps_c;rosidl_typesupport_introspection_c
[0.149s] -- Using all available rosidl_typesupport_cpp: rosidl_typesupport_fastrtps_cpp;rosidl_typesupport_introspection_cpp
[0.170s] -- Found rmw_implementation_cmake: 6.1.2 (/opt/ros/humble/share/rmw_implementation_cmake/cmake)
[0.171s] -- Found rmw_fastrtps_cpp: 6.2.9 (/opt/ros/humble/share/rmw_fastrtps_cpp/cmake)
[0.259s] -- Using RMW implementation 'rmw_fastrtps_cpp' as default
[0.293s] -- Found geometry_msgs: 4.9.0 (/opt/ros/humble/share/geometry_msgs/cmake)
[0.301s] -- Found sensor_msgs: 4.9.0 (/opt/ros/humble/share/sensor_msgs/cmake)
[0.314s] -- Found pcl_ros: 2.4.5 (/opt/ros/humble/share/pcl_ros/cmake)
[0.345s] -- Eigen found (include: /usr/include/eigen3, version: 3.4.0)
[0.370s] -- FLANN found (include: /usr/include, lib: /usr/lib/x86_64-linux-gnu/libflann_cpp.so)
[0.543s] -- OpenNI found (version: 1.5.4.0, include: /usr/include/ni, lib: /usr/lib/libOpenNI.so;libusb::libusb)
[0.547s] -- OpenNI2 found (version: 2.2.0.33, include: /usr/include/openni2, lib: /usr/lib/x86_64-linux-gnu/libOpenNI2.so;libusb::libusb)
[0.636s] -- Eigen found (include: /usr/include/eigen3, version: 3.4.0)
[0.640s] -- OpenNI found (version: 1.5.4.0, include: /usr/include/ni, lib: /usr/lib/libOpenNI.so;libusb::libusb)
[0.644s] -- OpenNI2 found (version: 2.2.0.33, include: /usr/include/openni2, lib: /usr/lib/x86_64-linux-gnu/libOpenNI2.so;libusb::libusb)
[0.726s] -- Found Qhull version 8.0.2
[0.809s] -- OpenNI found (version: 1.5.4.0, include: /usr/include/ni, lib: /usr/lib/libOpenNI.so;libusb::libusb)
[0.900s] -- Found eigen3_cmake_module: 0.1.1 (/opt/ros/humble/share/eigen3_cmake_module/cmake)
[0.901s] -- Found Eigen3: TRUE (found version "3.4.0") 
[0.901s] -- Ensuring Eigen3 include directory is part of orocos-kdl CMake target
[0.942s] [33mCMake Warning (dev) at CMakeLists.txt:13 (find_package):
[0.942s]   Policy CMP0074 is not set: find_package uses <PackageName>_ROOT variables.
[0.942s]   Run "cmake --help-policy CMP0074" for policy details.  Use the cmake_policy
[0.942s]   command to set the policy and suppress this warning.
[0.942s] 
[0.942s]   CMake variable PCL_ROOT is set to:
[0.942s] 
[0.942s]     /usr
[0.942s] 
[0.942s]   For compatibility, CMake is ignoring the variable.
[0.942s] This warning is for project developers.  Use -Wno-dev to suppress it.
[0.942s] [0m
[0.983s] -- Configuring done
[1.009s] -- Generating done
[1.016s] -- Build files have been written to: /home/peony/navigation_ws/build/path_following
[1.028s] Invoked command in '/home/peony/navigation_ws/build/path_following' returned '0': CMAKE_PREFIX_PATH=/opt/ros/humble /usr/bin/cmake /home/peony/navigation_ws/src/path_following -DCMAKE_INSTALL_PREFIX=/home/peony/navigation_ws/install/path_following
[1.030s] Invoking command in '/home/peony/navigation_ws/build/path_following': CMAKE_PREFIX_PATH=/opt/ros/humble /usr/bin/cmake --build /home/peony/navigation_ws/build/path_following -- -j32 -l32
[1.063s] [ 33%] [32mBuilding CXX object CMakeFiles/pid_follower.dir/src/main.cpp.o[0m
[1.063s] [ 66%] [32mBuilding CXX object CMakeFiles/pid_follower.dir/src/TrajFollower.cpp.o[0m
[1.069s] [01m[K/home/peony/navigation_ws/src/path_following/src/main.cpp:1:10:[m[K [01;31m[Kfatal error: [m[Kros/ros.h: 没有那个文件或目录
[1.069s]     1 | #include [01;31m[K<ros/ros.h>[m[K
[1.069s]       |          [01;31m[K^~~~~~~~~~~[m[K
[1.069s] compilation terminated.
[1.070s] gmake[2]: *** [CMakeFiles/pid_follower.dir/build.make:76：CMakeFiles/pid_follower.dir/src/main.cpp.o] 错误 1
[1.070s] gmake[2]: *** 正在等待未完成的任务....
[1.228s] In file included from [01m[K/home/peony/navigation_ws/src/path_following/src/TrajFollower.cpp:1[m[K:
[1.228s] [01m[K/home/peony/navigation_ws/src/path_following/include/TrajFollower.h:6:10:[m[K [01;31m[Kfatal error: [m[Kros/ros.h: 没有那个文件或目录
[1.228s]     6 | #include [01;31m[K<ros/ros.h>[m[K
[1.228s]       |          [01;31m[K^~~~~~~~~~~[m[K
[1.228s] compilation terminated.
[1.231s] gmake[2]: *** [CMakeFiles/pid_follower.dir/build.make:90：CMakeFiles/pid_follower.dir/src/TrajFollower.cpp.o] 错误 1
[1.231s] gmake[1]: *** [CMakeFiles/Makefile2:137：CMakeFiles/pid_follower.dir/all] 错误 2
[1.231s] gmake: *** [Makefile:146：all] 错误 2
[1.233s] Invoked command in '/home/peony/navigation_ws/build/path_following' returned '2': CMAKE_PREFIX_PATH=/opt/ros/humble /usr/bin/cmake --build /home/peony/navigation_ws/build/path_following -- -j32 -l32
