[0.015s] Invoking command in '/home/peony/navigation_ws/build/mpc_follower': CMAKE_PREFIX_PATH=${CMAKE_PREFIX_PATH}:/opt/ros/humble /usr/bin/cmake --build /home/peony/navigation_ws/build/mpc_follower -- -j32 -l32
[0.079s] [ 33%] [32mBuilding CXX object CMakeFiles/mpc_node.dir/src/mpc_controller.cpp.o[0m
[9.914s] [ 66%] [32m[1mLinking CXX executable mpc_node[0m
[10.907s] [100%] Built target mpc_node
[10.918s] Invoked command in '/home/peony/navigation_ws/build/mpc_follower' returned '0': CMAKE_PREFIX_PATH=${CMAKE_PREFIX_PATH}:/opt/ros/humble /usr/bin/cmake --build /home/peony/navigation_ws/build/mpc_follower -- -j32 -l32
[10.925s] Invoking command in '/home/peony/navigation_ws/build/mpc_follower': CMAKE_PREFIX_PATH=${CMAKE_PREFIX_PATH}:/opt/ros/humble /usr/bin/cmake --install /home/peony/navigation_ws/build/mpc_follower
[10.929s] -- Install configuration: ""
[10.930s] -- Installing: /home/peony/navigation_ws/install/mpc_follower/lib/mpc_follower/mpc_node
[10.938s] -- Set runtime path of "/home/peony/navigation_ws/install/mpc_follower/lib/mpc_follower/mpc_node" to ""
[10.938s] -- Up-to-date: /home/peony/navigation_ws/install/mpc_follower/include/
[10.938s] -- Up-to-date: /home/peony/navigation_ws/install/mpc_follower/include//mpc_controller.h
[10.938s] -- Up-to-date: /home/peony/navigation_ws/install/mpc_follower/include//robot_model.h
[10.938s] -- Up-to-date: /home/peony/navigation_ws/install/mpc_follower/include//mpc_follower
[10.938s] -- Up-to-date: /home/peony/navigation_ws/install/mpc_follower/share/mpc_follower/cfg/
[10.938s] -- Up-to-date: /home/peony/navigation_ws/install/mpc_follower/share/mpc_follower/cfg//mpc_params.yaml
[10.938s] -- Up-to-date: /home/peony/navigation_ws/install/mpc_follower/share/mpc_follower/launch/
[10.938s] -- Installing: /home/peony/navigation_ws/install/mpc_follower/share/mpc_follower/launch//mpc_follower.launch.py
[10.938s] -- Up-to-date: /home/peony/navigation_ws/install/mpc_follower/share/ament_index/resource_index/package_run_dependencies/mpc_follower
[10.938s] -- Up-to-date: /home/peony/navigation_ws/install/mpc_follower/share/ament_index/resource_index/parent_prefix_path/mpc_follower
[10.938s] -- Up-to-date: /home/peony/navigation_ws/install/mpc_follower/share/mpc_follower/environment/ament_prefix_path.sh
[10.938s] -- Up-to-date: /home/peony/navigation_ws/install/mpc_follower/share/mpc_follower/environment/ament_prefix_path.dsv
[10.938s] -- Up-to-date: /home/peony/navigation_ws/install/mpc_follower/share/mpc_follower/environment/path.sh
[10.938s] -- Up-to-date: /home/peony/navigation_ws/install/mpc_follower/share/mpc_follower/environment/path.dsv
[10.938s] -- Up-to-date: /home/peony/navigation_ws/install/mpc_follower/share/mpc_follower/local_setup.bash
[10.938s] -- Up-to-date: /home/peony/navigation_ws/install/mpc_follower/share/mpc_follower/local_setup.sh
[10.938s] -- Up-to-date: /home/peony/navigation_ws/install/mpc_follower/share/mpc_follower/local_setup.zsh
[10.938s] -- Up-to-date: /home/peony/navigation_ws/install/mpc_follower/share/mpc_follower/local_setup.dsv
[10.938s] -- Installing: /home/peony/navigation_ws/install/mpc_follower/share/mpc_follower/package.dsv
[10.938s] -- Up-to-date: /home/peony/navigation_ws/install/mpc_follower/share/ament_index/resource_index/packages/mpc_follower
[10.938s] -- Up-to-date: /home/peony/navigation_ws/install/mpc_follower/share/mpc_follower/cmake/mpc_followerConfig.cmake
[10.938s] -- Up-to-date: /home/peony/navigation_ws/install/mpc_follower/share/mpc_follower/cmake/mpc_followerConfig-version.cmake
[10.939s] -- Up-to-date: /home/peony/navigation_ws/install/mpc_follower/share/mpc_follower/package.xml
[10.940s] Invoked command in '/home/peony/navigation_ws/build/mpc_follower' returned '0': CMAKE_PREFIX_PATH=${CMAKE_PREFIX_PATH}:/opt/ros/humble /usr/bin/cmake --install /home/peony/navigation_ws/build/mpc_follower
