[0.085s] DEBUG:colcon:Command line arguments: ['/usr/bin/colcon', 'build']
[0.085s] DEBUG:colcon:Parsed command line arguments: Namespace(log_base=None, log_level=None, verb_name='build', build_base='build', install_base='install', merge_install=False, symlink_install=False, test_result_base=None, continue_on_error=False, executor='parallel', parallel_workers=32, event_handlers=None, ignore_user_meta=False, metas=['./colcon.meta'], base_paths=['.'], packages_ignore=None, packages_ignore_regex=None, paths=None, packages_up_to=None, packages_up_to_regex=None, packages_above=None, packages_above_and_dependencies=None, packages_above_depth=None, packages_select_by_dep=None, packages_skip_by_dep=None, packages_skip_up_to=None, packages_select_build_failed=False, packages_skip_build_finished=False, packages_select_test_failures=False, packages_skip_test_passed=False, packages_select=None, packages_skip=None, packages_select_regex=None, packages_skip_regex=None, packages_start=None, packages_end=None, allow_overriding=[], cmake_args=None, cmake_target=None, cmake_target_skip_unavailable=False, cmake_clean_cache=False, cmake_clean_first=False, cmake_force_configure=False, ament_cmake_args=None, catkin_cmake_args=None, catkin_skip_building_tests=False, verb_parser=<colcon_defaults.argument_parser.defaults.DefaultArgumentsDecorator object at 0x77793f550580>, verb_extension=<colcon_core.verb.build.BuildVerb object at 0x77793f51bc40>, main=<bound method BuildVerb.main of <colcon_core.verb.build.BuildVerb object at 0x77793f51bc40>>)
[0.217s] Level 1:colcon.colcon_core.package_discovery:discover_packages(colcon_meta) check parameters
[0.217s] Level 1:colcon.colcon_core.package_discovery:discover_packages(recursive) check parameters
[0.217s] Level 1:colcon.colcon_core.package_discovery:discover_packages(ignore) check parameters
[0.217s] Level 1:colcon.colcon_core.package_discovery:discover_packages(path) check parameters
[0.217s] Level 1:colcon.colcon_core.package_discovery:discover_packages(colcon_meta) discover
[0.217s] Level 1:colcon.colcon_core.package_discovery:discover_packages(recursive) discover
[0.217s] INFO:colcon.colcon_core.package_discovery:Crawling recursively for packages in '/home/peony/navigation_ws'
[0.217s] Level 1:colcon.colcon_core.package_identification:_identify(.) by extensions ['ignore', 'ignore_ament_install']
[0.217s] Level 1:colcon.colcon_core.package_identification:_identify(.) by extension 'ignore'
[0.218s] Level 1:colcon.colcon_core.package_identification:_identify(.) by extension 'ignore_ament_install'
[0.218s] Level 1:colcon.colcon_core.package_identification:_identify(.) by extensions ['colcon_pkg']
[0.218s] Level 1:colcon.colcon_core.package_identification:_identify(.) by extension 'colcon_pkg'
[0.218s] Level 1:colcon.colcon_core.package_identification:_identify(.) by extensions ['colcon_meta']
[0.218s] Level 1:colcon.colcon_core.package_identification:_identify(.) by extension 'colcon_meta'
[0.218s] Level 1:colcon.colcon_core.package_identification:_identify(.) by extensions ['ros']
[0.218s] Level 1:colcon.colcon_core.package_identification:_identify(.) by extension 'ros'
[0.224s] Level 1:colcon.colcon_core.package_identification:_identify(.) by extensions ['cmake', 'python']
[0.224s] Level 1:colcon.colcon_core.package_identification:_identify(.) by extension 'cmake'
[0.224s] Level 1:colcon.colcon_core.package_identification:_identify(.) by extension 'python'
[0.224s] Level 1:colcon.colcon_core.package_identification:_identify(.) by extensions ['python_setup_py']
[0.224s] Level 1:colcon.colcon_core.package_identification:_identify(.) by extension 'python_setup_py'
[0.224s] Level 1:colcon.colcon_core.package_identification:_identify(build) by extensions ['ignore', 'ignore_ament_install']
[0.224s] Level 1:colcon.colcon_core.package_identification:_identify(build) by extension 'ignore'
[0.224s] Level 1:colcon.colcon_core.package_identification:_identify(build) ignored
[0.224s] Level 1:colcon.colcon_core.package_identification:_identify(install) by extensions ['ignore', 'ignore_ament_install']
[0.224s] Level 1:colcon.colcon_core.package_identification:_identify(install) by extension 'ignore'
[0.224s] Level 1:colcon.colcon_core.package_identification:_identify(install) ignored
[0.224s] Level 1:colcon.colcon_core.package_identification:_identify(log) by extensions ['ignore', 'ignore_ament_install']
[0.224s] Level 1:colcon.colcon_core.package_identification:_identify(log) by extension 'ignore'
[0.224s] Level 1:colcon.colcon_core.package_identification:_identify(log) ignored
[0.224s] Level 1:colcon.colcon_core.package_identification:_identify(rviz) by extensions ['ignore', 'ignore_ament_install']
[0.224s] Level 1:colcon.colcon_core.package_identification:_identify(rviz) by extension 'ignore'
[0.225s] Level 1:colcon.colcon_core.package_identification:_identify(rviz) by extension 'ignore_ament_install'
[0.225s] Level 1:colcon.colcon_core.package_identification:_identify(rviz) by extensions ['colcon_pkg']
[0.225s] Level 1:colcon.colcon_core.package_identification:_identify(rviz) by extension 'colcon_pkg'
[0.225s] Level 1:colcon.colcon_core.package_identification:_identify(rviz) by extensions ['colcon_meta']
[0.225s] Level 1:colcon.colcon_core.package_identification:_identify(rviz) by extension 'colcon_meta'
[0.225s] Level 1:colcon.colcon_core.package_identification:_identify(rviz) by extensions ['ros']
[0.225s] Level 1:colcon.colcon_core.package_identification:_identify(rviz) by extension 'ros'
[0.225s] Level 1:colcon.colcon_core.package_identification:_identify(rviz) by extensions ['cmake', 'python']
[0.225s] Level 1:colcon.colcon_core.package_identification:_identify(rviz) by extension 'cmake'
[0.225s] Level 1:colcon.colcon_core.package_identification:_identify(rviz) by extension 'python'
[0.225s] Level 1:colcon.colcon_core.package_identification:_identify(rviz) by extensions ['python_setup_py']
[0.225s] Level 1:colcon.colcon_core.package_identification:_identify(rviz) by extension 'python_setup_py'
[0.225s] Level 1:colcon.colcon_core.package_identification:_identify(script) by extensions ['ignore', 'ignore_ament_install']
[0.225s] Level 1:colcon.colcon_core.package_identification:_identify(script) by extension 'ignore'
[0.225s] Level 1:colcon.colcon_core.package_identification:_identify(script) by extension 'ignore_ament_install'
[0.225s] Level 1:colcon.colcon_core.package_identification:_identify(script) by extensions ['colcon_pkg']
[0.225s] Level 1:colcon.colcon_core.package_identification:_identify(script) by extension 'colcon_pkg'
[0.225s] Level 1:colcon.colcon_core.package_identification:_identify(script) by extensions ['colcon_meta']
[0.225s] Level 1:colcon.colcon_core.package_identification:_identify(script) by extension 'colcon_meta'
[0.225s] Level 1:colcon.colcon_core.package_identification:_identify(script) by extensions ['ros']
[0.225s] Level 1:colcon.colcon_core.package_identification:_identify(script) by extension 'ros'
[0.225s] Level 1:colcon.colcon_core.package_identification:_identify(script) by extensions ['cmake', 'python']
[0.225s] Level 1:colcon.colcon_core.package_identification:_identify(script) by extension 'cmake'
[0.225s] Level 1:colcon.colcon_core.package_identification:_identify(script) by extension 'python'
[0.225s] Level 1:colcon.colcon_core.package_identification:_identify(script) by extensions ['python_setup_py']
[0.225s] Level 1:colcon.colcon_core.package_identification:_identify(script) by extension 'python_setup_py'
[0.225s] Level 1:colcon.colcon_core.package_identification:_identify(script/map) by extensions ['ignore', 'ignore_ament_install']
[0.225s] Level 1:colcon.colcon_core.package_identification:_identify(script/map) by extension 'ignore'
[0.225s] Level 1:colcon.colcon_core.package_identification:_identify(script/map) by extension 'ignore_ament_install'
[0.225s] Level 1:colcon.colcon_core.package_identification:_identify(script/map) by extensions ['colcon_pkg']
[0.225s] Level 1:colcon.colcon_core.package_identification:_identify(script/map) by extension 'colcon_pkg'
[0.225s] Level 1:colcon.colcon_core.package_identification:_identify(script/map) by extensions ['colcon_meta']
[0.225s] Level 1:colcon.colcon_core.package_identification:_identify(script/map) by extension 'colcon_meta'
[0.225s] Level 1:colcon.colcon_core.package_identification:_identify(script/map) by extensions ['ros']
[0.225s] Level 1:colcon.colcon_core.package_identification:_identify(script/map) by extension 'ros'
[0.225s] Level 1:colcon.colcon_core.package_identification:_identify(script/map) by extensions ['cmake', 'python']
[0.225s] Level 1:colcon.colcon_core.package_identification:_identify(script/map) by extension 'cmake'
[0.225s] Level 1:colcon.colcon_core.package_identification:_identify(script/map) by extension 'python'
[0.225s] Level 1:colcon.colcon_core.package_identification:_identify(script/map) by extensions ['python_setup_py']
[0.225s] Level 1:colcon.colcon_core.package_identification:_identify(script/map) by extension 'python_setup_py'
[0.225s] Level 1:colcon.colcon_core.package_identification:_identify(src) by extensions ['ignore', 'ignore_ament_install']
[0.225s] Level 1:colcon.colcon_core.package_identification:_identify(src) by extension 'ignore'
[0.225s] Level 1:colcon.colcon_core.package_identification:_identify(src) by extension 'ignore_ament_install'
[0.225s] Level 1:colcon.colcon_core.package_identification:_identify(src) by extensions ['colcon_pkg']
[0.225s] Level 1:colcon.colcon_core.package_identification:_identify(src) by extension 'colcon_pkg'
[0.225s] Level 1:colcon.colcon_core.package_identification:_identify(src) by extensions ['colcon_meta']
[0.225s] Level 1:colcon.colcon_core.package_identification:_identify(src) by extension 'colcon_meta'
[0.226s] Level 1:colcon.colcon_core.package_identification:_identify(src) by extensions ['ros']
[0.226s] Level 1:colcon.colcon_core.package_identification:_identify(src) by extension 'ros'
[0.226s] Level 1:colcon.colcon_core.package_identification:_identify(src) by extensions ['cmake', 'python']
[0.226s] Level 1:colcon.colcon_core.package_identification:_identify(src) by extension 'cmake'
[0.226s] Level 1:colcon.colcon_core.package_identification:_identify(src) by extension 'python'
[0.226s] Level 1:colcon.colcon_core.package_identification:_identify(src) by extensions ['python_setup_py']
[0.226s] Level 1:colcon.colcon_core.package_identification:_identify(src) by extension 'python_setup_py'
[0.226s] Level 1:colcon.colcon_core.package_identification:_identify(src/mpc_follower) by extensions ['ignore', 'ignore_ament_install']
[0.226s] Level 1:colcon.colcon_core.package_identification:_identify(src/mpc_follower) by extension 'ignore'
[0.226s] Level 1:colcon.colcon_core.package_identification:_identify(src/mpc_follower) by extension 'ignore_ament_install'
[0.226s] Level 1:colcon.colcon_core.package_identification:_identify(src/mpc_follower) by extensions ['colcon_pkg']
[0.226s] Level 1:colcon.colcon_core.package_identification:_identify(src/mpc_follower) by extension 'colcon_pkg'
[0.226s] Level 1:colcon.colcon_core.package_identification:_identify(src/mpc_follower) by extensions ['colcon_meta']
[0.226s] Level 1:colcon.colcon_core.package_identification:_identify(src/mpc_follower) by extension 'colcon_meta'
[0.226s] Level 1:colcon.colcon_core.package_identification:_identify(src/mpc_follower) by extensions ['ros']
[0.226s] Level 1:colcon.colcon_core.package_identification:_identify(src/mpc_follower) by extension 'ros'
[0.228s] DEBUG:colcon.colcon_core.package_identification:Package 'src/mpc_follower' with type 'ros.ament_cmake' and name 'mpc_follower'
[0.228s] Level 1:colcon.colcon_core.package_identification:_identify(src/path_following) by extensions ['ignore', 'ignore_ament_install']
[0.228s] Level 1:colcon.colcon_core.package_identification:_identify(src/path_following) by extension 'ignore'
[0.228s] Level 1:colcon.colcon_core.package_identification:_identify(src/path_following) by extension 'ignore_ament_install'
[0.228s] Level 1:colcon.colcon_core.package_identification:_identify(src/path_following) by extensions ['colcon_pkg']
[0.228s] Level 1:colcon.colcon_core.package_identification:_identify(src/path_following) by extension 'colcon_pkg'
[0.228s] Level 1:colcon.colcon_core.package_identification:_identify(src/path_following) by extensions ['colcon_meta']
[0.228s] Level 1:colcon.colcon_core.package_identification:_identify(src/path_following) by extension 'colcon_meta'
[0.228s] Level 1:colcon.colcon_core.package_identification:_identify(src/path_following) by extensions ['ros']
[0.228s] Level 1:colcon.colcon_core.package_identification:_identify(src/path_following) by extension 'ros'
[0.229s] DEBUG:colcon.colcon_core.package_identification:Package 'src/path_following' with type 'ros.ament_cmake' and name 'path_following'
[0.229s] Level 1:colcon.colcon_core.package_identification:_identify(src/path_searching) by extensions ['ignore', 'ignore_ament_install']
[0.229s] Level 1:colcon.colcon_core.package_identification:_identify(src/path_searching) by extension 'ignore'
[0.229s] Level 1:colcon.colcon_core.package_identification:_identify(src/path_searching) by extension 'ignore_ament_install'
[0.229s] Level 1:colcon.colcon_core.package_identification:_identify(src/path_searching) by extensions ['colcon_pkg']
[0.229s] Level 1:colcon.colcon_core.package_identification:_identify(src/path_searching) by extension 'colcon_pkg'
[0.229s] Level 1:colcon.colcon_core.package_identification:_identify(src/path_searching) by extensions ['colcon_meta']
[0.229s] Level 1:colcon.colcon_core.package_identification:_identify(src/path_searching) by extension 'colcon_meta'
[0.229s] Level 1:colcon.colcon_core.package_identification:_identify(src/path_searching) by extensions ['ros']
[0.229s] Level 1:colcon.colcon_core.package_identification:_identify(src/path_searching) by extension 'ros'
[0.230s] DEBUG:colcon.colcon_core.package_identification:Package 'src/path_searching' with type 'ros.ament_cmake' and name 'path_searching'
[0.230s] Level 1:colcon.colcon_core.package_identification:_identify(src/shell) by extensions ['ignore', 'ignore_ament_install']
[0.230s] Level 1:colcon.colcon_core.package_identification:_identify(src/shell) by extension 'ignore'
[0.230s] Level 1:colcon.colcon_core.package_identification:_identify(src/shell) by extension 'ignore_ament_install'
[0.230s] Level 1:colcon.colcon_core.package_identification:_identify(src/shell) by extensions ['colcon_pkg']
[0.230s] Level 1:colcon.colcon_core.package_identification:_identify(src/shell) by extension 'colcon_pkg'
[0.230s] Level 1:colcon.colcon_core.package_identification:_identify(src/shell) by extensions ['colcon_meta']
[0.230s] Level 1:colcon.colcon_core.package_identification:_identify(src/shell) by extension 'colcon_meta'
[0.230s] Level 1:colcon.colcon_core.package_identification:_identify(src/shell) by extensions ['ros']
[0.230s] Level 1:colcon.colcon_core.package_identification:_identify(src/shell) by extension 'ros'
[0.230s] Level 1:colcon.colcon_core.package_identification:_identify(src/shell) by extensions ['cmake', 'python']
[0.230s] Level 1:colcon.colcon_core.package_identification:_identify(src/shell) by extension 'cmake'
[0.230s] Level 1:colcon.colcon_core.package_identification:_identify(src/shell) by extension 'python'
[0.230s] Level 1:colcon.colcon_core.package_identification:_identify(src/shell) by extensions ['python_setup_py']
[0.230s] Level 1:colcon.colcon_core.package_identification:_identify(src/shell) by extension 'python_setup_py'
[0.230s] Level 1:colcon.colcon_core.package_discovery:discover_packages(recursive) using defaults
[0.230s] Level 1:colcon.colcon_core.package_discovery:discover_packages(ignore) discover
[0.230s] Level 1:colcon.colcon_core.package_discovery:discover_packages(ignore) using defaults
[0.230s] Level 1:colcon.colcon_core.package_discovery:discover_packages(path) discover
[0.230s] Level 1:colcon.colcon_core.package_discovery:discover_packages(path) using defaults
[0.251s] Level 1:colcon.colcon_core.package_discovery:discover_packages(prefix_path) check parameters
[0.251s] Level 1:colcon.colcon_core.package_discovery:discover_packages(prefix_path) discover
[0.253s] DEBUG:colcon.colcon_installed_package_information.package_discovery:Found 339 installed packages in /opt/ros/humble
[0.254s] Level 1:colcon.colcon_core.package_discovery:discover_packages(prefix_path) using defaults
[0.275s] Level 5:colcon.colcon_core.verb:set package 'mpc_follower' build argument 'cmake_args' from command line to 'None'
[0.275s] Level 5:colcon.colcon_core.verb:set package 'mpc_follower' build argument 'cmake_target' from command line to 'None'
[0.275s] Level 5:colcon.colcon_core.verb:set package 'mpc_follower' build argument 'cmake_target_skip_unavailable' from command line to 'False'
[0.275s] Level 5:colcon.colcon_core.verb:set package 'mpc_follower' build argument 'cmake_clean_cache' from command line to 'False'
[0.275s] Level 5:colcon.colcon_core.verb:set package 'mpc_follower' build argument 'cmake_clean_first' from command line to 'False'
[0.275s] Level 5:colcon.colcon_core.verb:set package 'mpc_follower' build argument 'cmake_force_configure' from command line to 'False'
[0.275s] Level 5:colcon.colcon_core.verb:set package 'mpc_follower' build argument 'ament_cmake_args' from command line to 'None'
[0.275s] Level 5:colcon.colcon_core.verb:set package 'mpc_follower' build argument 'catkin_cmake_args' from command line to 'None'
[0.275s] Level 5:colcon.colcon_core.verb:set package 'mpc_follower' build argument 'catkin_skip_building_tests' from command line to 'False'
[0.275s] DEBUG:colcon.colcon_core.verb:Building package 'mpc_follower' with the following arguments: {'ament_cmake_args': None, 'build_base': '/home/peony/navigation_ws/build/mpc_follower', 'catkin_cmake_args': None, 'catkin_skip_building_tests': False, 'cmake_args': None, 'cmake_clean_cache': False, 'cmake_clean_first': False, 'cmake_force_configure': False, 'cmake_target': None, 'cmake_target_skip_unavailable': False, 'install_base': '/home/peony/navigation_ws/install/mpc_follower', 'merge_install': False, 'path': '/home/peony/navigation_ws/src/mpc_follower', 'symlink_install': False, 'test_result_base': None}
[0.275s] Level 5:colcon.colcon_core.verb:set package 'path_following' build argument 'cmake_args' from command line to 'None'
[0.275s] Level 5:colcon.colcon_core.verb:set package 'path_following' build argument 'cmake_target' from command line to 'None'
[0.275s] Level 5:colcon.colcon_core.verb:set package 'path_following' build argument 'cmake_target_skip_unavailable' from command line to 'False'
[0.275s] Level 5:colcon.colcon_core.verb:set package 'path_following' build argument 'cmake_clean_cache' from command line to 'False'
[0.275s] Level 5:colcon.colcon_core.verb:set package 'path_following' build argument 'cmake_clean_first' from command line to 'False'
[0.275s] Level 5:colcon.colcon_core.verb:set package 'path_following' build argument 'cmake_force_configure' from command line to 'False'
[0.275s] Level 5:colcon.colcon_core.verb:set package 'path_following' build argument 'ament_cmake_args' from command line to 'None'
[0.275s] Level 5:colcon.colcon_core.verb:set package 'path_following' build argument 'catkin_cmake_args' from command line to 'None'
[0.275s] Level 5:colcon.colcon_core.verb:set package 'path_following' build argument 'catkin_skip_building_tests' from command line to 'False'
[0.275s] DEBUG:colcon.colcon_core.verb:Building package 'path_following' with the following arguments: {'ament_cmake_args': None, 'build_base': '/home/peony/navigation_ws/build/path_following', 'catkin_cmake_args': None, 'catkin_skip_building_tests': False, 'cmake_args': None, 'cmake_clean_cache': False, 'cmake_clean_first': False, 'cmake_force_configure': False, 'cmake_target': None, 'cmake_target_skip_unavailable': False, 'install_base': '/home/peony/navigation_ws/install/path_following', 'merge_install': False, 'path': '/home/peony/navigation_ws/src/path_following', 'symlink_install': False, 'test_result_base': None}
[0.275s] Level 5:colcon.colcon_core.verb:set package 'path_searching' build argument 'cmake_args' from command line to 'None'
[0.276s] Level 5:colcon.colcon_core.verb:set package 'path_searching' build argument 'cmake_target' from command line to 'None'
[0.276s] Level 5:colcon.colcon_core.verb:set package 'path_searching' build argument 'cmake_target_skip_unavailable' from command line to 'False'
[0.276s] Level 5:colcon.colcon_core.verb:set package 'path_searching' build argument 'cmake_clean_cache' from command line to 'False'
[0.276s] Level 5:colcon.colcon_core.verb:set package 'path_searching' build argument 'cmake_clean_first' from command line to 'False'
[0.276s] Level 5:colcon.colcon_core.verb:set package 'path_searching' build argument 'cmake_force_configure' from command line to 'False'
[0.276s] Level 5:colcon.colcon_core.verb:set package 'path_searching' build argument 'ament_cmake_args' from command line to 'None'
[0.276s] Level 5:colcon.colcon_core.verb:set package 'path_searching' build argument 'catkin_cmake_args' from command line to 'None'
[0.276s] Level 5:colcon.colcon_core.verb:set package 'path_searching' build argument 'catkin_skip_building_tests' from command line to 'False'
[0.276s] DEBUG:colcon.colcon_core.verb:Building package 'path_searching' with the following arguments: {'ament_cmake_args': None, 'build_base': '/home/peony/navigation_ws/build/path_searching', 'catkin_cmake_args': None, 'catkin_skip_building_tests': False, 'cmake_args': None, 'cmake_clean_cache': False, 'cmake_clean_first': False, 'cmake_force_configure': False, 'cmake_target': None, 'cmake_target_skip_unavailable': False, 'install_base': '/home/peony/navigation_ws/install/path_searching', 'merge_install': False, 'path': '/home/peony/navigation_ws/src/path_searching', 'symlink_install': False, 'test_result_base': None}
[0.276s] INFO:colcon.colcon_core.executor:Executing jobs using 'parallel' executor
[0.276s] DEBUG:colcon.colcon_parallel_executor.executor.parallel:run_until_complete
[0.276s] INFO:colcon.colcon_ros.task.ament_cmake.build:Building ROS package in '/home/peony/navigation_ws/src/mpc_follower' with build type 'ament_cmake'
[0.276s] INFO:colcon.colcon_cmake.task.cmake.build:Building CMake package in '/home/peony/navigation_ws/src/mpc_follower'
[0.279s] INFO:colcon.colcon_core.plugin_system:Skipping extension 'colcon_core.shell.bat': Not used on non-Windows systems
[0.279s] INFO:colcon.colcon_core.shell:Skip shell extension 'powershell' for command environment: Not usable outside of PowerShell
[0.279s] DEBUG:colcon.colcon_core.shell:Skip shell extension 'dsv' for command environment
[0.281s] INFO:colcon.colcon_ros.task.ament_cmake.build:Building ROS package in '/home/peony/navigation_ws/src/path_following' with build type 'ament_cmake'
[0.281s] INFO:colcon.colcon_cmake.task.cmake.build:Building CMake package in '/home/peony/navigation_ws/src/path_following'
[0.282s] INFO:colcon.colcon_core.shell:Skip shell extension 'powershell' for command environment: Not usable outside of PowerShell
[0.282s] DEBUG:colcon.colcon_core.shell:Skip shell extension 'dsv' for command environment
[0.283s] INFO:colcon.colcon_ros.task.ament_cmake.build:Building ROS package in '/home/peony/navigation_ws/src/path_searching' with build type 'ament_cmake'
[0.283s] INFO:colcon.colcon_cmake.task.cmake.build:Building CMake package in '/home/peony/navigation_ws/src/path_searching'
[0.283s] INFO:colcon.colcon_core.shell:Skip shell extension 'powershell' for command environment: Not usable outside of PowerShell
[0.283s] DEBUG:colcon.colcon_core.shell:Skip shell extension 'dsv' for command environment
[0.288s] DEBUG:colcon.colcon_core.event_handler.log_command:Invoking command in '/home/peony/navigation_ws/build/mpc_follower': CMAKE_PREFIX_PATH=/opt/ros/humble /usr/bin/cmake --build /home/peony/navigation_ws/build/mpc_follower -- -j32 -l32
[0.291s] DEBUG:colcon.colcon_core.event_handler.log_command:Invoking command in '/home/peony/navigation_ws/build/path_following': CMAKE_PREFIX_PATH=/opt/ros/humble /usr/bin/cmake --build /home/peony/navigation_ws/build/path_following -- -j32 -l32
[0.293s] DEBUG:colcon.colcon_core.event_handler.log_command:Invoking command in '/home/peony/navigation_ws/build/path_searching': CMAKE_PREFIX_PATH=/opt/ros/humble /usr/bin/cmake --build /home/peony/navigation_ws/build/path_searching -- -j32 -l32
[8.419s] DEBUG:colcon.colcon_core.event_handler.log_command:Invoked command in '/home/peony/navigation_ws/build/path_following' returned '0': CMAKE_PREFIX_PATH=/opt/ros/humble /usr/bin/cmake --build /home/peony/navigation_ws/build/path_following -- -j32 -l32
[8.426s] DEBUG:colcon.colcon_core.event_handler.log_command:Invoking command in '/home/peony/navigation_ws/build/path_following': CMAKE_PREFIX_PATH=/opt/ros/humble /usr/bin/cmake --install /home/peony/navigation_ws/build/path_following
[8.438s] Level 1:colcon.colcon_core.environment:create_environment_scripts_only(path_following)
[8.438s] DEBUG:colcon.colcon_core.event_handler.log_command:Invoked command in '/home/peony/navigation_ws/build/path_following' returned '0': CMAKE_PREFIX_PATH=/opt/ros/humble /usr/bin/cmake --install /home/peony/navigation_ws/build/path_following
[8.442s] Level 1:colcon.colcon_core.environment:checking '/home/peony/navigation_ws/install/path_following' for CMake module files
[8.442s] Level 1:colcon.colcon_core.environment:checking '/home/peony/navigation_ws/install/path_following' for CMake config files
[8.442s] Level 1:colcon.colcon_core.shell:create_environment_hook('path_following', 'cmake_prefix_path')
[8.443s] INFO:colcon.colcon_core.shell:Creating environment hook '/home/peony/navigation_ws/install/path_following/share/path_following/hook/cmake_prefix_path.ps1'
[8.443s] INFO:colcon.colcon_core.shell:Creating environment descriptor '/home/peony/navigation_ws/install/path_following/share/path_following/hook/cmake_prefix_path.dsv'
[8.443s] INFO:colcon.colcon_core.shell:Creating environment hook '/home/peony/navigation_ws/install/path_following/share/path_following/hook/cmake_prefix_path.sh'
[8.444s] Level 1:colcon.colcon_core.environment:checking '/home/peony/navigation_ws/install/path_following/lib'
[8.444s] Level 1:colcon.colcon_core.environment:checking '/home/peony/navigation_ws/install/path_following/bin'
[8.444s] Level 1:colcon.colcon_core.environment:checking '/home/peony/navigation_ws/install/path_following/lib/pkgconfig/path_following.pc'
[8.444s] Level 1:colcon.colcon_core.environment:checking '/home/peony/navigation_ws/install/path_following/lib/python3.10/site-packages'
[8.445s] Level 1:colcon.colcon_core.environment:checking '/home/peony/navigation_ws/install/path_following/bin'
[8.445s] INFO:colcon.colcon_core.shell:Creating package script '/home/peony/navigation_ws/install/path_following/share/path_following/package.ps1'
[8.446s] INFO:colcon.colcon_core.shell:Creating package descriptor '/home/peony/navigation_ws/install/path_following/share/path_following/package.dsv'
[8.446s] INFO:colcon.colcon_core.shell:Creating package script '/home/peony/navigation_ws/install/path_following/share/path_following/package.sh'
[8.447s] INFO:colcon.colcon_core.shell:Creating package script '/home/peony/navigation_ws/install/path_following/share/path_following/package.bash'
[8.447s] INFO:colcon.colcon_core.shell:Creating package script '/home/peony/navigation_ws/install/path_following/share/path_following/package.zsh'
[8.448s] Level 1:colcon.colcon_core.environment:create_file_with_runtime_dependencies(/home/peony/navigation_ws/install/path_following/share/colcon-core/packages/path_following)
[8.448s] Level 1:colcon.colcon_core.environment:create_environment_scripts_only(path_following)
[8.448s] Level 1:colcon.colcon_core.environment:checking '/home/peony/navigation_ws/install/path_following' for CMake module files
[8.449s] Level 1:colcon.colcon_core.environment:checking '/home/peony/navigation_ws/install/path_following' for CMake config files
[8.449s] Level 1:colcon.colcon_core.shell:create_environment_hook('path_following', 'cmake_prefix_path')
[8.449s] INFO:colcon.colcon_core.shell:Creating environment hook '/home/peony/navigation_ws/install/path_following/share/path_following/hook/cmake_prefix_path.ps1'
[8.449s] INFO:colcon.colcon_core.shell:Creating environment descriptor '/home/peony/navigation_ws/install/path_following/share/path_following/hook/cmake_prefix_path.dsv'
[8.449s] INFO:colcon.colcon_core.shell:Creating environment hook '/home/peony/navigation_ws/install/path_following/share/path_following/hook/cmake_prefix_path.sh'
[8.450s] Level 1:colcon.colcon_core.environment:checking '/home/peony/navigation_ws/install/path_following/lib'
[8.450s] Level 1:colcon.colcon_core.environment:checking '/home/peony/navigation_ws/install/path_following/bin'
[8.450s] Level 1:colcon.colcon_core.environment:checking '/home/peony/navigation_ws/install/path_following/lib/pkgconfig/path_following.pc'
[8.450s] Level 1:colcon.colcon_core.environment:checking '/home/peony/navigation_ws/install/path_following/lib/python3.10/site-packages'
[8.450s] Level 1:colcon.colcon_core.environment:checking '/home/peony/navigation_ws/install/path_following/bin'
[8.450s] INFO:colcon.colcon_core.shell:Creating package script '/home/peony/navigation_ws/install/path_following/share/path_following/package.ps1'
[8.451s] INFO:colcon.colcon_core.shell:Creating package descriptor '/home/peony/navigation_ws/install/path_following/share/path_following/package.dsv'
[8.451s] INFO:colcon.colcon_core.shell:Creating package script '/home/peony/navigation_ws/install/path_following/share/path_following/package.sh'
[8.451s] INFO:colcon.colcon_core.shell:Creating package script '/home/peony/navigation_ws/install/path_following/share/path_following/package.bash'
[8.451s] INFO:colcon.colcon_core.shell:Creating package script '/home/peony/navigation_ws/install/path_following/share/path_following/package.zsh'
[8.452s] Level 1:colcon.colcon_core.environment:create_file_with_runtime_dependencies(/home/peony/navigation_ws/install/path_following/share/colcon-core/packages/path_following)
[13.876s] DEBUG:colcon.colcon_core.event_handler.log_command:Invoked command in '/home/peony/navigation_ws/build/mpc_follower' returned '0': CMAKE_PREFIX_PATH=/opt/ros/humble /usr/bin/cmake --build /home/peony/navigation_ws/build/mpc_follower -- -j32 -l32
[13.877s] DEBUG:colcon.colcon_core.event_handler.log_command:Invoking command in '/home/peony/navigation_ws/build/mpc_follower': CMAKE_PREFIX_PATH=/opt/ros/humble /usr/bin/cmake --install /home/peony/navigation_ws/build/mpc_follower
[13.895s] Level 1:colcon.colcon_core.environment:create_environment_scripts_only(mpc_follower)
[13.895s] Level 1:colcon.colcon_core.environment:checking '/home/peony/navigation_ws/install/mpc_follower' for CMake module files
[13.895s] DEBUG:colcon.colcon_core.event_handler.log_command:Invoked command in '/home/peony/navigation_ws/build/mpc_follower' returned '0': CMAKE_PREFIX_PATH=/opt/ros/humble /usr/bin/cmake --install /home/peony/navigation_ws/build/mpc_follower
[13.896s] Level 1:colcon.colcon_core.environment:checking '/home/peony/navigation_ws/install/mpc_follower' for CMake config files
[13.896s] Level 1:colcon.colcon_core.shell:create_environment_hook('mpc_follower', 'cmake_prefix_path')
[13.896s] INFO:colcon.colcon_core.shell:Creating environment hook '/home/peony/navigation_ws/install/mpc_follower/share/mpc_follower/hook/cmake_prefix_path.ps1'
[13.896s] INFO:colcon.colcon_core.shell:Creating environment descriptor '/home/peony/navigation_ws/install/mpc_follower/share/mpc_follower/hook/cmake_prefix_path.dsv'
[13.896s] INFO:colcon.colcon_core.shell:Creating environment hook '/home/peony/navigation_ws/install/mpc_follower/share/mpc_follower/hook/cmake_prefix_path.sh'
[13.897s] Level 1:colcon.colcon_core.environment:checking '/home/peony/navigation_ws/install/mpc_follower/lib'
[13.897s] Level 1:colcon.colcon_core.environment:checking '/home/peony/navigation_ws/install/mpc_follower/bin'
[13.897s] Level 1:colcon.colcon_core.environment:checking '/home/peony/navigation_ws/install/mpc_follower/lib/pkgconfig/mpc_follower.pc'
[13.897s] Level 1:colcon.colcon_core.environment:checking '/home/peony/navigation_ws/install/mpc_follower/lib/python3.10/site-packages'
[13.897s] Level 1:colcon.colcon_core.environment:checking '/home/peony/navigation_ws/install/mpc_follower/bin'
[13.898s] INFO:colcon.colcon_core.shell:Creating package script '/home/peony/navigation_ws/install/mpc_follower/share/mpc_follower/package.ps1'
[13.898s] INFO:colcon.colcon_core.shell:Creating package descriptor '/home/peony/navigation_ws/install/mpc_follower/share/mpc_follower/package.dsv'
[13.898s] INFO:colcon.colcon_core.shell:Creating package script '/home/peony/navigation_ws/install/mpc_follower/share/mpc_follower/package.sh'
[13.898s] INFO:colcon.colcon_core.shell:Creating package script '/home/peony/navigation_ws/install/mpc_follower/share/mpc_follower/package.bash'
[13.899s] INFO:colcon.colcon_core.shell:Creating package script '/home/peony/navigation_ws/install/mpc_follower/share/mpc_follower/package.zsh'
[13.899s] Level 1:colcon.colcon_core.environment:create_file_with_runtime_dependencies(/home/peony/navigation_ws/install/mpc_follower/share/colcon-core/packages/mpc_follower)
[13.899s] Level 1:colcon.colcon_core.environment:create_environment_scripts_only(mpc_follower)
[13.899s] Level 1:colcon.colcon_core.environment:checking '/home/peony/navigation_ws/install/mpc_follower' for CMake module files
[13.899s] Level 1:colcon.colcon_core.environment:checking '/home/peony/navigation_ws/install/mpc_follower' for CMake config files
[13.900s] Level 1:colcon.colcon_core.shell:create_environment_hook('mpc_follower', 'cmake_prefix_path')
[13.900s] INFO:colcon.colcon_core.shell:Creating environment hook '/home/peony/navigation_ws/install/mpc_follower/share/mpc_follower/hook/cmake_prefix_path.ps1'
[13.900s] INFO:colcon.colcon_core.shell:Creating environment descriptor '/home/peony/navigation_ws/install/mpc_follower/share/mpc_follower/hook/cmake_prefix_path.dsv'
[13.900s] INFO:colcon.colcon_core.shell:Creating environment hook '/home/peony/navigation_ws/install/mpc_follower/share/mpc_follower/hook/cmake_prefix_path.sh'
[13.900s] Level 1:colcon.colcon_core.environment:checking '/home/peony/navigation_ws/install/mpc_follower/lib'
[13.900s] Level 1:colcon.colcon_core.environment:checking '/home/peony/navigation_ws/install/mpc_follower/bin'
[13.901s] Level 1:colcon.colcon_core.environment:checking '/home/peony/navigation_ws/install/mpc_follower/lib/pkgconfig/mpc_follower.pc'
[13.901s] Level 1:colcon.colcon_core.environment:checking '/home/peony/navigation_ws/install/mpc_follower/lib/python3.10/site-packages'
[13.901s] Level 1:colcon.colcon_core.environment:checking '/home/peony/navigation_ws/install/mpc_follower/bin'
[13.901s] INFO:colcon.colcon_core.shell:Creating package script '/home/peony/navigation_ws/install/mpc_follower/share/mpc_follower/package.ps1'
[13.901s] INFO:colcon.colcon_core.shell:Creating package descriptor '/home/peony/navigation_ws/install/mpc_follower/share/mpc_follower/package.dsv'
[13.901s] INFO:colcon.colcon_core.shell:Creating package script '/home/peony/navigation_ws/install/mpc_follower/share/mpc_follower/package.sh'
[13.902s] INFO:colcon.colcon_core.shell:Creating package script '/home/peony/navigation_ws/install/mpc_follower/share/mpc_follower/package.bash'
[13.902s] INFO:colcon.colcon_core.shell:Creating package script '/home/peony/navigation_ws/install/mpc_follower/share/mpc_follower/package.zsh'
[13.902s] Level 1:colcon.colcon_core.environment:create_file_with_runtime_dependencies(/home/peony/navigation_ws/install/mpc_follower/share/colcon-core/packages/mpc_follower)
[20.384s] DEBUG:colcon.colcon_core.event_handler.log_command:Invoked command in '/home/peony/navigation_ws/build/path_searching' returned '0': CMAKE_PREFIX_PATH=/opt/ros/humble /usr/bin/cmake --build /home/peony/navigation_ws/build/path_searching -- -j32 -l32
[20.385s] DEBUG:colcon.colcon_core.event_handler.log_command:Invoking command in '/home/peony/navigation_ws/build/path_searching': CMAKE_PREFIX_PATH=/opt/ros/humble /usr/bin/cmake --install /home/peony/navigation_ws/build/path_searching
[20.413s] Level 1:colcon.colcon_core.environment:create_environment_scripts_only(path_searching)
[20.413s] Level 1:colcon.colcon_core.environment:checking '/home/peony/navigation_ws/install/path_searching' for CMake module files
[20.413s] DEBUG:colcon.colcon_core.event_handler.log_command:Invoked command in '/home/peony/navigation_ws/build/path_searching' returned '0': CMAKE_PREFIX_PATH=/opt/ros/humble /usr/bin/cmake --install /home/peony/navigation_ws/build/path_searching
[20.413s] Level 1:colcon.colcon_core.environment:checking '/home/peony/navigation_ws/install/path_searching' for CMake config files
[20.413s] Level 1:colcon.colcon_core.shell:create_environment_hook('path_searching', 'cmake_prefix_path')
[20.414s] INFO:colcon.colcon_core.shell:Creating environment hook '/home/peony/navigation_ws/install/path_searching/share/path_searching/hook/cmake_prefix_path.ps1'
[20.414s] INFO:colcon.colcon_core.shell:Creating environment descriptor '/home/peony/navigation_ws/install/path_searching/share/path_searching/hook/cmake_prefix_path.dsv'
[20.414s] INFO:colcon.colcon_core.shell:Creating environment hook '/home/peony/navigation_ws/install/path_searching/share/path_searching/hook/cmake_prefix_path.sh'
[20.414s] Level 1:colcon.colcon_core.environment:checking '/home/peony/navigation_ws/install/path_searching/lib'
[20.415s] Level 1:colcon.colcon_core.environment:checking '/home/peony/navigation_ws/install/path_searching/bin'
[20.415s] Level 1:colcon.colcon_core.environment:checking '/home/peony/navigation_ws/install/path_searching/lib/pkgconfig/path_searching.pc'
[20.415s] Level 1:colcon.colcon_core.environment:checking '/home/peony/navigation_ws/install/path_searching/lib/python3.10/site-packages'
[20.415s] Level 1:colcon.colcon_core.environment:checking '/home/peony/navigation_ws/install/path_searching/bin'
[20.415s] INFO:colcon.colcon_core.shell:Creating package script '/home/peony/navigation_ws/install/path_searching/share/path_searching/package.ps1'
[20.415s] INFO:colcon.colcon_core.shell:Creating package descriptor '/home/peony/navigation_ws/install/path_searching/share/path_searching/package.dsv'
[20.415s] INFO:colcon.colcon_core.shell:Creating package script '/home/peony/navigation_ws/install/path_searching/share/path_searching/package.sh'
[20.416s] INFO:colcon.colcon_core.shell:Creating package script '/home/peony/navigation_ws/install/path_searching/share/path_searching/package.bash'
[20.416s] INFO:colcon.colcon_core.shell:Creating package script '/home/peony/navigation_ws/install/path_searching/share/path_searching/package.zsh'
[20.416s] Level 1:colcon.colcon_core.environment:create_file_with_runtime_dependencies(/home/peony/navigation_ws/install/path_searching/share/colcon-core/packages/path_searching)
[20.416s] Level 1:colcon.colcon_core.environment:create_environment_scripts_only(path_searching)
[20.416s] Level 1:colcon.colcon_core.environment:checking '/home/peony/navigation_ws/install/path_searching' for CMake module files
[20.417s] Level 1:colcon.colcon_core.environment:checking '/home/peony/navigation_ws/install/path_searching' for CMake config files
[20.417s] Level 1:colcon.colcon_core.shell:create_environment_hook('path_searching', 'cmake_prefix_path')
[20.417s] INFO:colcon.colcon_core.shell:Creating environment hook '/home/peony/navigation_ws/install/path_searching/share/path_searching/hook/cmake_prefix_path.ps1'
[20.417s] INFO:colcon.colcon_core.shell:Creating environment descriptor '/home/peony/navigation_ws/install/path_searching/share/path_searching/hook/cmake_prefix_path.dsv'
[20.417s] INFO:colcon.colcon_core.shell:Creating environment hook '/home/peony/navigation_ws/install/path_searching/share/path_searching/hook/cmake_prefix_path.sh'
[20.418s] Level 1:colcon.colcon_core.environment:checking '/home/peony/navigation_ws/install/path_searching/lib'
[20.418s] Level 1:colcon.colcon_core.environment:checking '/home/peony/navigation_ws/install/path_searching/bin'
[20.418s] Level 1:colcon.colcon_core.environment:checking '/home/peony/navigation_ws/install/path_searching/lib/pkgconfig/path_searching.pc'
[20.418s] Level 1:colcon.colcon_core.environment:checking '/home/peony/navigation_ws/install/path_searching/lib/python3.10/site-packages'
[20.418s] Level 1:colcon.colcon_core.environment:checking '/home/peony/navigation_ws/install/path_searching/bin'
[20.418s] INFO:colcon.colcon_core.shell:Creating package script '/home/peony/navigation_ws/install/path_searching/share/path_searching/package.ps1'
[20.418s] INFO:colcon.colcon_core.shell:Creating package descriptor '/home/peony/navigation_ws/install/path_searching/share/path_searching/package.dsv'
[20.419s] INFO:colcon.colcon_core.shell:Creating package script '/home/peony/navigation_ws/install/path_searching/share/path_searching/package.sh'
[20.419s] INFO:colcon.colcon_core.shell:Creating package script '/home/peony/navigation_ws/install/path_searching/share/path_searching/package.bash'
[20.419s] INFO:colcon.colcon_core.shell:Creating package script '/home/peony/navigation_ws/install/path_searching/share/path_searching/package.zsh'
[20.419s] Level 1:colcon.colcon_core.environment:create_file_with_runtime_dependencies(/home/peony/navigation_ws/install/path_searching/share/colcon-core/packages/path_searching)
[20.419s] DEBUG:colcon.colcon_parallel_executor.executor.parallel:closing loop
[20.420s] DEBUG:colcon.colcon_parallel_executor.executor.parallel:loop closed
[20.420s] DEBUG:colcon.colcon_parallel_executor.executor.parallel:run_until_complete finished with '0'
[20.420s] DEBUG:colcon.colcon_core.event_reactor:joining thread
[20.423s] INFO:colcon.colcon_core.plugin_system:Skipping extension 'colcon_notification.desktop_notification.terminal_notifier': Not used on non-Darwin systems
[20.423s] INFO:colcon.colcon_core.plugin_system:Skipping extension 'colcon_notification.desktop_notification.win32': Not used on non-Windows systems
[20.424s] INFO:colcon.colcon_notification.desktop_notification:Sending desktop notification using 'notify2'
[20.442s] DEBUG:colcon.colcon_core.event_reactor:joined thread
[20.443s] INFO:colcon.colcon_core.shell:Creating prefix script '/home/peony/navigation_ws/install/local_setup.ps1'
[20.443s] INFO:colcon.colcon_core.shell:Creating prefix util module '/home/peony/navigation_ws/install/_local_setup_util_ps1.py'
[20.444s] INFO:colcon.colcon_core.shell:Creating prefix chain script '/home/peony/navigation_ws/install/setup.ps1'
[20.445s] INFO:colcon.colcon_core.shell:Creating prefix script '/home/peony/navigation_ws/install/local_setup.sh'
[20.445s] INFO:colcon.colcon_core.shell:Creating prefix util module '/home/peony/navigation_ws/install/_local_setup_util_sh.py'
[20.446s] INFO:colcon.colcon_core.shell:Creating prefix chain script '/home/peony/navigation_ws/install/setup.sh'
[20.446s] INFO:colcon.colcon_core.shell:Creating prefix script '/home/peony/navigation_ws/install/local_setup.bash'
[20.447s] INFO:colcon.colcon_core.shell:Creating prefix chain script '/home/peony/navigation_ws/install/setup.bash'
[20.447s] INFO:colcon.colcon_core.shell:Creating prefix script '/home/peony/navigation_ws/install/local_setup.zsh'
[20.448s] INFO:colcon.colcon_core.shell:Creating prefix chain script '/home/peony/navigation_ws/install/setup.zsh'
