[0.009s] Invoking command in '/home/peony/navigation_ws/build/path_searching': CMAKE_PREFIX_PATH=${CMAKE_PREFIX_PATH}:/opt/ros/humble /usr/bin/cmake --build /home/peony/navigation_ws/build/path_searching -- -j32 -l32
[0.047s] [35m[1mConsolidate compiler generated dependencies of target path_searching_lib[0m
[0.070s] [ 50%] Built target path_searching_lib
[0.084s] [35m[1mConsolidate compiler generated dependencies of target plan_manager[0m
[0.091s] [ 75%] Built target esdf_benchmark
[0.114s] [ 87%] [32mBuilding CXX object CMakeFiles/plan_manager.dir/src/plan_manager.cpp.o[0m
[10.073s] [100%] [32m[1mLinking CXX executable plan_manager[0m
[11.100s] [100%] Built target plan_manager
[11.112s] Invoked command in '/home/peony/navigation_ws/build/path_searching' returned '0': CMAKE_PREFIX_PATH=${CMAKE_PREFIX_PATH}:/opt/ros/humble /usr/bin/cmake --build /home/peony/navigation_ws/build/path_searching -- -j32 -l32
[11.114s] Invoking command in '/home/peony/navigation_ws/build/path_searching': CMAKE_PREFIX_PATH=${CMAKE_PREFIX_PATH}:/opt/ros/humble /usr/bin/cmake --install /home/peony/navigation_ws/build/path_searching
[11.118s] -- Install configuration: ""
[11.118s] -- Installing: /home/peony/navigation_ws/install/path_searching/lib/path_searching/plan_manager
[11.126s] -- Set runtime path of "/home/peony/navigation_ws/install/path_searching/lib/path_searching/plan_manager" to ""
[11.126s] -- Up-to-date: /home/peony/navigation_ws/install/path_searching/lib/path_searching/esdf_benchmark
[11.126s] -- Up-to-date: /home/peony/navigation_ws/install/path_searching/lib/libpath_searching_lib.a
[11.126s] -- Up-to-date: /home/peony/navigation_ws/install/path_searching/include
[11.126s] -- Up-to-date: /home/peony/navigation_ws/install/path_searching/include/ulitys.h
[11.126s] -- Up-to-date: /home/peony/navigation_ws/install/path_searching/include/esdf_map.h
[11.126s] -- Up-to-date: /home/peony/navigation_ws/install/path_searching/include/Astar.h
[11.126s] -- Up-to-date: /home/peony/navigation_ws/install/path_searching/include/cubic_spline
[11.126s] -- Up-to-date: /home/peony/navigation_ws/install/path_searching/include/cubic_spline/cubic_spline_ros.h
[11.126s] -- Up-to-date: /home/peony/navigation_ws/install/path_searching/include/cubic_spline/cubic_spline.h
[11.126s] -- Up-to-date: /home/peony/navigation_ws/install/path_searching/include/cubic_spline/cpprobotics_types.h
[11.126s] -- Up-to-date: /home/peony/navigation_ws/install/path_searching/include/smoother.h
[11.126s] -- Up-to-date: /home/peony/navigation_ws/install/path_searching/share/path_searching/launch
[11.127s] -- Up-to-date: /home/peony/navigation_ws/install/path_searching/share/path_searching/launch/astar.launch.py
[11.127s] -- Up-to-date: /home/peony/navigation_ws/install/path_searching/share/path_searching/launch/voronoi_astar.launch.py
[11.127s] -- Up-to-date: /home/peony/navigation_ws/install/path_searching/share/path_searching/launch/astar_rviz_map_server.launch.py
[11.127s] -- Installing: /home/peony/navigation_ws/install/path_searching/share/path_searching/launch/debug_astar.launch.py
[11.127s] -- Up-to-date: /home/peony/navigation_ws/install/path_searching/share/path_searching/cfg
[11.127s] -- Up-to-date: /home/peony/navigation_ws/install/path_searching/share/path_searching/cfg/plan_param.yaml
[11.127s] -- Up-to-date: /home/peony/navigation_ws/install/path_searching/share/path_searching/environment/library_path.sh
[11.127s] -- Up-to-date: /home/peony/navigation_ws/install/path_searching/share/path_searching/environment/library_path.dsv
[11.127s] -- Up-to-date: /home/peony/navigation_ws/install/path_searching/share/ament_index/resource_index/package_run_dependencies/path_searching
[11.127s] -- Up-to-date: /home/peony/navigation_ws/install/path_searching/share/ament_index/resource_index/parent_prefix_path/path_searching
[11.127s] -- Up-to-date: /home/peony/navigation_ws/install/path_searching/share/path_searching/environment/ament_prefix_path.sh
[11.127s] -- Up-to-date: /home/peony/navigation_ws/install/path_searching/share/path_searching/environment/ament_prefix_path.dsv
[11.127s] -- Up-to-date: /home/peony/navigation_ws/install/path_searching/share/path_searching/environment/path.sh
[11.127s] -- Up-to-date: /home/peony/navigation_ws/install/path_searching/share/path_searching/environment/path.dsv
[11.127s] -- Up-to-date: /home/peony/navigation_ws/install/path_searching/share/path_searching/local_setup.bash
[11.127s] -- Up-to-date: /home/peony/navigation_ws/install/path_searching/share/path_searching/local_setup.sh
[11.127s] -- Up-to-date: /home/peony/navigation_ws/install/path_searching/share/path_searching/local_setup.zsh
[11.127s] -- Up-to-date: /home/peony/navigation_ws/install/path_searching/share/path_searching/local_setup.dsv
[11.127s] -- Installing: /home/peony/navigation_ws/install/path_searching/share/path_searching/package.dsv
[11.127s] -- Up-to-date: /home/peony/navigation_ws/install/path_searching/share/ament_index/resource_index/packages/path_searching
[11.127s] -- Up-to-date: /home/peony/navigation_ws/install/path_searching/share/path_searching/cmake/ament_cmake_export_include_directories-extras.cmake
[11.127s] -- Up-to-date: /home/peony/navigation_ws/install/path_searching/share/path_searching/cmake/ament_cmake_export_libraries-extras.cmake
[11.127s] -- Up-to-date: /home/peony/navigation_ws/install/path_searching/share/path_searching/cmake/ament_cmake_export_dependencies-extras.cmake
[11.127s] -- Up-to-date: /home/peony/navigation_ws/install/path_searching/share/path_searching/cmake/path_searchingConfig.cmake
[11.127s] -- Up-to-date: /home/peony/navigation_ws/install/path_searching/share/path_searching/cmake/path_searchingConfig-version.cmake
[11.127s] -- Up-to-date: /home/peony/navigation_ws/install/path_searching/share/path_searching/package.xml
[11.128s] Invoked command in '/home/peony/navigation_ws/build/path_searching' returned '0': CMAKE_PREFIX_PATH=${CMAKE_PREFIX_PATH}:/opt/ros/humble /usr/bin/cmake --install /home/peony/navigation_ws/build/path_searching
