[0.008s] Invoking command in '/home/peony/navigation_ws/build/path_searching': CMAKE_PREFIX_PATH=${CMAKE_PREFIX_PATH}:/opt/ros/humble /usr/bin/cmake --build /home/peony/navigation_ws/build/path_searching -- -j32 -l32
[0.027s] -- Found ament_cmake: 1.3.12 (/opt/ros/humble/share/ament_cmake/cmake)
[0.095s] -- Found rclcpp: 16.0.17 (/opt/ros/humble/share/rclcpp/cmake)
[0.111s] -- Found rosidl_generator_c: 3.1.8 (/opt/ros/humble/share/rosidl_generator_c/cmake)
[0.113s] -- Found rosidl_adapter: 3.1.8 (/opt/ros/humble/share/rosidl_adapter/cmake)
[0.116s] -- Found rosidl_generator_cpp: 3.1.8 (/opt/ros/humble/share/rosidl_generator_cpp/cmake)
[0.121s] -- Using all available rosidl_typesupport_c: rosidl_typesupport_fastrtps_c;rosidl_typesupport_introspection_c
[0.127s] -- Using all available rosidl_typesupport_cpp: rosidl_typesupport_fastrtps_cpp;rosidl_typesupport_introspection_cpp
[0.143s] -- Found rmw_implementation_cmake: 6.1.2 (/opt/ros/humble/share/rmw_implementation_cmake/cmake)
[0.144s] -- Found rmw_fastrtps_cpp: 6.2.9 (/opt/ros/humble/share/rmw_fastrtps_cpp/cmake)
[0.214s] -- Using RMW implementation 'rmw_fastrtps_cpp' as default
[0.239s] -- Found nav_msgs: 4.9.0 (/opt/ros/humble/share/nav_msgs/cmake)
[0.253s] -- Found sensor_msgs: 4.9.0 (/opt/ros/humble/share/sensor_msgs/cmake)
[0.262s] -- Found tf2_ros: 0.25.18 (/opt/ros/humble/share/tf2_ros/cmake)
[0.305s] -- Found tf2_eigen: 0.25.18 (/opt/ros/humble/share/tf2_eigen/cmake)
[0.306s] -- Found tf2_geometry_msgs: 0.25.18 (/opt/ros/humble/share/tf2_geometry_msgs/cmake)
[0.308s] -- Found eigen3_cmake_module: 0.1.1 (/opt/ros/humble/share/eigen3_cmake_module/cmake)
[0.308s] -- Found Eigen3: TRUE (found version "3.4.0") 
[0.308s] -- Ensuring Eigen3 include directory is part of orocos-kdl CMake target
[0.318s] -- Eigen found (include: /usr/include/eigen3, version: 3.4.0)
[0.339s] -- FLANN found (include: /usr/include, lib: /usr/lib/x86_64-linux-gnu/libflann_cpp.so)
[0.451s] -- Found Eigen3: /usr/include/eigen3 (found version "3.4.0") 
[0.526s] -- OpenNI found (version: 1.5.4.0, include: /usr/include/ni, lib: /usr/lib/libOpenNI.so;libusb::libusb)
[0.531s] -- OpenNI2 found (version: 2.2.0.33, include: /usr/include/openni2, lib: /usr/lib/x86_64-linux-gnu/libOpenNI2.so;libusb::libusb)
[0.531s] [0m** WARNING ** io features related to pcap will be disabled[0m
[0.624s] -- Eigen found (include: /usr/include/eigen3, version: 3.4.0)
[0.628s] -- OpenNI found (version: 1.5.4.0, include: /usr/include/ni, lib: /usr/lib/libOpenNI.so;libusb::libusb)
[0.633s] -- OpenNI2 found (version: 2.2.0.33, include: /usr/include/openni2, lib: /usr/lib/x86_64-linux-gnu/libOpenNI2.so;libusb::libusb)
[0.722s] -- Found Qhull version 8.0.2
[0.814s] -- OpenNI found (version: 1.5.4.0, include: /usr/include/ni, lib: /usr/lib/libOpenNI.so;libusb::libusb)
[0.902s] -- looking for PCL_COMMON
[0.902s] -- looking for PCL_KDTREE
[0.902s] -- looking for PCL_OCTREE
[0.902s] -- looking for PCL_SEARCH
[0.903s] -- looking for PCL_SAMPLE_CONSENSUS
[0.903s] -- looking for PCL_FILTERS
[0.903s] -- looking for PCL_2D
[0.903s] -- looking for PCL_GEOMETRY
[0.903s] -- looking for PCL_IO
[0.903s] -- looking for PCL_FEATURES
[0.904s] -- looking for PCL_ML
[0.904s] -- looking for PCL_SEGMENTATION
[0.904s] -- looking for PCL_VISUALIZATION
[0.904s] -- looking for PCL_SURFACE
[0.904s] -- looking for PCL_REGISTRATION
[0.904s] -- looking for PCL_KEYPOINTS
[0.905s] -- looking for PCL_TRACKING
[0.905s] -- looking for PCL_RECOGNITION
[0.905s] -- looking for PCL_STEREO
[0.905s] -- looking for PCL_APPS
[0.906s] -- looking for PCL_IN_HAND_SCANNER
[0.906s] -- looking for PCL_MODELER
[0.906s] -- looking for PCL_POINT_CLOUD_EDITOR
[0.906s] -- looking for PCL_OUTOFCORE
[0.906s] -- looking for PCL_PEOPLE
[0.907s] -- Found pcl_conversions: 2.4.5 (/opt/ros/humble/share/pcl_conversions/cmake)
[0.918s] -- Found pcl_ros: 2.4.5 (/opt/ros/humble/share/pcl_ros/cmake)
[0.924s] -- Found visualization_msgs: 4.9.0 (/opt/ros/humble/share/visualization_msgs/cmake)
[0.987s] -- Configuring done
[1.051s] -- Generating done
[1.065s] -- Build files have been written to: /home/peony/navigation_ws/build/path_searching
[1.093s] [35m[1mConsolidate compiler generated dependencies of target path_searching_lib[0m
[1.111s] [ 50%] Built target path_searching_lib
[1.118s] [35m[1mConsolidate compiler generated dependencies of target plan_manager[0m
[1.119s] [35m[1mConsolidate compiler generated dependencies of target esdf_benchmark[0m
[1.131s] [ 75%] Built target esdf_benchmark
[1.143s] [100%] Built target plan_manager
[1.151s] Invoked command in '/home/peony/navigation_ws/build/path_searching' returned '0': CMAKE_PREFIX_PATH=${CMAKE_PREFIX_PATH}:/opt/ros/humble /usr/bin/cmake --build /home/peony/navigation_ws/build/path_searching -- -j32 -l32
[1.152s] Invoking command in '/home/peony/navigation_ws/build/path_searching': CMAKE_PREFIX_PATH=${CMAKE_PREFIX_PATH}:/opt/ros/humble /usr/bin/cmake --install /home/peony/navigation_ws/build/path_searching
[1.157s] -- Install configuration: ""
[1.157s] -- Up-to-date: /home/peony/navigation_ws/install/path_searching/lib/path_searching/plan_manager
[1.157s] -- Up-to-date: /home/peony/navigation_ws/install/path_searching/lib/path_searching/esdf_benchmark
[1.158s] -- Up-to-date: /home/peony/navigation_ws/install/path_searching/lib/libpath_searching_lib.a
[1.158s] -- Up-to-date: /home/peony/navigation_ws/install/path_searching/include
[1.158s] -- Up-to-date: /home/peony/navigation_ws/install/path_searching/include/ulitys.h
[1.158s] -- Up-to-date: /home/peony/navigation_ws/install/path_searching/include/esdf_map.h
[1.158s] -- Up-to-date: /home/peony/navigation_ws/install/path_searching/include/Astar.h
[1.158s] -- Up-to-date: /home/peony/navigation_ws/install/path_searching/include/cubic_spline
[1.158s] -- Up-to-date: /home/peony/navigation_ws/install/path_searching/include/cubic_spline/cubic_spline_ros.h
[1.158s] -- Up-to-date: /home/peony/navigation_ws/install/path_searching/include/cubic_spline/cubic_spline.h
[1.158s] -- Up-to-date: /home/peony/navigation_ws/install/path_searching/include/cubic_spline/cpprobotics_types.h
[1.158s] -- Up-to-date: /home/peony/navigation_ws/install/path_searching/include/smoother.h
[1.158s] -- Up-to-date: /home/peony/navigation_ws/install/path_searching/share/path_searching/launch
[1.158s] -- Up-to-date: /home/peony/navigation_ws/install/path_searching/share/path_searching/launch/astar.launch.py
[1.158s] -- Up-to-date: /home/peony/navigation_ws/install/path_searching/share/path_searching/launch/voronoi_astar.launch.py
[1.158s] -- Installing: /home/peony/navigation_ws/install/path_searching/share/path_searching/launch/astar_rviz_map_server.launch.py
[1.158s] -- Up-to-date: /home/peony/navigation_ws/install/path_searching/share/path_searching/launch/astar_debug.launch.py
[1.158s] -- Up-to-date: /home/peony/navigation_ws/install/path_searching/share/path_searching/cfg
[1.158s] -- Up-to-date: /home/peony/navigation_ws/install/path_searching/share/path_searching/cfg/plan_param.yaml
[1.158s] -- Up-to-date: /home/peony/navigation_ws/install/path_searching/share/path_searching/environment/library_path.sh
[1.158s] -- Installing: /home/peony/navigation_ws/install/path_searching/share/path_searching/environment/library_path.dsv
[1.158s] -- Up-to-date: /home/peony/navigation_ws/install/path_searching/share/ament_index/resource_index/package_run_dependencies/path_searching
[1.158s] -- Up-to-date: /home/peony/navigation_ws/install/path_searching/share/ament_index/resource_index/parent_prefix_path/path_searching
[1.158s] -- Up-to-date: /home/peony/navigation_ws/install/path_searching/share/path_searching/environment/ament_prefix_path.sh
[1.158s] -- Installing: /home/peony/navigation_ws/install/path_searching/share/path_searching/environment/ament_prefix_path.dsv
[1.158s] -- Up-to-date: /home/peony/navigation_ws/install/path_searching/share/path_searching/environment/path.sh
[1.159s] -- Installing: /home/peony/navigation_ws/install/path_searching/share/path_searching/environment/path.dsv
[1.159s] -- Up-to-date: /home/peony/navigation_ws/install/path_searching/share/path_searching/local_setup.bash
[1.159s] -- Up-to-date: /home/peony/navigation_ws/install/path_searching/share/path_searching/local_setup.sh
[1.159s] -- Up-to-date: /home/peony/navigation_ws/install/path_searching/share/path_searching/local_setup.zsh
[1.159s] -- Installing: /home/peony/navigation_ws/install/path_searching/share/path_searching/local_setup.dsv
[1.159s] -- Installing: /home/peony/navigation_ws/install/path_searching/share/path_searching/package.dsv
[1.159s] -- Up-to-date: /home/peony/navigation_ws/install/path_searching/share/ament_index/resource_index/packages/path_searching
[1.159s] -- Up-to-date: /home/peony/navigation_ws/install/path_searching/share/path_searching/cmake/ament_cmake_export_include_directories-extras.cmake
[1.159s] -- Up-to-date: /home/peony/navigation_ws/install/path_searching/share/path_searching/cmake/ament_cmake_export_libraries-extras.cmake
[1.159s] -- Up-to-date: /home/peony/navigation_ws/install/path_searching/share/path_searching/cmake/ament_cmake_export_dependencies-extras.cmake
[1.159s] -- Up-to-date: /home/peony/navigation_ws/install/path_searching/share/path_searching/cmake/path_searchingConfig.cmake
[1.159s] -- Up-to-date: /home/peony/navigation_ws/install/path_searching/share/path_searching/cmake/path_searchingConfig-version.cmake
[1.159s] -- Up-to-date: /home/peony/navigation_ws/install/path_searching/share/path_searching/package.xml
[1.160s] Invoked command in '/home/peony/navigation_ws/build/path_searching' returned '0': CMAKE_PREFIX_PATH=${CMAKE_PREFIX_PATH}:/opt/ros/humble /usr/bin/cmake --install /home/peony/navigation_ws/build/path_searching
