[0.007s] Invoking command in '/home/peony/navigation_ws/build/path_following': CMAKE_PREFIX_PATH=/opt/ros/humble /usr/bin/cmake /home/peony/navigation_ws/src/path_following -DCMAKE_INSTALL_PREFIX=/home/peony/navigation_ws/install/path_following
[0.018s] -- Found ament_cmake: 1.3.12 (/opt/ros/humble/share/ament_cmake/cmake)
[0.109s] -- Found rclcpp: 16.0.17 (/opt/ros/humble/share/rclcpp/cmake)
[0.129s] -- Found rosidl_generator_c: 3.1.8 (/opt/ros/humble/share/rosidl_generator_c/cmake)
[0.131s] -- Found rosidl_adapter: 3.1.8 (/opt/ros/humble/share/rosidl_adapter/cmake)
[0.135s] -- Found rosidl_generator_cpp: 3.1.8 (/opt/ros/humble/share/rosidl_generator_cpp/cmake)
[0.142s] -- Using all available rosidl_typesupport_c: rosidl_typesupport_fastrtps_c;rosidl_typesupport_introspection_c
[0.150s] -- Using all available rosidl_typesupport_cpp: rosidl_typesupport_fastrtps_cpp;rosidl_typesupport_introspection_cpp
[0.172s] -- Found rmw_implementation_cmake: 6.1.2 (/opt/ros/humble/share/rmw_implementation_cmake/cmake)
[0.173s] -- Found rmw_fastrtps_cpp: 6.2.9 (/opt/ros/humble/share/rmw_fastrtps_cpp/cmake)
[0.260s] -- Using RMW implementation 'rmw_fastrtps_cpp' as default
[0.293s] -- Found nav_msgs: 4.9.0 (/opt/ros/humble/share/nav_msgs/cmake)
[0.313s] -- Found sensor_msgs: 4.9.0 (/opt/ros/humble/share/sensor_msgs/cmake)
[0.324s] -- Found tf2_ros: 0.25.18 (/opt/ros/humble/share/tf2_ros/cmake)
[0.380s] -- Found tf2_eigen: 0.25.18 (/opt/ros/humble/share/tf2_eigen/cmake)
[0.382s] -- Found tf2_geometry_msgs: 0.25.18 (/opt/ros/humble/share/tf2_geometry_msgs/cmake)
[0.384s] -- Found eigen3_cmake_module: 0.1.1 (/opt/ros/humble/share/eigen3_cmake_module/cmake)
[0.385s] -- Found Eigen3: TRUE (found version "3.4.0") 
[0.385s] -- Ensuring Eigen3 include directory is part of orocos-kdl CMake target
[0.397s] -- Eigen found (include: /usr/include/eigen3, version: 3.4.0)
[0.422s] -- FLANN found (include: /usr/include, lib: /usr/lib/x86_64-linux-gnu/libflann_cpp.so)
[0.530s] -- Found Eigen3: /usr/include/eigen3 (found version "3.4.0") 
[0.598s] -- OpenNI found (version: 1.5.4.0, include: /usr/include/ni, lib: /usr/lib/libOpenNI.so;libusb::libusb)
[0.603s] -- OpenNI2 found (version: 2.2.0.33, include: /usr/include/openni2, lib: /usr/lib/x86_64-linux-gnu/libOpenNI2.so;libusb::libusb)
[0.603s] [0m** WARNING ** io features related to pcap will be disabled[0m
[0.687s] -- Eigen found (include: /usr/include/eigen3, version: 3.4.0)
[0.692s] -- OpenNI found (version: 1.5.4.0, include: /usr/include/ni, lib: /usr/lib/libOpenNI.so;libusb::libusb)
[0.696s] -- OpenNI2 found (version: 2.2.0.33, include: /usr/include/openni2, lib: /usr/lib/x86_64-linux-gnu/libOpenNI2.so;libusb::libusb)
[0.778s] -- Found Qhull version 8.0.2
[0.862s] -- OpenNI found (version: 1.5.4.0, include: /usr/include/ni, lib: /usr/lib/libOpenNI.so;libusb::libusb)
[0.944s] -- looking for PCL_COMMON
[0.944s] -- looking for PCL_KDTREE
[0.945s] -- looking for PCL_OCTREE
[0.945s] -- looking for PCL_SEARCH
[0.945s] -- looking for PCL_SAMPLE_CONSENSUS
[0.945s] -- looking for PCL_FILTERS
[0.945s] -- looking for PCL_2D
[0.945s] -- looking for PCL_GEOMETRY
[0.945s] -- looking for PCL_IO
[0.945s] -- looking for PCL_FEATURES
[0.946s] -- looking for PCL_ML
[0.946s] -- looking for PCL_SEGMENTATION
[0.946s] -- looking for PCL_VISUALIZATION
[0.946s] -- looking for PCL_SURFACE
[0.946s] -- looking for PCL_REGISTRATION
[0.946s] -- looking for PCL_KEYPOINTS
[0.947s] -- looking for PCL_TRACKING
[0.947s] -- looking for PCL_RECOGNITION
[0.947s] -- looking for PCL_STEREO
[0.947s] -- looking for PCL_APPS
[0.947s] -- looking for PCL_IN_HAND_SCANNER
[0.947s] -- looking for PCL_MODELER
[0.948s] -- looking for PCL_POINT_CLOUD_EDITOR
[0.948s] -- looking for PCL_OUTOFCORE
[0.948s] -- looking for PCL_PEOPLE
[0.948s] -- Found pcl_conversions: 2.4.5 (/opt/ros/humble/share/pcl_conversions/cmake)
[0.959s] -- Found pcl_ros: 2.4.5 (/opt/ros/humble/share/pcl_ros/cmake)
[0.964s] -- Found visualization_msgs: 4.9.0 (/opt/ros/humble/share/visualization_msgs/cmake)
[1.021s] -- Configuring done
[1.025s] [31mCMake Error at CMakeLists.txt:30 (add_library):
[1.025s]   Cannot find source file:
[1.025s] 
[1.025s]     src/Astar.cpp
[1.025s] 
[1.025s]   Tried extensions .c .C .c++ .cc .cpp .cxx .cu .mpp .m .M .mm .ixx .cppm .h
[1.025s]   .hh .h++ .hm .hpp .hxx .in .txx .f .F .for .f77 .f90 .f95 .f03 .hip .ispc
[1.025s] 
[1.025s] [0m
[1.027s] [31mCMake Error at CMakeLists.txt:41 (add_executable):
[1.027s]   Cannot find source file:
[1.027s] 
[1.027s]     src/plan_manager.cpp
[1.027s] 
[1.027s]   Tried extensions .c .C .c++ .cc .cpp .cxx .cu .mpp .m .M .mm .ixx .cppm .h
[1.027s]   .hh .h++ .hm .hpp .hxx .in .txx .f .F .for .f77 .f90 .f95 .f03 .hip .ispc
[1.027s] 
[1.027s] [0m
[1.027s] [31mCMake Error at CMakeLists.txt:49 (add_executable):
[1.027s]   Cannot find source file:
[1.027s] 
[1.027s]     src/benchmark_esdf.cpp
[1.027s] 
[1.027s]   Tried extensions .c .C .c++ .cc .cpp .cxx .cu .mpp .m .M .mm .ixx .cppm .h
[1.027s]   .hh .h++ .hm .hpp .hxx .in .txx .f .F .for .f77 .f90 .f95 .f03 .hip .ispc
[1.027s] 
[1.027s] [0m
[1.029s] [31mCMake Error at CMakeLists.txt:30 (add_library):
[1.029s]   No SOURCES given to target: path_following_lib
[1.029s] 
[1.029s] [0m
[1.029s] [31mCMake Error at CMakeLists.txt:41 (add_executable):
[1.029s]   No SOURCES given to target: plan_manager
[1.029s] 
[1.029s] [0m
[1.029s] [31mCMake Error at CMakeLists.txt:49 (add_executable):
[1.029s]   No SOURCES given to target: esdf_benchmark
[1.029s] 
[1.029s] [0m
[1.029s] [0mCMake Generate step failed.  Build files cannot be regenerated correctly.[0m
[1.039s] Invoked command in '/home/peony/navigation_ws/build/path_following' returned '1': CMAKE_PREFIX_PATH=/opt/ros/humble /usr/bin/cmake /home/peony/navigation_ws/src/path_following -DCMAKE_INSTALL_PREFIX=/home/peony/navigation_ws/install/path_following
