[0.009s] Invoking command in '/home/peony/navigation_ws/build/path_searching': CMAKE_PREFIX_PATH=${CMAKE_PREFIX_PATH}:/opt/ros/humble /usr/bin/cmake --build /home/peony/navigation_ws/build/path_searching -- -j32 -l32
[0.062s] [ 12%] [32mBuilding CXX object CMakeFiles/path_searching_lib.dir/src/esdf_map.cpp.o[0m
[0.938s] [ 25%] [32m[1mLinking CXX static library libpath_searching_lib.a[0m
[1.015s] [ 50%] Built target path_searching_lib
[1.026s] [35m[1mConsolidate compiler generated dependencies of target plan_manager[0m
[1.031s] [ 62%] [32m[1mLinking CXX executable esdf_benchmark[0m
[1.049s] [ 75%] [32mBuilding CXX object CMakeFiles/plan_manager.dir/src/plan_manager.cpp.o[0m
[6.140s] [ 87%] Built target esdf_benchmark
[11.175s] [100%] [32m[1mLinking CXX executable plan_manager[0m
[12.248s] [100%] Built target plan_manager
[12.260s] Invoked command in '/home/peony/navigation_ws/build/path_searching' returned '0': CMAKE_PREFIX_PATH=${CMAKE_PREFIX_PATH}:/opt/ros/humble /usr/bin/cmake --build /home/peony/navigation_ws/build/path_searching -- -j32 -l32
[12.261s] Invoking command in '/home/peony/navigation_ws/build/path_searching': CMAKE_PREFIX_PATH=${CMAKE_PREFIX_PATH}:/opt/ros/humble /usr/bin/cmake --install /home/peony/navigation_ws/build/path_searching
[12.266s] -- Install configuration: ""
[12.266s] -- Installing: /home/peony/navigation_ws/install/path_searching/lib/path_searching/plan_manager
[12.274s] -- Set runtime path of "/home/peony/navigation_ws/install/path_searching/lib/path_searching/plan_manager" to ""
[12.274s] -- Installing: /home/peony/navigation_ws/install/path_searching/lib/path_searching/esdf_benchmark
[12.274s] -- Set runtime path of "/home/peony/navigation_ws/install/path_searching/lib/path_searching/esdf_benchmark" to ""
[12.274s] -- Installing: /home/peony/navigation_ws/install/path_searching/lib/libpath_searching_lib.a
[12.280s] -- Up-to-date: /home/peony/navigation_ws/install/path_searching/include
[12.280s] -- Up-to-date: /home/peony/navigation_ws/install/path_searching/include/ulitys.h
[12.280s] -- Up-to-date: /home/peony/navigation_ws/install/path_searching/include/esdf_map.h
[12.280s] -- Up-to-date: /home/peony/navigation_ws/install/path_searching/include/Astar.h
[12.280s] -- Up-to-date: /home/peony/navigation_ws/install/path_searching/include/cubic_spline
[12.280s] -- Up-to-date: /home/peony/navigation_ws/install/path_searching/include/cubic_spline/cubic_spline_ros.h
[12.280s] -- Up-to-date: /home/peony/navigation_ws/install/path_searching/include/cubic_spline/cubic_spline.h
[12.280s] -- Up-to-date: /home/peony/navigation_ws/install/path_searching/include/cubic_spline/cpprobotics_types.h
[12.280s] -- Up-to-date: /home/peony/navigation_ws/install/path_searching/include/smoother.h
[12.280s] -- Up-to-date: /home/peony/navigation_ws/install/path_searching/share/path_searching/launch
[12.280s] -- Up-to-date: /home/peony/navigation_ws/install/path_searching/share/path_searching/launch/astar.launch.py
[12.281s] -- Up-to-date: /home/peony/navigation_ws/install/path_searching/share/path_searching/launch/voronoi_astar.launch.py
[12.281s] -- Up-to-date: /home/peony/navigation_ws/install/path_searching/share/path_searching/launch/astar_rviz_map_server.launch.py
[12.281s] -- Up-to-date: /home/peony/navigation_ws/install/path_searching/share/path_searching/launch/debug_astar.launch.py
[12.281s] -- Up-to-date: /home/peony/navigation_ws/install/path_searching/share/path_searching/cfg
[12.281s] -- Up-to-date: /home/peony/navigation_ws/install/path_searching/share/path_searching/cfg/plan_param.yaml
[12.281s] -- Up-to-date: /home/peony/navigation_ws/install/path_searching/share/path_searching/environment/library_path.sh
[12.281s] -- Up-to-date: /home/peony/navigation_ws/install/path_searching/share/path_searching/environment/library_path.dsv
[12.281s] -- Up-to-date: /home/peony/navigation_ws/install/path_searching/share/ament_index/resource_index/package_run_dependencies/path_searching
[12.281s] -- Up-to-date: /home/peony/navigation_ws/install/path_searching/share/ament_index/resource_index/parent_prefix_path/path_searching
[12.281s] -- Up-to-date: /home/peony/navigation_ws/install/path_searching/share/path_searching/environment/ament_prefix_path.sh
[12.281s] -- Up-to-date: /home/peony/navigation_ws/install/path_searching/share/path_searching/environment/ament_prefix_path.dsv
[12.281s] -- Up-to-date: /home/peony/navigation_ws/install/path_searching/share/path_searching/environment/path.sh
[12.281s] -- Up-to-date: /home/peony/navigation_ws/install/path_searching/share/path_searching/environment/path.dsv
[12.281s] -- Up-to-date: /home/peony/navigation_ws/install/path_searching/share/path_searching/local_setup.bash
[12.281s] -- Up-to-date: /home/peony/navigation_ws/install/path_searching/share/path_searching/local_setup.sh
[12.281s] -- Up-to-date: /home/peony/navigation_ws/install/path_searching/share/path_searching/local_setup.zsh
[12.281s] -- Up-to-date: /home/peony/navigation_ws/install/path_searching/share/path_searching/local_setup.dsv
[12.281s] -- Installing: /home/peony/navigation_ws/install/path_searching/share/path_searching/package.dsv
[12.281s] -- Up-to-date: /home/peony/navigation_ws/install/path_searching/share/ament_index/resource_index/packages/path_searching
[12.281s] -- Up-to-date: /home/peony/navigation_ws/install/path_searching/share/path_searching/cmake/ament_cmake_export_include_directories-extras.cmake
[12.281s] -- Up-to-date: /home/peony/navigation_ws/install/path_searching/share/path_searching/cmake/ament_cmake_export_libraries-extras.cmake
[12.281s] -- Up-to-date: /home/peony/navigation_ws/install/path_searching/share/path_searching/cmake/ament_cmake_export_dependencies-extras.cmake
[12.281s] -- Up-to-date: /home/peony/navigation_ws/install/path_searching/share/path_searching/cmake/path_searchingConfig.cmake
[12.281s] -- Up-to-date: /home/peony/navigation_ws/install/path_searching/share/path_searching/cmake/path_searchingConfig-version.cmake
[12.281s] -- Up-to-date: /home/peony/navigation_ws/install/path_searching/share/path_searching/package.xml
[12.282s] Invoked command in '/home/peony/navigation_ws/build/path_searching' returned '0': CMAKE_PREFIX_PATH=${CMAKE_PREFIX_PATH}:/opt/ros/humble /usr/bin/cmake --install /home/peony/navigation_ws/build/path_searching
