[0.011s] Invoking command in '/home/peony/navigation_ws/build/vel_forwarder': CMAKE_PREFIX_PATH=/opt/ros/humble /usr/bin/cmake /home/peony/navigation_ws/src/vel_forwarder -DCMAKE_INSTALL_PREFIX=/home/peony/navigation_ws/install/vel_forwarder
[0.050s] -- The C compiler identification is GNU 11.4.0
[0.086s] -- The CXX compiler identification is GNU 11.4.0
[0.090s] -- Detecting C compiler ABI info
[0.133s] -- Detecting C compiler ABI info - done
[0.137s] -- Check for working C compiler: /usr/bin/cc - skipped
[0.137s] -- Detecting C compile features
[0.137s] -- Detecting C compile features - done
[0.139s] -- Detecting CXX compiler ABI info
[0.187s] -- Detecting CXX compiler ABI info - done
[0.190s] -- Check for working CXX compiler: /usr/bin/c++ - skipped
[0.191s] -- Detecting CXX compile features
[0.191s] -- Detecting CXX compile features - done
[0.193s] -- Found ament_cmake: 1.3.13 (/opt/ros/humble/share/ament_cmake/cmake)
[0.276s] -- Found Python3: /usr/bin/python3 (found version "3.10.12") found components: Interpreter 
[0.324s] -- Found rclcpp: 16.0.18 (/opt/ros/humble/share/rclcpp/cmake)
[0.350s] -- Found rosidl_generator_c: 3.1.8 (/opt/ros/humble/share/rosidl_generator_c/cmake)
[0.352s] -- Found rosidl_adapter: 3.1.8 (/opt/ros/humble/share/rosidl_adapter/cmake)
[0.357s] -- Found rosidl_generator_cpp: 3.1.8 (/opt/ros/humble/share/rosidl_generator_cpp/cmake)
[0.363s] -- Using all available rosidl_typesupport_c: rosidl_typesupport_fastrtps_c;rosidl_typesupport_introspection_c
[0.372s] -- Using all available rosidl_typesupport_cpp: rosidl_typesupport_fastrtps_cpp;rosidl_typesupport_introspection_cpp
[0.394s] -- Found rmw_implementation_cmake: 6.1.2 (/opt/ros/humble/share/rmw_implementation_cmake/cmake)
[0.395s] -- Found rmw_fastrtps_cpp: 6.2.10 (/opt/ros/humble/share/rmw_fastrtps_cpp/cmake)
[0.457s] -- Found OpenSSL: /usr/lib/x86_64-linux-gnu/libcrypto.so (found version "3.0.2")  
[0.475s] -- Found FastRTPS: /opt/ros/humble/include  
[0.501s] -- Using RMW implementation 'rmw_fastrtps_cpp' as default
[0.506s] -- Looking for pthread.h
[0.552s] -- Looking for pthread.h - found
[0.552s] -- Performing Test CMAKE_HAVE_LIBC_PTHREAD
[0.599s] -- Performing Test CMAKE_HAVE_LIBC_PTHREAD - Success
[0.599s] -- Found Threads: TRUE  
[0.626s] -- Found geometry_msgs: 4.9.1 (/opt/ros/humble/share/geometry_msgs/cmake)
[0.633s] -- Found rosidl_default_generators: 1.2.0 (/opt/ros/humble/share/rosidl_default_generators/cmake)
[0.752s] [31mCMake Error at /opt/ros/humble/share/rosidl_cmake/cmake/rosidl_generate_interfaces.cmake:229 (message):
[0.752s]   Packages installing interfaces must include
[0.753s]   '<member_of_group>rosidl_interface_packages</member_of_group>' in their
[0.753s]   package.xml
[0.753s] Call Stack (most recent call first):
[0.753s]   CMakeLists.txt:15 (rosidl_generate_interfaces)
[0.753s] 
[0.753s] [0m
[0.753s] -- Configuring incomplete, errors occurred!
[0.753s] See also "/home/peony/navigation_ws/build/vel_forwarder/CMakeFiles/CMakeOutput.log".
[0.761s] Invoked command in '/home/peony/navigation_ws/build/vel_forwarder' returned '1': CMAKE_PREFIX_PATH=/opt/ros/humble /usr/bin/cmake /home/peony/navigation_ws/src/vel_forwarder -DCMAKE_INSTALL_PREFIX=/home/peony/navigation_ws/install/vel_forwarder
