In file included from [01m[K/home/peony/navigation_ws/src/path_following/src/TrajFollower.cpp:1[m[K:
[01m[K/home/peony/navigation_ws/src/path_following/include/TrajFollower.h:16:18:[m[K [01;31m[Kerror: [m[K‘[01m[Kros[m[K’ has not been declared
   16 |     TrajFollower([01;31m[Kros[m[K::NodeHandle &nh, double P, double I, double D, double speed_ratio = 0.9) : Kp(P), Ki(I), Kd(D), speed_ratio(speed_ratio)
      |                  [01;31m[K^~~[m[K
[01m[K/home/peony/navigation_ws/src/path_following/include/TrajFollower.h:16:33:[m[K [01;31m[Kerror: [m[Kexpected ‘[01m[K)[m[K’ before ‘[01m[K&[m[K’ token
   16 |     TrajFollower[34m[K([m[Kros::NodeHandle[01;31m[K [m[K[32m[K&[m[Knh, double P, double I, double D, double speed_ratio = 0.9) : Kp(P), Ki(I), Kd(D), speed_ratio(speed_ratio)
      |                 [34m[K~[m[K               [01;31m[K^[m[K[32m[K~[m[K
      |                                 [32m[K)[m[K
In file included from [01m[K/home/peony/navigation_ws/src/path_following/src/TrajFollower.cpp:1[m[K:
[01m[K/home/peony/navigation_ws/src/path_following/include/TrajFollower.h:29:24:[m[K [01;31m[Kerror: [m[K‘[01m[Kros[m[K’ does not name a type
   29 |     void manager(const [01;31m[Kros[m[K::TimerEvent &event);
      |                        [01;31m[K^~~[m[K
[01m[K/home/peony/navigation_ws/src/path_following/include/TrajFollower.h:29:40:[m[K [01;31m[Kerror: [m[Kexpected unqualified-id before ‘[01m[K&[m[K’ token
   29 |     void manager(const ros::TimerEvent [01;31m[K&[m[Kevent);
      |                                        [01;31m[K^[m[K
[01m[K/home/peony/navigation_ws/src/path_following/include/TrajFollower.h:29:39:[m[K [01;31m[Kerror: [m[Kexpected ‘[01m[K)[m[K’ before ‘[01m[K&[m[K’ token
   29 |     void manager[34m[K([m[Kconst ros::TimerEvent[01;31m[K [m[K[32m[K&[m[Kevent);
      |                 [34m[K~[m[K                     [01;31m[K^[m[K[32m[K~[m[K
      |                                       [32m[K)[m[K
[01m[K/home/peony/navigation_ws/src/path_following/include/TrajFollower.h:29:40:[m[K [01;31m[Kerror: [m[Kexpected ‘[01m[K;[m[K’ at end of member declaration
   29 |     void manager(const ros::TimerEvent [01;31m[K&[m[Kevent);
      |                                        [01;31m[K^[m[K
      |                                         [32m[K;[m[K
[01m[K/home/peony/navigation_ws/src/path_following/include/TrajFollower.h:29:41:[m[K [01;31m[Kerror: [m[K‘[01m[Kevent[m[K’ does not name a type
   29 |     void manager(const ros::TimerEvent &[01;31m[Kevent[m[K);
      |                                         [01;31m[K^~~~~[m[K
In file included from [01m[K/home/peony/navigation_ws/src/path_following/src/main.cpp:2[m[K:
[01m[K/home/peony/navigation_ws/src/path_following/include/TrajFollower.h:16:18:[m[K [01;31m[Kerror: [m[K‘[01m[Kros[m[K’ has not been declared
   16 |     TrajFollower([01;31m[Kros[m[K::NodeHandle &nh, double P, double I, double D, double speed_ratio = 0.9) : Kp(P), Ki(I), Kd(D), speed_ratio(speed_ratio)
      |                  [01;31m[K^~~[m[K
[01m[K/home/peony/navigation_ws/src/path_following/include/TrajFollower.h:16:33:[m[K [01;31m[Kerror: [m[Kexpected ‘[01m[K)[m[K’ before ‘[01m[K&[m[K’ token
   16 |     TrajFollower[34m[K([m[Kros::NodeHandle[01;31m[K [m[K[32m[K&[m[Knh, double P, double I, double D, double speed_ratio = 0.9) : Kp(P), Ki(I), Kd(D), speed_ratio(speed_ratio)
      |                 [34m[K~[m[K               [01;31m[K^[m[K[32m[K~[m[K
      |                                 [32m[K)[m[K
In file included from [01m[K/home/peony/navigation_ws/src/path_following/src/main.cpp:2[m[K:
[01m[K/home/peony/navigation_ws/src/path_following/include/TrajFollower.h:29:24:[m[K [01;31m[Kerror: [m[K‘[01m[Kros[m[K’ does not name a type
   29 |     void manager(const [01;31m[Kros[m[K::TimerEvent &event);
      |                        [01;31m[K^~~[m[K
[01m[K/home/peony/navigation_ws/src/path_following/include/TrajFollower.h:29:40:[m[K [01;31m[Kerror: [m[Kexpected unqualified-id before ‘[01m[K&[m[K’ token
   29 |     void manager(const ros::TimerEvent [01;31m[K&[m[Kevent);
      |                                        [01;31m[K^[m[K
[01m[K/home/peony/navigation_ws/src/path_following/include/TrajFollower.h:29:39:[m[K [01;31m[Kerror: [m[Kexpected ‘[01m[K)[m[K’ before ‘[01m[K&[m[K’ token
   29 |     void manager[34m[K([m[Kconst ros::TimerEvent[01;31m[K [m[K[32m[K&[m[Kevent);
      |                 [34m[K~[m[K                     [01;31m[K^[m[K[32m[K~[m[K
      |                                       [32m[K)[m[K
[01m[K/home/peony/navigation_ws/src/path_following/include/TrajFollower.h:29:40:[m[K [01;31m[Kerror: [m[Kexpected ‘[01m[K;[m[K’ at end of member declaration
   29 |     void manager(const ros::TimerEvent [01;31m[K&[m[Kevent);
      |                                        [01;31m[K^[m[K
      |                                         [32m[K;[m[K
[01m[K/home/peony/navigation_ws/src/path_following/include/TrajFollower.h:29:41:[m[K [01;31m[Kerror: [m[K‘[01m[Kevent[m[K’ does not name a type
   29 |     void manager(const ros::TimerEvent &[01;31m[Kevent[m[K);
      |                                         [01;31m[K^~~~~[m[K
[01m[K/home/peony/navigation_ws/src/path_following/include/TrajFollower.h:51:5:[m[K [01;31m[Kerror: [m[K‘[01m[Kros[m[K’ does not name a type
   51 |     [01;31m[Kros[m[K::Publisher cmd_pub;
      |     [01;31m[K^~~[m[K
[01m[K/home/peony/navigation_ws/src/path_following/include/TrajFollower.h:52:5:[m[K [01;31m[Kerror: [m[K‘[01m[Kros[m[K’ does not name a type
   52 |     [01;31m[Kros[m[K::Timer plan_timer;
      |     [01;31m[K^~~[m[K
[01m[K/home/peony/navigation_ws/src/path_following/include/TrajFollower.h:53:5:[m[K [01;31m[Kerror: [m[K‘[01m[Kros[m[K’ does not name a type
   53 |     [01;31m[Kros[m[K::Subscriber global_path_sub;
      |     [01;31m[K^~~[m[K
[01m[K/home/peony/navigation_ws/src/path_following/include/TrajFollower.h:54:21:[m[K [01;31m[Kerror: [m[K‘[01m[Ktf[m[K’ was not declared in this scope; did you mean ‘[01m[Ktm[m[K’?
   54 |     std::shared_ptr<[01;31m[Ktf[m[K::TransformListener> tf_listener;
      |                     [01;31m[K^~[m[K
      |                     [32m[Ktm[m[K
[01m[K/home/peony/navigation_ws/src/path_following/include/TrajFollower.h:54:42:[m[K [01;31m[Kerror: [m[Ktemplate argument 1 is invalid
   54 |     std::shared_ptr<tf::TransformListener[01;31m[K>[m[K tf_listener;
      |                                          [01;31m[K^[m[K
[01m[K/home/peony/navigation_ws/src/path_following/include/TrajFollower.h:55:30:[m[K [01;31m[Kerror: [m[K‘[01m[KBuffer[m[K’ is not a member of ‘[01m[Ktf2_ros[m[K’
   55 |     std::unique_ptr<tf2_ros::[01;31m[KBuffer[m[K> tf_buffer_;
      |                              [01;31m[K^~~~~~[m[K
[01m[K/home/peony/navigation_ws/src/path_following/include/TrajFollower.h:55:36:[m[K [01;31m[Kerror: [m[Ktemplate argument 1 is invalid
   55 |     std::unique_ptr<tf2_ros::Buffer[01;31m[K>[m[K tf_buffer_;
      |                                    [01;31m[K^[m[K
[01m[K/home/peony/navigation_ws/src/path_following/include/TrajFollower.h:55:36:[m[K [01;31m[Kerror: [m[Ktemplate argument 2 is invalid
[01m[K/home/peony/navigation_ws/src/path_following/include/TrajFollower.h:56:30:[m[K [01;31m[Kerror: [m[K‘[01m[KTransformListener[m[K’ is not a member of ‘[01m[Ktf2_ros[m[K’
   56 |     std::shared_ptr<tf2_ros::[01;31m[KTransformListener[m[K> transform_listener_;
      |                              [01;31m[K^~~~~~~~~~~~~~~~~[m[K
[01m[K/home/peony/navigation_ws/src/path_following/include/TrajFollower.h:56:47:[m[K [01;31m[Kerror: [m[Ktemplate argument 1 is invalid
   56 |     std::shared_ptr<tf2_ros::TransformListener[01;31m[K>[m[K transform_listener_;
      |                                               [01;31m[K^[m[K
[01m[K/home/peony/navigation_ws/src/path_following/src/TrajFollower.cpp:4:34:[m[K [01;31m[Kerror: [m[K‘[01m[Kros[m[K’ does not name a type
    4 | void TrajFollower::manager(const [01;31m[Kros[m[K::TimerEvent &event)
      |                                  [01;31m[K^~~[m[K
[01m[K/home/peony/navigation_ws/src/path_following/src/TrajFollower.cpp:4:50:[m[K [01;31m[Kerror: [m[Kexpected unqualified-id before ‘[01m[K&[m[K’ token
    4 | void TrajFollower::manager(const ros::TimerEvent [01;31m[K&[m[Kevent)
      |                                                  [01;31m[K^[m[K
[01m[K/home/peony/navigation_ws/src/path_following/src/TrajFollower.cpp:4:49:[m[K [01;31m[Kerror: [m[Kexpected ‘[01m[K)[m[K’ before ‘[01m[K&[m[K’ token
    4 | void TrajFollower::manager[34m[K([m[Kconst ros::TimerEvent[01;31m[K [m[K[32m[K&[m[Kevent)
      |                           [34m[K~[m[K                     [01;31m[K^[m[K[32m[K~[m[K
      |                                                 [32m[K)[m[K
[01m[K/home/peony/navigation_ws/src/path_following/src/TrajFollower.cpp:4:51:[m[K [01;31m[Kerror: [m[Kexpected initializer before ‘[01m[Kevent[m[K’
    4 | void TrajFollower::manager(const ros::TimerEvent &[01;31m[Kevent[m[K)
      |                                                   [01;31m[K^~~~~[m[K
[01m[K/home/peony/navigation_ws/src/path_following/include/TrajFollower.h:51:5:[m[K [01;31m[Kerror: [m[K‘[01m[Kros[m[K’ does not name a type
   51 |     [01;31m[Kros[m[K::Publisher cmd_pub;
      |     [01;31m[K^~~[m[K
[01m[K/home/peony/navigation_ws/src/path_following/src/TrajFollower.cpp:[m[K In member function ‘[01m[Kbool TrajFollower::get_transform()[m[K’:
[01m[K/home/peony/navigation_ws/src/path_following/src/TrajFollower.cpp:17:20:[m[K [01;31m[Kerror: [m[K‘[01m[KTransformStamped[m[K’ is not a member of ‘[01m[Kgeometry_msgs[m[K’; did you mean ‘[01m[Kgeometry_msgs::msg::TransformStamped[m[K’?
   17 |     geometry_msgs::[01;31m[KTransformStamped[m[K robot_global_pose =
      |                    [01;31m[K^~~~~~~~~~~~~~~~[m[K
In file included from [01m[K/opt/ros/humble/include/geometry_msgs/geometry_msgs/msg/transform_stamped.hpp:7[m[K,
                 from [01m[K/opt/ros/humble/include/tf2_geometry_msgs/tf2_geometry_msgs/tf2_geometry_msgs.hpp:41[m[K,
                 from [01m[K/home/peony/navigation_ws/src/path_following/include/TrajFollower.h:9[m[K,
                 from [01m[K/home/peony/navigation_ws/src/path_following/src/TrajFollower.cpp:1[m[K:
[01m[K/opt/ros/humble/include/geometry_msgs/geometry_msgs/msg/detail/transform_stamped__struct.hpp:157:7:[m[K [01;36m[Knote: [m[K‘[01m[Kgeometry_msgs::msg::TransformStamped[m[K’ declared here
  157 | using [01;36m[KTransformStamped[m[K =
      |       [01;36m[K^~~~~~~~~~~~~~~~[m[K
[01m[K/home/peony/navigation_ws/src/path_following/include/TrajFollower.h:52:5:[m[K [01;31m[Kerror: [m[K‘[01m[Kros[m[K’ does not name a type
   52 |     [01;31m[Kros[m[K::Timer plan_timer;
      |     [01;31m[K^~~[m[K
[01m[K/home/peony/navigation_ws/src/path_following/include/TrajFollower.h:53:5:[m[K [01;31m[Kerror: [m[K‘[01m[Kros[m[K’ does not name a type
   53 |     [01;31m[Kros[m[K::Subscriber global_path_sub;
      |     [01;31m[K^~~[m[K
[01m[K/home/peony/navigation_ws/src/path_following/include/TrajFollower.h:54:21:[m[K [01;31m[Kerror: [m[K‘[01m[Ktf[m[K’ was not declared in this scope; did you mean ‘[01m[Ktm[m[K’?
   54 |     std::shared_ptr<[01;31m[Ktf[m[K::TransformListener> tf_listener;
      |                     [01;31m[K^~[m[K
      |                     [32m[Ktm[m[K
[01m[K/home/peony/navigation_ws/src/path_following/include/TrajFollower.h:54:42:[m[K [01;31m[Kerror: [m[Ktemplate argument 1 is invalid
   54 |     std::shared_ptr<tf::TransformListener[01;31m[K>[m[K tf_listener;
      |                                          [01;31m[K^[m[K
[01m[K/home/peony/navigation_ws/src/path_following/include/TrajFollower.h:55:30:[m[K [01;31m[Kerror: [m[K‘[01m[KBuffer[m[K’ is not a member of ‘[01m[Ktf2_ros[m[K’
   55 |     std::unique_ptr<tf2_ros::[01;31m[KBuffer[m[K> tf_buffer_;
      |                              [01;31m[K^~~~~~[m[K
[01m[K/home/peony/navigation_ws/src/path_following/include/TrajFollower.h:55:36:[m[K [01;31m[Kerror: [m[Ktemplate argument 1 is invalid
   55 |     std::unique_ptr<tf2_ros::Buffer[01;31m[K>[m[K tf_buffer_;
      |                                    [01;31m[K^[m[K
[01m[K/home/peony/navigation_ws/src/path_following/include/TrajFollower.h:55:36:[m[K [01;31m[Kerror: [m[Ktemplate argument 2 is invalid
[01m[K/home/peony/navigation_ws/src/path_following/include/TrajFollower.h:56:30:[m[K [01;31m[Kerror: [m[K‘[01m[KTransformListener[m[K’ is not a member of ‘[01m[Ktf2_ros[m[K’
   56 |     std::shared_ptr<tf2_ros::[01;31m[KTransformListener[m[K> transform_listener_;
      |                              [01;31m[K^~~~~~~~~~~~~~~~~[m[K
[01m[K/home/peony/navigation_ws/src/path_following/include/TrajFollower.h:56:47:[m[K [01;31m[Kerror: [m[Ktemplate argument 1 is invalid
   56 |     std::shared_ptr<tf2_ros::TransformListener[01;31m[K>[m[K transform_listener_;
      |                                               [01;31m[K^[m[K
[01m[K/home/peony/navigation_ws/src/path_following/src/main.cpp:[m[K In function ‘[01m[Kint main(int, char**)[m[K’:
[01m[K/home/peony/navigation_ws/src/path_following/src/main.cpp:41:56:[m[K [01;31m[Kerror: [m[Kno matching function for call to ‘[01m[KTrajFollower::TrajFollower(std::__shared_ptr_access<rclcpp::Node, __gnu_cxx::_S_atomic, false, false>::element_type&, double&, double&, double&, double&)[m[K’
   41 |     TrajFollower follower1(*nh, Kp, Ki, Kd, speed_ratio[01;31m[K)[m[K;
      |                                                        [01;31m[K^[m[K
In file included from [01m[K/home/peony/navigation_ws/src/path_following/src/main.cpp:2[m[K:
[01m[K/home/peony/navigation_ws/src/path_following/include/TrajFollower.h:13:7:[m[K [01;36m[Knote: [m[Kcandidate: ‘[01m[KTrajFollower::TrajFollower()[m[K’
   13 | class [01;36m[KTrajFollower[m[K
      |       [01;36m[K^~~~~~~~~~~~[m[K
[01m[K/home/peony/navigation_ws/src/path_following/include/TrajFollower.h:13:7:[m[K [01;36m[Knote: [m[K  candidate expects 0 arguments, 5 provided
[01m[K/home/peony/navigation_ws/src/path_following/include/TrajFollower.h:13:7:[m[K [01;36m[Knote: [m[Kcandidate: ‘[01m[KTrajFollower::TrajFollower(const TrajFollower&)[m[K’
[01m[K/home/peony/navigation_ws/src/path_following/include/TrajFollower.h:13:7:[m[K [01;36m[Knote: [m[K  candidate expects 1 argument, 5 provided
[01m[K/home/peony/navigation_ws/src/path_following/src/TrajFollower.cpp:22:26:[m[K [01;31m[Kerror: [m[K‘[01m[Krobot_global_pose[m[K’ was not declared in this scope
   22 |     map2baselink(0, 3) = [01;31m[Krobot_global_pose[m[K.transform.translation.x;
      |                          [01;31m[K^~~~~~~~~~~~~~~~~[m[K
[01m[K/home/peony/navigation_ws/src/path_following/src/TrajFollower.cpp:[m[K In member function ‘[01m[Kvoid TrajFollower::pub_cmd()[m[K’:
[01m[K/home/peony/navigation_ws/src/path_following/src/TrajFollower.cpp:54:20:[m[K [01;31m[Kerror: [m[K‘[01m[KTwist[m[K’ is not a member of ‘[01m[Kgeometry_msgs[m[K’
   54 |     geometry_msgs::[01;31m[KTwist[m[K cmd_vel;
      |                    [01;31m[K^~~~~[m[K
[01m[K/home/peony/navigation_ws/src/path_following/src/TrajFollower.cpp:54:20:[m[K [01;36m[Knote: [m[Ksuggested alternatives:
In file included from [01m[K/opt/ros/humble/include/tf2_geometry_msgs/tf2_geometry_msgs/tf2_geometry_msgs.hpp:54[m[K,
                 from [01m[K/home/peony/navigation_ws/src/path_following/include/TrajFollower.h:9[m[K,
                 from [01m[K/home/peony/navigation_ws/src/path_following/src/TrajFollower.cpp:1[m[K:
[01m[K/usr/include/kdl/frames.hpp:720:7:[m[K [01;36m[Knote: [m[K  ‘[01m[KKDL::Twist[m[K’
  720 | class [01;36m[KTwist[m[K {
      |       [01;36m[K^~~~~[m[K
In file included from [01m[K/opt/ros/humble/include/geometry_msgs/geometry_msgs/msg/detail/twist_with_covariance__struct.hpp:21[m[K,
                 from [01m[K/opt/ros/humble/include/nav_msgs/nav_msgs/msg/detail/odometry__struct.hpp:25[m[K,
                 from [01m[K/opt/ros/humble/include/nav_msgs/nav_msgs/msg/odometry.hpp:7[m[K,
                 from [01m[K/home/peony/navigation_ws/src/path_following/include/TrajFollower.h:8[m[K,
                 from [01m[K/home/peony/navigation_ws/src/path_following/src/TrajFollower.cpp:1[m[K:
[01m[K/opt/ros/humble/include/geometry_msgs/geometry_msgs/msg/detail/twist__struct.hpp:135:7:[m[K [01;36m[Knote: [m[K  ‘[01m[Kgeometry_msgs::msg::Twist[m[K’
  135 | using [01;36m[KTwist[m[K =
      |       [01;36m[K^~~~~[m[K
[01m[K/home/peony/navigation_ws/src/path_following/src/TrajFollower.cpp:56:5:[m[K [01;31m[Kerror: [m[K‘[01m[Kcmd_vel[m[K’ was not declared in this scope
   56 |     [01;31m[Kcmd_vel[m[K.angular.z = 0;
      |     [01;31m[K^~~~~~~[m[K
[01m[K/home/peony/navigation_ws/src/path_following/src/TrajFollower.cpp:60:5:[m[K [01;31m[Kerror: [m[K‘[01m[Kcmd_pub[m[K’ was not declared in this scope
   60 |     [01;31m[Kcmd_pub[m[K.publish(cmd_vel);
      |     [01;31m[K^~~~~~~[m[K
[01m[K/home/peony/navigation_ws/src/path_following/src/TrajFollower.cpp:[m[K At global scope:
[01m[K/home/peony/navigation_ws/src/path_following/src/TrajFollower.cpp:139:57:[m[K [01;31m[Kerror: [m[K‘[01m[KPathConstPtr[m[K’ in namespace ‘[01m[Knav_msgs[m[K’ does not name a type
  139 | void TrajFollower::global_path_callback(const nav_msgs::[01;31m[KPathConstPtr[m[K &msg)
      |                                                         [01;31m[K^~~~~~~~~~~~[m[K
[01m[K/home/peony/navigation_ws/src/path_following/src/TrajFollower.cpp:139:6:[m[K [01;31m[Kerror: [m[Kno declaration matches ‘[01m[Kvoid TrajFollower::global_path_callback(const int&)[m[K’
  139 | void [01;31m[KTrajFollower[m[K::global_path_callback(const nav_msgs::PathConstPtr &msg)
      |      [01;31m[K^~~~~~~~~~~~[m[K
In file included from [01m[K/home/peony/navigation_ws/src/path_following/src/TrajFollower.cpp:1[m[K:
[01m[K/home/peony/navigation_ws/src/path_following/include/TrajFollower.h:35:10:[m[K [01;36m[Knote: [m[Kcandidate is: ‘[01m[Kvoid TrajFollower::global_path_callback(const ConstSharedPtr&)[m[K’
   35 |     void [01;36m[Kglobal_path_callback[m[K(const nav_msgs::msg::Path::ConstSharedPtr &msg);
      |          [01;36m[K^~~~~~~~~~~~~~~~~~~~[m[K
In file included from [01m[K/home/peony/navigation_ws/src/path_following/src/TrajFollower.cpp:1[m[K:
[01m[K/home/peony/navigation_ws/src/path_following/include/TrajFollower.h:13:7:[m[K [01;36m[Knote: [m[K‘[01m[Kclass TrajFollower[m[K’ defined here
   13 | class [01;36m[KTrajFollower[m[K
      |       [01;36m[K^~~~~~~~~~~~[m[K
gmake[2]: *** [CMakeFiles/pid_follower.dir/build.make:76：CMakeFiles/pid_follower.dir/src/main.cpp.o] 错误 1
gmake[2]: *** 正在等待未完成的任务....
gmake[2]: *** [CMakeFiles/pid_follower.dir/build.make:90：CMakeFiles/pid_follower.dir/src/TrajFollower.cpp.o] 错误 1
gmake[1]: *** [CMakeFiles/Makefile2:137：CMakeFiles/pid_follower.dir/all] 错误 2
gmake: *** [Makefile:146：all] 错误 2
