-- Found ament_cmake: 1.3.13 (/opt/ros/humble/share/ament_cmake/cmake)
-- Found rclcpp: 16.0.18 (/opt/ros/humble/share/rclcpp/cmake)
-- Found rosidl_generator_c: 3.1.8 (/opt/ros/humble/share/rosidl_generator_c/cmake)
-- Found rosidl_adapter: 3.1.8 (/opt/ros/humble/share/rosidl_adapter/cmake)
-- Found rosidl_generator_cpp: 3.1.8 (/opt/ros/humble/share/rosidl_generator_cpp/cmake)
-- Using all available rosidl_typesupport_c: rosidl_typesupport_fastrtps_c;rosidl_typesupport_introspection_c
-- Using all available rosidl_typesupport_cpp: rosidl_typesupport_fastrtps_cpp;rosidl_typesupport_introspection_cpp
-- Found rmw_implementation_cmake: 6.1.2 (/opt/ros/humble/share/rmw_implementation_cmake/cmake)
-- Found rmw_fastrtps_cpp: 6.2.10 (/opt/ros/humble/share/rmw_fastrtps_cpp/cmake)
-- Using RMW implementation 'rmw_fastrtps_cpp' as default
-- Found geometry_msgs: 4.9.1 (/opt/ros/humble/share/geometry_msgs/cmake)
-- Found rosidl_default_generators: 1.2.0 (/opt/ros/humble/share/rosidl_default_generators/cmake)
-- Found ament_cmake_ros: 0.10.0 (/opt/ros/humble/share/ament_cmake_ros/cmake)
-- Using all available rosidl_typesupport_c: rosidl_typesupport_fastrtps_c;rosidl_typesupport_introspection_c
-- Using all available rosidl_typesupport_cpp: rosidl_typesupport_fastrtps_cpp;rosidl_typesupport_introspection_cpp
-- Found PythonInterp: /usr/bin/python3 (found suitable version "3.10.12", minimum required is "3.6") 
-- Found python_cmake_module: 0.10.0 (/opt/ros/humble/share/python_cmake_module/cmake)
-- Found PythonLibs: /usr/lib/x86_64-linux-gnu/libpython3.10.so (found suitable version "3.10.12", minimum required is "3.5") 
-- Using PYTHON_EXECUTABLE: /usr/bin/python3
-- Using PYTHON_INCLUDE_DIRS: /usr/include/python3.10
-- Using PYTHON_LIBRARIES: /usr/lib/x86_64-linux-gnu/libpython3.10.so
-- Found PythonExtra: .so  
-- Configuring done
-- Generating done
-- Build files have been written to: /home/peony/navigation_ws/build/vel_forwarder
[  1%] [34m[1mGenerating C code for ROS interfaces[0m
[  2%] [34m[1mGenerating C++ code for ROS interfaces[0m
[  2%] Built target ament_cmake_python_copy_vel_forwarder
running egg_info
creating vel_forwarder.egg-info
writing vel_forwarder.egg-info/PKG-INFO
writing dependency_links to vel_forwarder.egg-info/dependency_links.txt
writing top-level names to vel_forwarder.egg-info/top_level.txt
writing manifest file 'vel_forwarder.egg-info/SOURCES.txt'
reading manifest file 'vel_forwarder.egg-info/SOURCES.txt'
writing manifest file 'vel_forwarder.egg-info/SOURCES.txt'
[  2%] Built target ament_cmake_python_build_vel_forwarder_egg
[  2%] Built target vel_forwarder__cpp
[  3%] [34m[1mGenerating C++ type support dispatch for ROS interfaces[0m
[  4%] [34m[1mGenerating C++ type support for eProsima Fast-RTPS[0m
[  6%] [34m[1mGenerating C++ introspection for ROS interfaces[0m
[  7%] [32mBuilding C object CMakeFiles/vel_forwarder__rosidl_generator_c.dir/rosidl_generator_c/vel_forwarder/msg/detail/vel__functions.c.o[0m
[  8%] [32mBuilding C object CMakeFiles/vel_forwarder__rosidl_generator_c.dir/rosidl_generator_c/vel_forwarder/msg/detail/buff_data__functions.c.o[0m
[  9%] [32mBuilding C object CMakeFiles/vel_forwarder__rosidl_generator_c.dir/rosidl_generator_c/vel_forwarder/msg/detail/gimbal_angles__functions.c.o[0m
[ 11%] [32mBuilding C object CMakeFiles/vel_forwarder__rosidl_generator_c.dir/rosidl_generator_c/vel_forwarder/msg/detail/game_data__functions.c.o[0m
[ 12%] [32mBuilding C object CMakeFiles/vel_forwarder__rosidl_generator_c.dir/rosidl_generator_c/vel_forwarder/msg/detail/position_data__functions.c.o[0m
[ 13%] [32mBuilding C object CMakeFiles/vel_forwarder__rosidl_generator_c.dir/rosidl_generator_c/vel_forwarder/msg/detail/health__functions.c.o[0m
[ 14%] [32mBuilding C object CMakeFiles/vel_forwarder__rosidl_generator_c.dir/rosidl_generator_c/vel_forwarder/msg/detail/uwb_pos__functions.c.o[0m
[ 16%] [32m[1mLinking C shared library libvel_forwarder__rosidl_generator_c.so[0m
[ 16%] Built target vel_forwarder__rosidl_generator_c
[ 19%] [34m[1mGenerating C type support for eProsima Fast-RTPS[0m
[ 19%] [34m[1mGenerating C type support dispatch for ROS interfaces[0m
[ 19%] [34m[1mGenerating C introspection for ROS interfaces[0m
[ 20%] [32mBuilding CXX object CMakeFiles/vel_forwarder__rosidl_typesupport_cpp.dir/rosidl_typesupport_cpp/vel_forwarder/msg/vel__type_support.cpp.o[0m
[ 22%] [32mBuilding CXX object CMakeFiles/vel_forwarder__rosidl_typesupport_cpp.dir/rosidl_typesupport_cpp/vel_forwarder/msg/buff_data__type_support.cpp.o[0m
[ 23%] [32mBuilding CXX object CMakeFiles/vel_forwarder__rosidl_typesupport_cpp.dir/rosidl_typesupport_cpp/vel_forwarder/msg/game_data__type_support.cpp.o[0m
[ 24%] [32mBuilding CXX object CMakeFiles/vel_forwarder__rosidl_typesupport_cpp.dir/rosidl_typesupport_cpp/vel_forwarder/msg/gimbal_angles__type_support.cpp.o[0m
[ 25%] [32mBuilding CXX object CMakeFiles/vel_forwarder__rosidl_typesupport_cpp.dir/rosidl_typesupport_cpp/vel_forwarder/msg/health__type_support.cpp.o[0m
[ 27%] [32mBuilding CXX object CMakeFiles/vel_forwarder__rosidl_typesupport_cpp.dir/rosidl_typesupport_cpp/vel_forwarder/msg/position_data__type_support.cpp.o[0m
[ 28%] [32mBuilding CXX object CMakeFiles/vel_forwarder__rosidl_typesupport_cpp.dir/rosidl_typesupport_cpp/vel_forwarder/msg/uwb_pos__type_support.cpp.o[0m
[ 30%] [32mBuilding CXX object CMakeFiles/vel_forwarder__rosidl_typesupport_introspection_cpp.dir/rosidl_typesupport_introspection_cpp/vel_forwarder/msg/detail/game_data__type_support.cpp.o[0m
[ 30%] [32mBuilding CXX object CMakeFiles/vel_forwarder__rosidl_typesupport_introspection_cpp.dir/rosidl_typesupport_introspection_cpp/vel_forwarder/msg/detail/gimbal_angles__type_support.cpp.o[0m
[ 33%] [32mBuilding CXX object CMakeFiles/vel_forwarder__rosidl_typesupport_introspection_cpp.dir/rosidl_typesupport_introspection_cpp/vel_forwarder/msg/detail/buff_data__type_support.cpp.o[0m
[ 33%] [32mBuilding CXX object CMakeFiles/vel_forwarder__rosidl_typesupport_introspection_cpp.dir/rosidl_typesupport_introspection_cpp/vel_forwarder/msg/detail/vel__type_support.cpp.o[0m
[ 34%] [32mBuilding CXX object CMakeFiles/vel_forwarder__rosidl_typesupport_introspection_cpp.dir/rosidl_typesupport_introspection_cpp/vel_forwarder/msg/detail/health__type_support.cpp.o[0m
[ 37%] [32mBuilding CXX object CMakeFiles/vel_forwarder__rosidl_typesupport_introspection_cpp.dir/rosidl_typesupport_introspection_cpp/vel_forwarder/msg/detail/position_data__type_support.cpp.o[0m
[ 37%] [32mBuilding CXX object CMakeFiles/vel_forwarder__rosidl_typesupport_introspection_cpp.dir/rosidl_typesupport_introspection_cpp/vel_forwarder/msg/detail/uwb_pos__type_support.cpp.o[0m
[ 40%] [32mBuilding CXX object CMakeFiles/vel_forwarder__rosidl_typesupport_fastrtps_cpp.dir/rosidl_typesupport_fastrtps_cpp/vel_forwarder/msg/detail/dds_fastrtps/gimbal_angles__type_support.cpp.o[0m
[ 40%] [32mBuilding CXX object CMakeFiles/vel_forwarder__rosidl_typesupport_fastrtps_cpp.dir/rosidl_typesupport_fastrtps_cpp/vel_forwarder/msg/detail/dds_fastrtps/health__type_support.cpp.o[0m
[ 43%] [32mBuilding CXX object CMakeFiles/vel_forwarder__rosidl_typesupport_fastrtps_cpp.dir/rosidl_typesupport_fastrtps_cpp/vel_forwarder/msg/detail/dds_fastrtps/uwb_pos__type_support.cpp.o[0m
[ 43%] [32mBuilding CXX object CMakeFiles/vel_forwarder__rosidl_typesupport_fastrtps_cpp.dir/rosidl_typesupport_fastrtps_cpp/vel_forwarder/msg/detail/dds_fastrtps/vel__type_support.cpp.o[0m
[ 45%] [32mBuilding CXX object CMakeFiles/vel_forwarder__rosidl_typesupport_fastrtps_cpp.dir/rosidl_typesupport_fastrtps_cpp/vel_forwarder/msg/detail/dds_fastrtps/position_data__type_support.cpp.o[0m
[ 45%] [32mBuilding CXX object CMakeFiles/vel_forwarder__rosidl_typesupport_fastrtps_cpp.dir/rosidl_typesupport_fastrtps_cpp/vel_forwarder/msg/detail/dds_fastrtps/game_data__type_support.cpp.o[0m
[ 45%] [32mBuilding CXX object CMakeFiles/vel_forwarder__rosidl_typesupport_fastrtps_cpp.dir/rosidl_typesupport_fastrtps_cpp/vel_forwarder/msg/detail/dds_fastrtps/buff_data__type_support.cpp.o[0m
[ 50%] [32mBuilding CXX object CMakeFiles/vel_forwarder__rosidl_typesupport_c.dir/rosidl_typesupport_c/vel_forwarder/msg/game_data__type_support.cpp.o[0m
[ 50%] [32mBuilding CXX object CMakeFiles/vel_forwarder__rosidl_typesupport_c.dir/rosidl_typesupport_c/vel_forwarder/msg/buff_data__type_support.cpp.o[0m
[ 50%] [32mBuilding CXX object CMakeFiles/vel_forwarder__rosidl_typesupport_c.dir/rosidl_typesupport_c/vel_forwarder/msg/health__type_support.cpp.o[0m
[ 50%] [32mBuilding CXX object CMakeFiles/vel_forwarder__rosidl_typesupport_c.dir/rosidl_typesupport_c/vel_forwarder/msg/gimbal_angles__type_support.cpp.o[0m
[ 51%] [32mBuilding CXX object CMakeFiles/vel_forwarder__rosidl_typesupport_c.dir/rosidl_typesupport_c/vel_forwarder/msg/vel__type_support.cpp.o[0m
[ 54%] [32mBuilding CXX object CMakeFiles/vel_forwarder__rosidl_typesupport_c.dir/rosidl_typesupport_c/vel_forwarder/msg/position_data__type_support.cpp.o[0m
[ 54%] [32mBuilding CXX object CMakeFiles/vel_forwarder__rosidl_typesupport_c.dir/rosidl_typesupport_c/vel_forwarder/msg/uwb_pos__type_support.cpp.o[0m
[ 55%] [32m[1mLinking CXX shared library libvel_forwarder__rosidl_typesupport_c.so[0m
[ 60%] [32mBuilding CXX object CMakeFiles/vel_forwarder__rosidl_typesupport_fastrtps_c.dir/rosidl_typesupport_fastrtps_c/vel_forwarder/msg/detail/vel__type_support_c.cpp.o[0m
[ 60%] [32mBuilding CXX object CMakeFiles/vel_forwarder__rosidl_typesupport_fastrtps_c.dir/rosidl_typesupport_fastrtps_c/vel_forwarder/msg/detail/gimbal_angles__type_support_c.cpp.o[0m
[ 60%] [32mBuilding CXX object CMakeFiles/vel_forwarder__rosidl_typesupport_fastrtps_c.dir/rosidl_typesupport_fastrtps_c/vel_forwarder/msg/detail/buff_data__type_support_c.cpp.o[0m
[ 60%] [32mBuilding CXX object CMakeFiles/vel_forwarder__rosidl_typesupport_fastrtps_c.dir/rosidl_typesupport_fastrtps_c/vel_forwarder/msg/detail/game_data__type_support_c.cpp.o[0m
[ 61%] [32mBuilding CXX object CMakeFiles/vel_forwarder__rosidl_typesupport_fastrtps_c.dir/rosidl_typesupport_fastrtps_c/vel_forwarder/msg/detail/health__type_support_c.cpp.o[0m
[ 62%] [32mBuilding CXX object CMakeFiles/vel_forwarder__rosidl_typesupport_fastrtps_c.dir/rosidl_typesupport_fastrtps_c/vel_forwarder/msg/detail/position_data__type_support_c.cpp.o[0m
[ 64%] [32mBuilding CXX object CMakeFiles/vel_forwarder__rosidl_typesupport_fastrtps_c.dir/rosidl_typesupport_fastrtps_c/vel_forwarder/msg/detail/uwb_pos__type_support_c.cpp.o[0m
[ 64%] Built target vel_forwarder__rosidl_typesupport_c
[ 66%] [32mBuilding C object CMakeFiles/vel_forwarder__rosidl_typesupport_introspection_c.dir/rosidl_typesupport_introspection_c/vel_forwarder/msg/detail/vel__type_support.c.o[0m
[ 66%] [32mBuilding C object CMakeFiles/vel_forwarder__rosidl_typesupport_introspection_c.dir/rosidl_typesupport_introspection_c/vel_forwarder/msg/detail/buff_data__type_support.c.o[0m
[ 69%] [32mBuilding C object CMakeFiles/vel_forwarder__rosidl_typesupport_introspection_c.dir/rosidl_typesupport_introspection_c/vel_forwarder/msg/detail/position_data__type_support.c.o[0m
[ 69%] [32mBuilding C object CMakeFiles/vel_forwarder__rosidl_typesupport_introspection_c.dir/rosidl_typesupport_introspection_c/vel_forwarder/msg/detail/uwb_pos__type_support.c.o[0m
[ 71%] [32m[1mLinking CXX shared library libvel_forwarder__rosidl_typesupport_cpp.so[0m
[ 70%] [32mBuilding C object CMakeFiles/vel_forwarder__rosidl_typesupport_introspection_c.dir/rosidl_typesupport_introspection_c/vel_forwarder/msg/detail/gimbal_angles__type_support.c.o[0m
[ 72%] [32mBuilding C object CMakeFiles/vel_forwarder__rosidl_typesupport_introspection_c.dir/rosidl_typesupport_introspection_c/vel_forwarder/msg/detail/game_data__type_support.c.o[0m
[ 74%] [32mBuilding C object CMakeFiles/vel_forwarder__rosidl_typesupport_introspection_c.dir/rosidl_typesupport_introspection_c/vel_forwarder/msg/detail/health__type_support.c.o[0m
[ 75%] [32m[1mLinking C shared library libvel_forwarder__rosidl_typesupport_introspection_c.so[0m
[ 75%] Built target vel_forwarder__rosidl_typesupport_cpp
[ 76%] [32mBuilding CXX object CMakeFiles/forwarder_node.dir/src/forwarder.cpp.o[0m
[ 76%] Built target vel_forwarder__rosidl_typesupport_introspection_c
[ 77%] [32m[1mLinking CXX shared library libvel_forwarder__rosidl_typesupport_introspection_cpp.so[0m
[ 79%] [32m[1mLinking CXX shared library libvel_forwarder__rosidl_typesupport_fastrtps_cpp.so[0m
[ 79%] Built target vel_forwarder__rosidl_typesupport_introspection_cpp
[ 80%] [32m[1mLinking CXX shared library libvel_forwarder__rosidl_typesupport_fastrtps_c.so[0m
[ 80%] Built target vel_forwarder__rosidl_typesupport_fastrtps_cpp
[ 80%] Built target vel_forwarder__rosidl_typesupport_fastrtps_c
[ 80%] Built target vel_forwarder
[ 81%] [34m[1mGenerating Python code for ROS interfaces[0m
[ 81%] Built target vel_forwarder__py
[ 83%] [32mBuilding C object CMakeFiles/vel_forwarder__rosidl_generator_py.dir/rosidl_generator_py/vel_forwarder/msg/_buff_data_s.c.o[0m
[ 83%] [32mBuilding C object CMakeFiles/vel_forwarder__rosidl_generator_py.dir/rosidl_generator_py/vel_forwarder/msg/_vel_s.c.o[0m
[ 85%] [32mBuilding C object CMakeFiles/vel_forwarder__rosidl_generator_py.dir/rosidl_generator_py/vel_forwarder/msg/_health_s.c.o[0m
[ 87%] [32mBuilding C object CMakeFiles/vel_forwarder__rosidl_generator_py.dir/rosidl_generator_py/vel_forwarder/msg/_gimbal_angles_s.c.o[0m
[ 87%] [32mBuilding C object CMakeFiles/vel_forwarder__rosidl_generator_py.dir/rosidl_generator_py/vel_forwarder/msg/_game_data_s.c.o[0m
[ 88%] [32mBuilding C object CMakeFiles/vel_forwarder__rosidl_generator_py.dir/rosidl_generator_py/vel_forwarder/msg/_position_data_s.c.o[0m
[ 90%] [32mBuilding C object CMakeFiles/vel_forwarder__rosidl_generator_py.dir/rosidl_generator_py/vel_forwarder/msg/_uwb_pos_s.c.o[0m
[ 91%] [32m[1mLinking C shared library rosidl_generator_py/vel_forwarder/libvel_forwarder__rosidl_generator_py.so[0m
[ 91%] Built target vel_forwarder__rosidl_generator_py
[ 92%] [32mBuilding C object CMakeFiles/vel_forwarder__rosidl_typesupport_c__pyext.dir/rosidl_generator_py/vel_forwarder/_vel_forwarder_s.ep.rosidl_typesupport_c.c.o[0m
[ 93%] [32mBuilding C object CMakeFiles/vel_forwarder__rosidl_typesupport_fastrtps_c__pyext.dir/rosidl_generator_py/vel_forwarder/_vel_forwarder_s.ep.rosidl_typesupport_fastrtps_c.c.o[0m
[ 95%] [32mBuilding C object CMakeFiles/vel_forwarder__rosidl_typesupport_introspection_c__pyext.dir/rosidl_generator_py/vel_forwarder/_vel_forwarder_s.ep.rosidl_typesupport_introspection_c.c.o[0m
[ 97%] [32m[1mLinking C shared library rosidl_generator_py/vel_forwarder/vel_forwarder_s__rosidl_typesupport_fastrtps_c.cpython-310-x86_64-linux-gnu.so[0m
[ 97%] [32m[1mLinking C shared library rosidl_generator_py/vel_forwarder/vel_forwarder_s__rosidl_typesupport_c.cpython-310-x86_64-linux-gnu.so[0m
[ 98%] [32m[1mLinking C shared library rosidl_generator_py/vel_forwarder/vel_forwarder_s__rosidl_typesupport_introspection_c.cpython-310-x86_64-linux-gnu.so[0m
[ 98%] Built target vel_forwarder__rosidl_typesupport_fastrtps_c__pyext
[ 98%] Built target vel_forwarder__rosidl_typesupport_introspection_c__pyext
[ 98%] Built target vel_forwarder__rosidl_typesupport_c__pyext
[01m[K/home/peony/navigation_ws/src/vel_forwarder/src/forwarder.cpp:5:5:[m[K [01;31m[Kerror: [m[Kredefinition of ‘[01m[Kvel_forwarder::Forwarder::Forwarder()[m[K’
    5 |     [01;31m[KForwarder[m[K::Forwarder() : Node("vel_forwarder")
      |     [01;31m[K^~~~~~~~~[m[K
In file included from [01m[K/home/peony/navigation_ws/src/vel_forwarder/src/forwarder.cpp:1[m[K:
[01m[K/home/peony/navigation_ws/src/vel_forwarder/include/forwarder.h:11:9:[m[K [01;36m[Knote: [m[K‘[01m[Kvel_forwarder::Forwarder::Forwarder()[m[K’ previously defined here
   11 |         [01;36m[KForwarder[m[K() : Node("vel_forwarder")
      |         [01;36m[K^~~~~~~~~[m[K
[01m[K/home/peony/navigation_ws/src/vel_forwarder/src/forwarder.cpp:[m[K In member function ‘[01m[Kvoid vel_forwarder::Forwarder::cmdvelCallback(geometry_msgs::msg::Twist_<std::allocator<void> >::SharedPtr)[m[K’:
[01m[K/home/peony/navigation_ws/src/vel_forwarder/src/forwarder.cpp:20:28:[m[K [01;31m[Kerror: [m[Kno matching function for call to ‘[01m[Krclcpp::Publisher<geometry_msgs::msg::Twist_<std::allocator<void> > >::publish(vel_forwarder::msg::Vel_<std::allocator<void> >&)[m[K’
   20 |         [01;31m[Kpub_ly_vel->publish(ly_msg)[m[K;
      |         [01;31m[K~~~~~~~~~~~~~~~~~~~^~~~~~~~[m[K
In file included from [01m[K/opt/ros/humble/include/rclcpp/rclcpp/topic_statistics/subscription_topic_statistics.hpp:31[m[K,
                 from [01m[K/opt/ros/humble/include/rclcpp/rclcpp/subscription.hpp:50[m[K,
                 from [01m[K/opt/ros/humble/include/rclcpp/rclcpp/any_executable.hpp:25[m[K,
                 from [01m[K/opt/ros/humble/include/rclcpp/rclcpp/memory_strategy.hpp:25[m[K,
                 from [01m[K/opt/ros/humble/include/rclcpp/rclcpp/memory_strategies.hpp:18[m[K,
                 from [01m[K/opt/ros/humble/include/rclcpp/rclcpp/executor_options.hpp:20[m[K,
                 from [01m[K/opt/ros/humble/include/rclcpp/rclcpp/executor.hpp:37[m[K,
                 from [01m[K/opt/ros/humble/include/rclcpp/rclcpp/executors/multi_threaded_executor.hpp:25[m[K,
                 from [01m[K/opt/ros/humble/include/rclcpp/rclcpp/executors.hpp:21[m[K,
                 from [01m[K/opt/ros/humble/include/rclcpp/rclcpp/rclcpp.hpp:155[m[K,
                 from [01m[K/home/peony/navigation_ws/src/vel_forwarder/include/forwarder.h:3[m[K,
                 from [01m[K/home/peony/navigation_ws/src/vel_forwarder/src/forwarder.cpp:1[m[K:
[01m[K/opt/ros/humble/include/rclcpp/rclcpp/publisher.hpp:254:3:[m[K [01;36m[Knote: [m[Kcandidate: ‘[01m[Ktemplate<class T> std::enable_if_t<(rosidl_generator_traits::is_message<T>::value && std::is_same<T, typename rclcpp::TypeAdapter<MessageT>::ros_message_type>::value)> rclcpp::Publisher<MessageT, AllocatorT>::publish(std::unique_ptr<T, typename std::conditional<std::is_same<typename std::allocator_traits<typename std::allocator_traits<_Allocator>::rebind_traits<typename rclcpp::TypeAdapter<MessageT, void, void>::ros_message_type>::allocator_type>::rebind_alloc<typename rclcpp::TypeAdapter<MessageT, void, void>::ros_message_type>, std::allocator<typename rclcpp::TypeAdapter<MessageT>::ros_message_type> >::value, std::default_delete<typename rclcpp::TypeAdapter<MessageT>::ros_message_type>, rclcpp::allocator::AllocatorDeleter<typename std::allocator_traits<_Allocator>::rebind_traits<typename rclcpp::TypeAdapter<MessageT, void, void>::ros_message_type>::allocator_type> >::type>) [with T = T; MessageT = geometry_msgs::msg::Twist_<std::allocator<void> >; AllocatorT = std::allocator<void>][m[K’
  254 |   [01;36m[Kpublish[m[K(std::unique_ptr<T, ROSMessageTypeDeleter> msg)
      |   [01;36m[K^~~~~~~[m[K
[01m[K/opt/ros/humble/include/rclcpp/rclcpp/publisher.hpp:254:3:[m[K [01;36m[Knote: [m[K  template argument deduction/substitution failed:
[01m[K/home/peony/navigation_ws/src/vel_forwarder/src/forwarder.cpp:20:28:[m[K [01;36m[Knote: [m[K  ‘[01m[Kvel_forwarder::msg::Vel_<std::allocator<void> >[m[K’ is not derived from ‘[01m[Kstd::unique_ptr<T, std::default_delete<geometry_msgs::msg::Twist_<std::allocator<void> > > >[m[K’
   20 |         [01;36m[Kpub_ly_vel->publish(ly_msg)[m[K;
      |         [01;36m[K~~~~~~~~~~~~~~~~~~~^~~~~~~~[m[K
In file included from [01m[K/opt/ros/humble/include/rclcpp/rclcpp/topic_statistics/subscription_topic_statistics.hpp:31[m[K,
                 from [01m[K/opt/ros/humble/include/rclcpp/rclcpp/subscription.hpp:50[m[K,
                 from [01m[K/opt/ros/humble/include/rclcpp/rclcpp/any_executable.hpp:25[m[K,
                 from [01m[K/opt/ros/humble/include/rclcpp/rclcpp/memory_strategy.hpp:25[m[K,
                 from [01m[K/opt/ros/humble/include/rclcpp/rclcpp/memory_strategies.hpp:18[m[K,
                 from [01m[K/opt/ros/humble/include/rclcpp/rclcpp/executor_options.hpp:20[m[K,
                 from [01m[K/opt/ros/humble/include/rclcpp/rclcpp/executor.hpp:37[m[K,
                 from [01m[K/opt/ros/humble/include/rclcpp/rclcpp/executors/multi_threaded_executor.hpp:25[m[K,
                 from [01m[K/opt/ros/humble/include/rclcpp/rclcpp/executors.hpp:21[m[K,
                 from [01m[K/opt/ros/humble/include/rclcpp/rclcpp/rclcpp.hpp:155[m[K,
                 from [01m[K/home/peony/navigation_ws/src/vel_forwarder/include/forwarder.h:3[m[K,
                 from [01m[K/home/peony/navigation_ws/src/vel_forwarder/src/forwarder.cpp:1[m[K:
[01m[K/opt/ros/humble/include/rclcpp/rclcpp/publisher.hpp:295:3:[m[K [01;36m[Knote: [m[Kcandidate: ‘[01m[Ktemplate<class T> std::enable_if_t<(rosidl_generator_traits::is_message<T>::value && std::is_same<T, typename rclcpp::TypeAdapter<MessageT>::ros_message_type>::value)> rclcpp::Publisher<MessageT, AllocatorT>::publish(const T&) [with T = T; MessageT = geometry_msgs::msg::Twist_<std::allocator<void> >; AllocatorT = std::allocator<void>][m[K’
  295 |   [01;36m[Kpublish[m[K(const T & msg)
      |   [01;36m[K^~~~~~~[m[K
[01m[K/opt/ros/humble/include/rclcpp/rclcpp/publisher.hpp:295:3:[m[K [01;36m[Knote: [m[K  template argument deduction/substitution failed:
In file included from [01m[K/usr/include/c++/11/bits/move.h:57[m[K,
                 from [01m[K/usr/include/c++/11/bits/stl_pair.h:59[m[K,
                 from [01m[K/usr/include/c++/11/utility:70[m[K,
                 from [01m[K/usr/include/c++/11/algorithm:60[m[K,
                 from [01m[K/home/peony/navigation_ws/build/vel_forwarder/rosidl_generator_cpp/vel_forwarder/msg/detail/vel__struct.hpp:8[m[K,
                 from [01m[K/home/peony/navigation_ws/build/vel_forwarder/rosidl_generator_cpp/vel_forwarder/msg/vel.hpp:7[m[K,
                 from [01m[K/home/peony/navigation_ws/src/vel_forwarder/include/forwarder.h:2[m[K,
                 from [01m[K/home/peony/navigation_ws/src/vel_forwarder/src/forwarder.cpp:1[m[K:
/usr/include/c++/11/type_traits: In substitution of ‘[01m[Ktemplate<bool _Cond, class _Tp> using enable_if_t = typename std::enable_if::type [with bool _Cond = false; _Tp = void][m[K’:
[01m[K/opt/ros/humble/include/rclcpp/rclcpp/publisher.hpp:295:3:[m[K   required by substitution of ‘[01m[Ktemplate<class T> std::enable_if_t<(rosidl_generator_traits::is_message<T>::value && std::is_same<T, geometry_msgs::msg::Twist_<std::allocator<void> > >::value), void> rclcpp::Publisher<geometry_msgs::msg::Twist_<std::allocator<void> > >::publish<T>(const T&) [with T = vel_forwarder::msg::Vel_<std::allocator<void> >][m[K’
[01m[K/home/peony/navigation_ws/src/vel_forwarder/src/forwarder.cpp:20:28:[m[K   required from here
[01m[K/usr/include/c++/11/type_traits:2579:11:[m[K [01;31m[Kerror: [m[Kno type named ‘[01m[Ktype[m[K’ in ‘[01m[Kstruct std::enable_if<false, void>[m[K’
 2579 |     using [01;31m[Kenable_if_t[m[K = typename enable_if<_Cond, _Tp>::type;
      |           [01;31m[K^~~~~~~~~~~[m[K
In file included from [01m[K/opt/ros/humble/include/rclcpp/rclcpp/topic_statistics/subscription_topic_statistics.hpp:31[m[K,
                 from [01m[K/opt/ros/humble/include/rclcpp/rclcpp/subscription.hpp:50[m[K,
                 from [01m[K/opt/ros/humble/include/rclcpp/rclcpp/any_executable.hpp:25[m[K,
                 from [01m[K/opt/ros/humble/include/rclcpp/rclcpp/memory_strategy.hpp:25[m[K,
                 from [01m[K/opt/ros/humble/include/rclcpp/rclcpp/memory_strategies.hpp:18[m[K,
                 from [01m[K/opt/ros/humble/include/rclcpp/rclcpp/executor_options.hpp:20[m[K,
                 from [01m[K/opt/ros/humble/include/rclcpp/rclcpp/executor.hpp:37[m[K,
                 from [01m[K/opt/ros/humble/include/rclcpp/rclcpp/executors/multi_threaded_executor.hpp:25[m[K,
                 from [01m[K/opt/ros/humble/include/rclcpp/rclcpp/executors.hpp:21[m[K,
                 from [01m[K/opt/ros/humble/include/rclcpp/rclcpp/rclcpp.hpp:155[m[K,
                 from [01m[K/home/peony/navigation_ws/src/vel_forwarder/include/forwarder.h:3[m[K,
                 from [01m[K/home/peony/navigation_ws/src/vel_forwarder/src/forwarder.cpp:1[m[K:
[01m[K/opt/ros/humble/include/rclcpp/rclcpp/publisher.hpp:325:3:[m[K [01;36m[Knote: [m[Kcandidate: ‘[01m[Ktemplate<class T> std::enable_if_t<(typename rclcpp::TypeAdapter<MessageT>::is_specialized::value && std::is_same<T, typename rclcpp::TypeAdapter<MessageT>::custom_type>::value)> rclcpp::Publisher<MessageT, AllocatorT>::publish(std::unique_ptr<T, typename std::conditional<std::is_same<typename std::allocator_traits<typename std::allocator_traits<_Allocator>::rebind_traits<typename rclcpp::TypeAdapter<MessageT, void, void>::custom_type>::allocator_type>::rebind_alloc<typename rclcpp::TypeAdapter<MessageT, void, void>::custom_type>, std::allocator<typename rclcpp::TypeAdapter<MessageT>::custom_type> >::value, std::default_delete<typename rclcpp::TypeAdapter<MessageT>::custom_type>, rclcpp::allocator::AllocatorDeleter<typename std::allocator_traits<_Allocator>::rebind_traits<typename rclcpp::TypeAdapter<MessageT, void, void>::custom_type>::allocator_type> >::type>) [with T = T; MessageT = geometry_msgs::msg::Twist_<std::allocator<void> >; AllocatorT = std::allocator<void>][m[K’
  325 |   [01;36m[Kpublish[m[K(std::unique_ptr<T, PublishedTypeDeleter> msg)
      |   [01;36m[K^~~~~~~[m[K
[01m[K/opt/ros/humble/include/rclcpp/rclcpp/publisher.hpp:325:3:[m[K [01;36m[Knote: [m[K  template argument deduction/substitution failed:
[01m[K/home/peony/navigation_ws/src/vel_forwarder/src/forwarder.cpp:20:28:[m[K [01;36m[Knote: [m[K  ‘[01m[Kvel_forwarder::msg::Vel_<std::allocator<void> >[m[K’ is not derived from ‘[01m[Kstd::unique_ptr<T, std::default_delete<geometry_msgs::msg::Twist_<std::allocator<void> > > >[m[K’
   20 |         [01;36m[Kpub_ly_vel->publish(ly_msg)[m[K;
      |         [01;36m[K~~~~~~~~~~~~~~~~~~~^~~~~~~~[m[K
In file included from [01m[K/opt/ros/humble/include/rclcpp/rclcpp/topic_statistics/subscription_topic_statistics.hpp:31[m[K,
                 from [01m[K/opt/ros/humble/include/rclcpp/rclcpp/subscription.hpp:50[m[K,
                 from [01m[K/opt/ros/humble/include/rclcpp/rclcpp/any_executable.hpp:25[m[K,
                 from [01m[K/opt/ros/humble/include/rclcpp/rclcpp/memory_strategy.hpp:25[m[K,
                 from [01m[K/opt/ros/humble/include/rclcpp/rclcpp/memory_strategies.hpp:18[m[K,
                 from [01m[K/opt/ros/humble/include/rclcpp/rclcpp/executor_options.hpp:20[m[K,
                 from [01m[K/opt/ros/humble/include/rclcpp/rclcpp/executor.hpp:37[m[K,
                 from [01m[K/opt/ros/humble/include/rclcpp/rclcpp/executors/multi_threaded_executor.hpp:25[m[K,
                 from [01m[K/opt/ros/humble/include/rclcpp/rclcpp/executors.hpp:21[m[K,
                 from [01m[K/opt/ros/humble/include/rclcpp/rclcpp/rclcpp.hpp:155[m[K,
                 from [01m[K/home/peony/navigation_ws/src/vel_forwarder/include/forwarder.h:3[m[K,
                 from [01m[K/home/peony/navigation_ws/src/vel_forwarder/src/forwarder.cpp:1[m[K:
[01m[K/opt/ros/humble/include/rclcpp/rclcpp/publisher.hpp:367:3:[m[K [01;36m[Knote: [m[Kcandidate: ‘[01m[Ktemplate<class T> std::enable_if_t<(typename rclcpp::TypeAdapter<MessageT>::is_specialized::value && std::is_same<T, typename rclcpp::TypeAdapter<MessageT>::custom_type>::value)> rclcpp::Publisher<MessageT, AllocatorT>::publish(const T&) [with T = T; MessageT = geometry_msgs::msg::Twist_<std::allocator<void> >; AllocatorT = std::allocator<void>][m[K’
  367 |   [01;36m[Kpublish[m[K(const T & msg)
      |   [01;36m[K^~~~~~~[m[K
[01m[K/opt/ros/humble/include/rclcpp/rclcpp/publisher.hpp:367:3:[m[K [01;36m[Knote: [m[K  template argument deduction/substitution failed:
[01m[K/opt/ros/humble/include/rclcpp/rclcpp/publisher.hpp:386:3:[m[K [01;36m[Knote: [m[Kcandidate: ‘[01m[Kvoid rclcpp::Publisher<MessageT, AllocatorT>::publish(const rcl_serialized_message_t&) [with MessageT = geometry_msgs::msg::Twist_<std::allocator<void> >; AllocatorT = std::allocator<void>; rcl_serialized_message_t = rcutils_uint8_array_s][m[K’
  386 |   [01;36m[Kpublish[m[K(const rcl_serialized_message_t & serialized_msg)
      |   [01;36m[K^~~~~~~[m[K
[01m[K/opt/ros/humble/include/rclcpp/rclcpp/publisher.hpp:386:44:[m[K [01;36m[Knote: [m[K  no known conversion for argument 1 from ‘[01m[Kvel_forwarder::msg::Vel_<std::allocator<void> >[m[K’ to ‘[01m[Kconst rcl_serialized_message_t&[m[K’ {aka ‘[01m[Kconst rcutils_uint8_array_s&[m[K’}
  386 |   publish([01;36m[Kconst rcl_serialized_message_t & serialized_msg[m[K)
      |           [01;36m[K~~~~~~~~~~~~~~~~~~~~~~~~~~~~~~~~~^~~~~~~~~~~~~~[m[K
[01m[K/opt/ros/humble/include/rclcpp/rclcpp/publisher.hpp:392:3:[m[K [01;36m[Knote: [m[Kcandidate: ‘[01m[Kvoid rclcpp::Publisher<MessageT, AllocatorT>::publish(const rclcpp::SerializedMessage&) [with MessageT = geometry_msgs::msg::Twist_<std::allocator<void> >; AllocatorT = std::allocator<void>][m[K’
  392 |   [01;36m[Kpublish[m[K(const SerializedMessage & serialized_msg)
      |   [01;36m[K^~~~~~~[m[K
[01m[K/opt/ros/humble/include/rclcpp/rclcpp/publisher.hpp:392:37:[m[K [01;36m[Knote: [m[K  no known conversion for argument 1 from ‘[01m[Kvel_forwarder::msg::Vel_<std::allocator<void> >[m[K’ to ‘[01m[Kconst rclcpp::SerializedMessage&[m[K’
  392 |   publish([01;36m[Kconst SerializedMessage & serialized_msg[m[K)
      |           [01;36m[K~~~~~~~~~~~~~~~~~~~~~~~~~~^~~~~~~~~~~~~~[m[K
[01m[K/opt/ros/humble/include/rclcpp/rclcpp/publisher.hpp:406:3:[m[K [01;36m[Knote: [m[Kcandidate: ‘[01m[Kvoid rclcpp::Publisher<MessageT, AllocatorT>::publish(rclcpp::LoanedMessage<typename rclcpp::TypeAdapter<MessageT>::ros_message_type, AllocatorT>&&) [with MessageT = geometry_msgs::msg::Twist_<std::allocator<void> >; AllocatorT = std::allocator<void>; typename rclcpp::TypeAdapter<MessageT>::ros_message_type = geometry_msgs::msg::Twist_<std::allocator<void> >][m[K’
  406 |   [01;36m[Kpublish[m[K(rclcpp::LoanedMessage<ROSMessageType, AllocatorT> && loaned_msg)
      |   [01;36m[K^~~~~~~[m[K
[01m[K/opt/ros/humble/include/rclcpp/rclcpp/publisher.hpp:406:64:[m[K [01;36m[Knote: [m[K  no known conversion for argument 1 from ‘[01m[Kvel_forwarder::msg::Vel_<std::allocator<void> >[m[K’ to ‘[01m[Krclcpp::LoanedMessage<geometry_msgs::msg::Twist_<std::allocator<void> >, std::allocator<void> >&&[m[K’
  406 | ublish([01;36m[Krclcpp::LoanedMessage<ROSMessageType, AllocatorT> && loaned_msg[m[K)
      |        [01;36m[K~~~~~~~~~~~~~~~~~~~~~~~~~~~~~~~~~~~~~~~~~~~~~~~~~~~~~^~~~~~~~~~[m[K

gmake[2]: *** [CMakeFiles/forwarder_node.dir/build.make:76：CMakeFiles/forwarder_node.dir/src/forwarder.cpp.o] 错误 1
gmake[1]: *** [CMakeFiles/Makefile2:593：CMakeFiles/forwarder_node.dir/all] 错误 2
gmake: *** [Makefile:146：all] 错误 2
