[0.009s] Invoking command in '/home/peony/navigation_ws/build/path_following': CMAKE_PREFIX_PATH=/opt/ros/humble /usr/bin/cmake --build /home/peony/navigation_ws/build/path_following -- -j32 -l32
[0.048s] -- Found ament_cmake: 1.3.13 (/opt/ros/humble/share/ament_cmake/cmake)
[0.130s] -- Found nav_msgs: 4.9.1 (/opt/ros/humble/share/nav_msgs/cmake)
[0.151s] -- Found rosidl_generator_c: 3.1.8 (/opt/ros/humble/share/rosidl_generator_c/cmake)
[0.153s] -- Found rosidl_adapter: 3.1.8 (/opt/ros/humble/share/rosidl_adapter/cmake)
[0.158s] -- Found rosidl_generator_cpp: 3.1.8 (/opt/ros/humble/share/rosidl_generator_cpp/cmake)
[0.165s] -- Using all available rosidl_typesupport_c: rosidl_typesupport_fastrtps_c;rosidl_typesupport_introspection_c
[0.174s] -- Using all available rosidl_typesupport_cpp: rosidl_typesupport_fastrtps_cpp;rosidl_typesupport_introspection_cpp
[0.213s] -- Found rclcpp: 16.0.18 (/opt/ros/humble/share/rclcpp/cmake)
[0.226s] -- Found rmw_implementation_cmake: 6.1.2 (/opt/ros/humble/share/rmw_implementation_cmake/cmake)
[0.227s] -- Found rmw_fastrtps_cpp: 6.2.10 (/opt/ros/humble/share/rmw_fastrtps_cpp/cmake)
[0.295s] -- Using RMW implementation 'rmw_fastrtps_cpp' as default
[0.316s] -- Found sensor_msgs: 4.9.1 (/opt/ros/humble/share/sensor_msgs/cmake)
[0.327s] -- Found pcl_conversions: 2.4.5 (/opt/ros/humble/share/pcl_conversions/cmake)
[0.352s] -- Eigen found (include: /usr/include/eigen3, version: 3.4.0)
[0.377s] -- FLANN found (include: /usr/include, lib: /usr/lib/x86_64-linux-gnu/libflann_cpp.so)
[0.602s] -- OpenNI found (version: 1.5.4.0, include: /usr/include/ni, lib: /usr/lib/libOpenNI.so;libusb::libusb)
[0.606s] -- OpenNI2 found (version: 2.2.0.33, include: /usr/include/openni2, lib: /usr/lib/x86_64-linux-gnu/libOpenNI2.so;libusb::libusb)
[0.703s] -- Eigen found (include: /usr/include/eigen3, version: 3.4.0)
[0.707s] -- OpenNI found (version: 1.5.4.0, include: /usr/include/ni, lib: /usr/lib/libOpenNI.so;libusb::libusb)
[0.712s] -- OpenNI2 found (version: 2.2.0.33, include: /usr/include/openni2, lib: /usr/lib/x86_64-linux-gnu/libOpenNI2.so;libusb::libusb)
[0.812s] -- Found Qhull version 8.0.2
[0.910s] -- OpenNI found (version: 1.5.4.0, include: /usr/include/ni, lib: /usr/lib/libOpenNI.so;libusb::libusb)
[1.009s] -- Found tf2: 0.25.19 (/opt/ros/humble/share/tf2/cmake)
[1.011s] -- Found tf2_ros: 0.25.19 (/opt/ros/humble/share/tf2_ros/cmake)
[1.053s] -- Found tf2_geometry_msgs: 0.25.19 (/opt/ros/humble/share/tf2_geometry_msgs/cmake)
[1.055s] -- Found eigen3_cmake_module: 0.1.1 (/opt/ros/humble/share/eigen3_cmake_module/cmake)
[1.056s] -- Ensuring Eigen3 include directory is part of orocos-kdl CMake target
[1.057s] [33mCMake Warning (dev) at CMakeLists.txt:17 (find_package):
[1.057s]   Policy CMP0074 is not set: find_package uses <PackageName>_ROOT variables.
[1.057s]   Run "cmake --help-policy CMP0074" for policy details.  Use the cmake_policy
[1.057s]   command to set the policy and suppress this warning.
[1.057s] 
[1.057s]   CMake variable PCL_ROOT is set to:
[1.057s] 
[1.057s]     /usr
[1.057s] 
[1.057s]   For compatibility, CMake is ignoring the variable.
[1.058s] This warning is for project developers.  Use -Wno-dev to suppress it.
[1.058s] [0m
[1.105s] -- Configuring done
[1.134s] -- Generating done
[1.140s] -- Build files have been written to: /home/peony/navigation_ws/build/path_following
[1.168s] [35m[1mConsolidate compiler generated dependencies of target pid_follower[0m
[1.200s] [ 66%] [32mBuilding CXX object CMakeFiles/pid_follower.dir/src/TrajFollower.cpp.o[0m
[1.200s] [ 66%] [32mBuilding CXX object CMakeFiles/pid_follower.dir/src/main.cpp.o[0m
[3.760s] In file included from [01m[K/opt/ros/humble/include/rclcpp/rclcpp/logging.hpp:24[m[K,
[3.760s]                  from [01m[K/opt/ros/humble/include/rclcpp/rclcpp/client.hpp:40[m[K,
[3.761s]                  from [01m[K/opt/ros/humble/include/rclcpp/rclcpp/callback_group.hpp:24[m[K,
[3.761s]                  from [01m[K/opt/ros/humble/include/rclcpp/rclcpp/any_executable.hpp:20[m[K,
[3.761s]                  from [01m[K/opt/ros/humble/include/rclcpp/rclcpp/memory_strategy.hpp:25[m[K,
[3.761s]                  from [01m[K/opt/ros/humble/include/rclcpp/rclcpp/memory_strategies.hpp:18[m[K,
[3.761s]                  from [01m[K/opt/ros/humble/include/rclcpp/rclcpp/executor_options.hpp:20[m[K,
[3.761s]                  from [01m[K/opt/ros/humble/include/rclcpp/rclcpp/executor.hpp:37[m[K,
[3.761s]                  from [01m[K/opt/ros/humble/include/rclcpp/rclcpp/executors/multi_threaded_executor.hpp:25[m[K,
[3.761s]                  from [01m[K/opt/ros/humble/include/rclcpp/rclcpp/executors.hpp:21[m[K,
[3.761s]                  from [01m[K/opt/ros/humble/include/rclcpp/rclcpp/rclcpp.hpp:155[m[K,
[3.761s]                  from [01m[K/home/peony/navigation_ws/src/path_following/include/TrajFollower.h:10[m[K,
[3.761s]                  from [01m[K/home/peony/navigation_ws/src/path_following/src/TrajFollower.cpp:1[m[K:
[3.761s] [01m[K/home/peony/navigation_ws/src/path_following/src/TrajFollower.cpp:[m[K In member function ‘[01m[Kvoid TrajFollower::follow()[m[K’:
[3.761s] [01m[K/home/peony/navigation_ws/src/path_following/src/TrajFollower.cpp:90:37:[m[K [01;35m[Kwarning: [m[Kformat ‘[01m[K%d[m[K’ expects argument of type ‘[01m[Kint[m[K’, but argument 6 has type ‘[01m[Klong unsigned int[m[K’ [[01;35m[K]8;;https://gcc.gnu.org/onlinedocs/gcc/Warning-Options.html#index-Wformat=-Wformat=]8;;[m[K]
[3.761s]    90 |     RCLCPP_INFO(node_.get_logger(), [01;35m[K"Distance to target: %.2f, nodes left: %d"[m[K, dist, [32m[Knum_left[m[K);
[3.761s]       |                                     [01;35m[K^~~~~~~~~~~~~~~~~~~~~~~~~~~~~~~~~~~~~~~~~~[m[K        [32m[K~~~~~~~~[m[K
[3.761s]       |                                                                                       [32m[K|[m[K
[3.761s]       |                                                                                       [32m[Klong unsigned int[m[K
[3.761s] [01m[K/home/peony/navigation_ws/src/path_following/src/TrajFollower.cpp:90:77:[m[K [01;36m[Knote: [m[Kformat string is defined here
[3.761s]    90 |     RCLCPP_INFO(node_.get_logger(), "Distance to target: %.2f, nodes left: [01;36m[K%d[m[K", dist, num_left);
[3.761s]       |                                                                            [01;36m[K~^[m[K
[3.761s]       |                                                                             [01;36m[K|[m[K
[3.762s]       |                                                                             [01;36m[Kint[m[K
[3.762s]       |                                                                            [32m[K%ld[m[K
[7.562s] [100%] [32m[1mLinking CXX executable pid_follower[0m
[8.128s] [100%] Built target pid_follower
[8.137s] Invoked command in '/home/peony/navigation_ws/build/path_following' returned '0': CMAKE_PREFIX_PATH=/opt/ros/humble /usr/bin/cmake --build /home/peony/navigation_ws/build/path_following -- -j32 -l32
[8.144s] Invoking command in '/home/peony/navigation_ws/build/path_following': CMAKE_PREFIX_PATH=/opt/ros/humble /usr/bin/cmake --install /home/peony/navigation_ws/build/path_following
[8.149s] -- Install configuration: ""
[8.149s] -- Installing: /home/peony/navigation_ws/install/path_following/lib/path_following/pid_follower
[8.154s] -- Set runtime path of "/home/peony/navigation_ws/install/path_following/lib/path_following/pid_follower" to ""
[8.154s] -- Up-to-date: /home/peony/navigation_ws/install/path_following/share/ament_index/resource_index/package_run_dependencies/path_following
[8.154s] -- Up-to-date: /home/peony/navigation_ws/install/path_following/share/ament_index/resource_index/parent_prefix_path/path_following
[8.154s] -- Installing: /home/peony/navigation_ws/install/path_following/share/path_following/environment/ament_prefix_path.sh
[8.154s] -- Installing: /home/peony/navigation_ws/install/path_following/share/path_following/environment/ament_prefix_path.dsv
[8.155s] -- Installing: /home/peony/navigation_ws/install/path_following/share/path_following/environment/path.sh
[8.155s] -- Installing: /home/peony/navigation_ws/install/path_following/share/path_following/environment/path.dsv
[8.155s] -- Up-to-date: /home/peony/navigation_ws/install/path_following/share/path_following/local_setup.bash
[8.155s] -- Up-to-date: /home/peony/navigation_ws/install/path_following/share/path_following/local_setup.sh
[8.155s] -- Up-to-date: /home/peony/navigation_ws/install/path_following/share/path_following/local_setup.zsh
[8.155s] -- Installing: /home/peony/navigation_ws/install/path_following/share/path_following/local_setup.dsv
[8.155s] -- Installing: /home/peony/navigation_ws/install/path_following/share/path_following/package.dsv
[8.155s] -- Up-to-date: /home/peony/navigation_ws/install/path_following/share/ament_index/resource_index/packages/path_following
[8.155s] -- Up-to-date: /home/peony/navigation_ws/install/path_following/share/path_following/cmake/path_followingConfig.cmake
[8.155s] -- Up-to-date: /home/peony/navigation_ws/install/path_following/share/path_following/cmake/path_followingConfig-version.cmake
[8.155s] -- Up-to-date: /home/peony/navigation_ws/install/path_following/share/path_following/package.xml
[8.157s] Invoked command in '/home/peony/navigation_ws/build/path_following' returned '0': CMAKE_PREFIX_PATH=/opt/ros/humble /usr/bin/cmake --install /home/peony/navigation_ws/build/path_following
