[0.008s] Invoking command in '/home/peony/navigation_ws/build/path_searching': CMAKE_PREFIX_PATH=${CMAKE_PREFIX_PATH}:/opt/ros/humble /usr/bin/cmake --build /home/peony/navigation_ws/build/path_searching -- -j32 -l32
[0.051s] [35m[1mConsolidate compiler generated dependencies of target path_searching_lib[0m
[0.073s] [ 50%] Built target path_searching_lib
[0.084s] [35m[1mConsolidate compiler generated dependencies of target esdf_benchmark[0m
[0.088s] [35m[1mConsolidate compiler generated dependencies of target plan_manager[0m
[0.098s] [ 75%] Built target esdf_benchmark
[0.118s] [ 87%] [32mBuilding CXX object CMakeFiles/plan_manager.dir/src/plan_manager.cpp.o[0m
[3.395s] In file included from [01m[K/opt/ros/humble/include/rclcpp/rclcpp/logging.hpp:24[m[K,
[3.395s]                  from [01m[K/opt/ros/humble/include/rclcpp/rclcpp/client.hpp:40[m[K,
[3.395s]                  from [01m[K/opt/ros/humble/include/rclcpp/rclcpp/callback_group.hpp:24[m[K,
[3.395s]                  from [01m[K/opt/ros/humble/include/rclcpp/rclcpp/any_executable.hpp:20[m[K,
[3.395s]                  from [01m[K/opt/ros/humble/include/rclcpp/rclcpp/memory_strategy.hpp:25[m[K,
[3.395s]                  from [01m[K/opt/ros/humble/include/rclcpp/rclcpp/memory_strategies.hpp:18[m[K,
[3.395s]                  from [01m[K/opt/ros/humble/include/rclcpp/rclcpp/executor_options.hpp:20[m[K,
[3.395s]                  from [01m[K/opt/ros/humble/include/rclcpp/rclcpp/executor.hpp:37[m[K,
[3.395s]                  from [01m[K/opt/ros/humble/include/rclcpp/rclcpp/executors/multi_threaded_executor.hpp:25[m[K,
[3.395s]                  from [01m[K/opt/ros/humble/include/rclcpp/rclcpp/executors.hpp:21[m[K,
[3.395s]                  from [01m[K/opt/ros/humble/include/rclcpp/rclcpp/rclcpp.hpp:155[m[K,
[3.395s]                  from [01m[K/home/peony/navigation_ws/src/path_searching/src/plan_manager.cpp:1[m[K:
[3.395s] [01m[K/home/peony/navigation_ws/src/path_searching/src/plan_manager.cpp:[m[K In constructor ‘[01m[KPlanManager::PlanManager()[m[K’:
[3.395s] [01m[K/home/peony/navigation_ws/src/path_searching/src/plan_manager.cpp:41:37:[m[K [01;35m[Kwarning: [m[Kformat ‘[01m[K%p[m[K’ expects argument of type ‘[01m[Kvoid*[m[K’, but argument 5 has type ‘[01m[Knavi_planner::Astar*[m[K’ [[01;35m[K]8;;https://gcc.gnu.org/onlinedocs/gcc/Warning-Options.html#index-Wformat=-Wformat=]8;;[m[K]
[3.395s]    41 |     RCLCPP_INFO(this->get_logger(), [01;35m[K"planner_1 地址: %p"[m[K, [32m[K&planner_1[m[K);
[3.395s]       |                                     [01;35m[K^~~~~~~~~~~~~~~~~~~~[m[K  [32m[K~~~~~~~~~~[m[K
[3.395s]       |                                                           [32m[K|[m[K
[3.395s]       |                                                           [32m[Knavi_planner::Astar*[m[K
[3.395s] [01m[K/home/peony/navigation_ws/src/path_searching/src/plan_manager.cpp:41:55:[m[K [01;36m[Knote: [m[Kformat string is defined here
[3.395s]    41 |     RCLCPP_INFO(this->get_logger(), "planner_1 地址: [01;36m[K%p[m[K", &planner_1);
[3.395s]       |                                                      [01;36m[K~^[m[K
[3.395s]       |                                                       [01;36m[K|[m[K
[3.395s]       |                                                       [01;36m[Kvoid*[m[K
[9.805s] [100%] [32m[1mLinking CXX executable plan_manager[0m
[10.817s] [100%] Built target plan_manager
[10.828s] Invoked command in '/home/peony/navigation_ws/build/path_searching' returned '0': CMAKE_PREFIX_PATH=${CMAKE_PREFIX_PATH}:/opt/ros/humble /usr/bin/cmake --build /home/peony/navigation_ws/build/path_searching -- -j32 -l32
[10.835s] Invoking command in '/home/peony/navigation_ws/build/path_searching': CMAKE_PREFIX_PATH=${CMAKE_PREFIX_PATH}:/opt/ros/humble /usr/bin/cmake --install /home/peony/navigation_ws/build/path_searching
[10.839s] -- Install configuration: ""
[10.839s] -- Installing: /home/peony/navigation_ws/install/path_searching/lib/path_searching/plan_manager
[10.847s] -- Set runtime path of "/home/peony/navigation_ws/install/path_searching/lib/path_searching/plan_manager" to ""
[10.847s] -- Up-to-date: /home/peony/navigation_ws/install/path_searching/lib/path_searching/esdf_benchmark
[10.848s] -- Up-to-date: /home/peony/navigation_ws/install/path_searching/lib/libpath_searching_lib.a
[10.848s] -- Up-to-date: /home/peony/navigation_ws/install/path_searching/include
[10.848s] -- Up-to-date: /home/peony/navigation_ws/install/path_searching/include/ulitys.h
[10.848s] -- Up-to-date: /home/peony/navigation_ws/install/path_searching/include/esdf_map.h
[10.848s] -- Up-to-date: /home/peony/navigation_ws/install/path_searching/include/Astar.h
[10.848s] -- Up-to-date: /home/peony/navigation_ws/install/path_searching/include/cubic_spline
[10.848s] -- Up-to-date: /home/peony/navigation_ws/install/path_searching/include/cubic_spline/cubic_spline_ros.h
[10.848s] -- Up-to-date: /home/peony/navigation_ws/install/path_searching/include/cubic_spline/cubic_spline.h
[10.848s] -- Up-to-date: /home/peony/navigation_ws/install/path_searching/include/cubic_spline/cpprobotics_types.h
[10.848s] -- Up-to-date: /home/peony/navigation_ws/install/path_searching/include/smoother.h
[10.848s] -- Up-to-date: /home/peony/navigation_ws/install/path_searching/share/path_searching/launch
[10.848s] -- Up-to-date: /home/peony/navigation_ws/install/path_searching/share/path_searching/launch/astar.launch.py
[10.848s] -- Up-to-date: /home/peony/navigation_ws/install/path_searching/share/path_searching/launch/voronoi_astar.launch.py
[10.848s] -- Up-to-date: /home/peony/navigation_ws/install/path_searching/share/path_searching/launch/astar_rviz_map_server.launch.py
[10.848s] -- Up-to-date: /home/peony/navigation_ws/install/path_searching/share/path_searching/launch/debug_astar.launch.py
[10.848s] -- Up-to-date: /home/peony/navigation_ws/install/path_searching/share/path_searching/cfg
[10.848s] -- Up-to-date: /home/peony/navigation_ws/install/path_searching/share/path_searching/cfg/plan_param.yaml
[10.848s] -- Up-to-date: /home/peony/navigation_ws/install/path_searching/share/path_searching/environment/library_path.sh
[10.848s] -- Up-to-date: /home/peony/navigation_ws/install/path_searching/share/path_searching/environment/library_path.dsv
[10.848s] -- Up-to-date: /home/peony/navigation_ws/install/path_searching/share/ament_index/resource_index/package_run_dependencies/path_searching
[10.849s] -- Up-to-date: /home/peony/navigation_ws/install/path_searching/share/ament_index/resource_index/parent_prefix_path/path_searching
[10.849s] -- Up-to-date: /home/peony/navigation_ws/install/path_searching/share/path_searching/environment/ament_prefix_path.sh
[10.849s] -- Up-to-date: /home/peony/navigation_ws/install/path_searching/share/path_searching/environment/ament_prefix_path.dsv
[10.849s] -- Up-to-date: /home/peony/navigation_ws/install/path_searching/share/path_searching/environment/path.sh
[10.849s] -- Up-to-date: /home/peony/navigation_ws/install/path_searching/share/path_searching/environment/path.dsv
[10.849s] -- Up-to-date: /home/peony/navigation_ws/install/path_searching/share/path_searching/local_setup.bash
[10.849s] -- Up-to-date: /home/peony/navigation_ws/install/path_searching/share/path_searching/local_setup.sh
[10.849s] -- Up-to-date: /home/peony/navigation_ws/install/path_searching/share/path_searching/local_setup.zsh
[10.849s] -- Up-to-date: /home/peony/navigation_ws/install/path_searching/share/path_searching/local_setup.dsv
[10.849s] -- Installing: /home/peony/navigation_ws/install/path_searching/share/path_searching/package.dsv
[10.849s] -- Up-to-date: /home/peony/navigation_ws/install/path_searching/share/ament_index/resource_index/packages/path_searching
[10.849s] -- Up-to-date: /home/peony/navigation_ws/install/path_searching/share/path_searching/cmake/ament_cmake_export_include_directories-extras.cmake
[10.849s] -- Up-to-date: /home/peony/navigation_ws/install/path_searching/share/path_searching/cmake/ament_cmake_export_libraries-extras.cmake
[10.849s] -- Up-to-date: /home/peony/navigation_ws/install/path_searching/share/path_searching/cmake/ament_cmake_export_dependencies-extras.cmake
[10.849s] -- Up-to-date: /home/peony/navigation_ws/install/path_searching/share/path_searching/cmake/path_searchingConfig.cmake
[10.849s] -- Up-to-date: /home/peony/navigation_ws/install/path_searching/share/path_searching/cmake/path_searchingConfig-version.cmake
[10.849s] -- Up-to-date: /home/peony/navigation_ws/install/path_searching/share/path_searching/package.xml
[10.850s] Invoked command in '/home/peony/navigation_ws/build/path_searching' returned '0': CMAKE_PREFIX_PATH=${CMAKE_PREFIX_PATH}:/opt/ros/humble /usr/bin/cmake --install /home/peony/navigation_ws/build/path_searching
