[0.011s] Invoking command in '/home/peony/navigation_ws/build/mpc_follower': CMAKE_PREFIX_PATH=/opt/ros/humble /usr/bin/cmake --build /home/peony/navigation_ws/build/mpc_follower -- -j32 -l32
[0.043s] -- Found ament_cmake: 1.3.12 (/opt/ros/humble/share/ament_cmake/cmake)
[0.129s] -- Found rclcpp: 16.0.17 (/opt/ros/humble/share/rclcpp/cmake)
[0.153s] -- Found rosidl_generator_c: 3.1.8 (/opt/ros/humble/share/rosidl_generator_c/cmake)
[0.155s] -- Found rosidl_adapter: 3.1.8 (/opt/ros/humble/share/rosidl_adapter/cmake)
[0.160s] -- Found rosidl_generator_cpp: 3.1.8 (/opt/ros/humble/share/rosidl_generator_cpp/cmake)
[0.168s] -- Using all available rosidl_typesupport_c: rosidl_typesupport_fastrtps_c;rosidl_typesupport_introspection_c
[0.177s] -- Using all available rosidl_typesupport_cpp: rosidl_typesupport_fastrtps_cpp;rosidl_typesupport_introspection_cpp
[0.202s] -- Found rmw_implementation_cmake: 6.1.2 (/opt/ros/humble/share/rmw_implementation_cmake/cmake)
[0.204s] -- Found rmw_fastrtps_cpp: 6.2.9 (/opt/ros/humble/share/rmw_fastrtps_cpp/cmake)
[0.274s] -- Using RMW implementation 'rmw_fastrtps_cpp' as default
[0.311s] -- Found nav_msgs: 4.9.0 (/opt/ros/humble/share/nav_msgs/cmake)
[0.330s] -- Found visualization_msgs: 4.9.0 (/opt/ros/humble/share/visualization_msgs/cmake)
[0.353s] -- Found tf2: 0.25.18 (/opt/ros/humble/share/tf2/cmake)
[0.356s] -- Found tf2_ros: 0.25.18 (/opt/ros/humble/share/tf2_ros/cmake)
[0.398s] -- Found tf2_geometry_msgs: 0.25.18 (/opt/ros/humble/share/tf2_geometry_msgs/cmake)
[0.402s] -- Found eigen3_cmake_module: 0.1.1 (/opt/ros/humble/share/eigen3_cmake_module/cmake)
[0.403s] -- Ensuring Eigen3 include directory is part of orocos-kdl CMake target
[0.408s] -- Found angles: 1.15.0 (/opt/ros/humble/share/angles/cmake)
[0.409s] -- Found pcl_conversions: 2.4.5 (/opt/ros/humble/share/pcl_conversions/cmake)
[0.431s] -- Eigen found (include: /usr/include/eigen3, version: 3.4.0)
[0.450s] -- FLANN found (include: /usr/include, lib: /usr/lib/x86_64-linux-gnu/libflann_cpp.so)
[0.641s] -- OpenNI found (version: 1.5.4.0, include: /usr/include/ni, lib: /usr/lib/libOpenNI.so;libusb::libusb)
[0.645s] -- OpenNI2 found (version: 2.2.0.33, include: /usr/include/openni2, lib: /usr/lib/x86_64-linux-gnu/libOpenNI2.so;libusb::libusb)
[0.733s] -- Eigen found (include: /usr/include/eigen3, version: 3.4.0)
[0.738s] -- OpenNI found (version: 1.5.4.0, include: /usr/include/ni, lib: /usr/lib/libOpenNI.so;libusb::libusb)
[0.743s] -- OpenNI2 found (version: 2.2.0.33, include: /usr/include/openni2, lib: /usr/lib/x86_64-linux-gnu/libOpenNI2.so;libusb::libusb)
[0.836s] -- Found Qhull version 8.0.2
[0.923s] -- OpenNI found (version: 1.5.4.0, include: /usr/include/ni, lib: /usr/lib/libOpenNI.so;libusb::libusb)
[1.025s] -- Found ament_lint_auto: 0.12.14 (/opt/ros/humble/share/ament_lint_auto/cmake)
[1.069s] -- Added test 'copyright' to check source files copyright and LICENSE
[1.071s] -- Added test 'cppcheck' to perform static code analysis on C / C++ code
[1.071s] -- Configured cppcheck include dirs: /home/peony/navigation_ws/src/mpc_follower/include
[1.071s] -- Configured cppcheck exclude dirs and/or files: 
[1.072s] -- Added test 'cpplint' to check C / C++ code against the Google style
[1.072s] -- Configured cpplint exclude dirs and/or files: 
[1.072s] -- Added test 'flake8' to check Python code syntax and style conventions
[1.073s] -- Added test 'lint_cmake' to check CMake code style
[1.073s] -- Added test 'pep257' to check Python code against some of the docstring style conventions in PEP 257
[1.074s] -- Added test 'uncrustify' to check C / C++ code style
[1.074s] -- Configured uncrustify additional arguments: 
[1.074s] -- Added test 'xmllint' to check XML markup files
[1.075s] -- Configuring done
[1.122s] -- Generating done
[1.128s] -- Build files have been written to: /home/peony/navigation_ws/build/mpc_follower
[1.154s] [35m[1mConsolidate compiler generated dependencies of target mpc_node[0m
[1.192s] [ 66%] [32mBuilding CXX object CMakeFiles/mpc_node.dir/src/mpc_controller.cpp.o[0m
[1.192s] [ 66%] [32mBuilding CXX object CMakeFiles/mpc_node.dir/src/mpc_node.cpp.o[0m
[11.729s] [100%] [32m[1mLinking CXX executable mpc_node[0m
[12.733s] [100%] Built target mpc_node
[12.745s] Invoked command in '/home/peony/navigation_ws/build/mpc_follower' returned '0': CMAKE_PREFIX_PATH=/opt/ros/humble /usr/bin/cmake --build /home/peony/navigation_ws/build/mpc_follower -- -j32 -l32
[12.752s] Invoking command in '/home/peony/navigation_ws/build/mpc_follower': CMAKE_PREFIX_PATH=/opt/ros/humble /usr/bin/cmake --install /home/peony/navigation_ws/build/mpc_follower
[12.756s] -- Install configuration: ""
[12.757s] -- Installing: /home/peony/navigation_ws/install/mpc_follower/lib/mpc_follower/mpc_node
[12.763s] -- Set runtime path of "/home/peony/navigation_ws/install/mpc_follower/lib/mpc_follower/mpc_node" to ""
[12.763s] -- Up-to-date: /home/peony/navigation_ws/install/mpc_follower/include/
[12.763s] -- Up-to-date: /home/peony/navigation_ws/install/mpc_follower/include//mpc_controller.h
[12.763s] -- Up-to-date: /home/peony/navigation_ws/install/mpc_follower/include//robot_model.h
[12.763s] -- Up-to-date: /home/peony/navigation_ws/install/mpc_follower/include//mpc_follower
[12.763s] -- Up-to-date: /home/peony/navigation_ws/install/mpc_follower/share/mpc_follower/cfg/
[12.763s] -- Up-to-date: /home/peony/navigation_ws/install/mpc_follower/share/mpc_follower/cfg//mpc_params.yaml
[12.763s] -- Up-to-date: /home/peony/navigation_ws/install/mpc_follower/share/mpc_follower/launch/
[12.763s] -- Up-to-date: /home/peony/navigation_ws/install/mpc_follower/share/mpc_follower/launch//mpc_follower.launch.py
[12.763s] -- Up-to-date: /home/peony/navigation_ws/install/mpc_follower/share/ament_index/resource_index/package_run_dependencies/mpc_follower
[12.764s] -- Up-to-date: /home/peony/navigation_ws/install/mpc_follower/share/ament_index/resource_index/parent_prefix_path/mpc_follower
[12.764s] -- Up-to-date: /home/peony/navigation_ws/install/mpc_follower/share/mpc_follower/environment/ament_prefix_path.sh
[12.764s] -- Installing: /home/peony/navigation_ws/install/mpc_follower/share/mpc_follower/environment/ament_prefix_path.dsv
[12.764s] -- Up-to-date: /home/peony/navigation_ws/install/mpc_follower/share/mpc_follower/environment/path.sh
[12.764s] -- Installing: /home/peony/navigation_ws/install/mpc_follower/share/mpc_follower/environment/path.dsv
[12.764s] -- Up-to-date: /home/peony/navigation_ws/install/mpc_follower/share/mpc_follower/local_setup.bash
[12.764s] -- Up-to-date: /home/peony/navigation_ws/install/mpc_follower/share/mpc_follower/local_setup.sh
[12.764s] -- Up-to-date: /home/peony/navigation_ws/install/mpc_follower/share/mpc_follower/local_setup.zsh
[12.764s] -- Installing: /home/peony/navigation_ws/install/mpc_follower/share/mpc_follower/local_setup.dsv
[12.764s] -- Installing: /home/peony/navigation_ws/install/mpc_follower/share/mpc_follower/package.dsv
[12.764s] -- Up-to-date: /home/peony/navigation_ws/install/mpc_follower/share/ament_index/resource_index/packages/mpc_follower
[12.765s] -- Up-to-date: /home/peony/navigation_ws/install/mpc_follower/share/mpc_follower/cmake/mpc_followerConfig.cmake
[12.765s] -- Up-to-date: /home/peony/navigation_ws/install/mpc_follower/share/mpc_follower/cmake/mpc_followerConfig-version.cmake
[12.765s] -- Up-to-date: /home/peony/navigation_ws/install/mpc_follower/share/mpc_follower/package.xml
[12.766s] Invoked command in '/home/peony/navigation_ws/build/mpc_follower' returned '0': CMAKE_PREFIX_PATH=/opt/ros/humble /usr/bin/cmake --install /home/peony/navigation_ws/build/mpc_follower
