[0.008s] Invoking command in '/home/peony/navigation_ws/build/path_following': CMAKE_PREFIX_PATH=/opt/ros/humble /usr/bin/cmake --build /home/peony/navigation_ws/build/path_following -- -j32 -l32
[0.031s] -- Found ament_cmake: 1.3.12 (/opt/ros/humble/share/ament_cmake/cmake)
[0.121s] -- Found nav_msgs: 4.9.0 (/opt/ros/humble/share/nav_msgs/cmake)
[0.139s] -- Found rosidl_generator_c: 3.1.8 (/opt/ros/humble/share/rosidl_generator_c/cmake)
[0.141s] -- Found rosidl_adapter: 3.1.8 (/opt/ros/humble/share/rosidl_adapter/cmake)
[0.145s] -- Found rosidl_generator_cpp: 3.1.8 (/opt/ros/humble/share/rosidl_generator_cpp/cmake)
[0.152s] -- Using all available rosidl_typesupport_c: rosidl_typesupport_fastrtps_c;rosidl_typesupport_introspection_c
[0.161s] -- Using all available rosidl_typesupport_cpp: rosidl_typesupport_fastrtps_cpp;rosidl_typesupport_introspection_cpp
[0.198s] -- Found rclcpp: 16.0.17 (/opt/ros/humble/share/rclcpp/cmake)
[0.211s] -- Found rmw_implementation_cmake: 6.1.2 (/opt/ros/humble/share/rmw_implementation_cmake/cmake)
[0.211s] -- Found rmw_fastrtps_cpp: 6.2.9 (/opt/ros/humble/share/rmw_fastrtps_cpp/cmake)
[0.275s] -- Using RMW implementation 'rmw_fastrtps_cpp' as default
[0.295s] -- Found sensor_msgs: 4.9.0 (/opt/ros/humble/share/sensor_msgs/cmake)
[0.304s] -- Found pcl_conversions: 2.4.5 (/opt/ros/humble/share/pcl_conversions/cmake)
[0.324s] -- Eigen found (include: /usr/include/eigen3, version: 3.4.0)
[0.343s] -- FLANN found (include: /usr/include, lib: /usr/lib/x86_64-linux-gnu/libflann_cpp.so)
[0.524s] -- OpenNI found (version: 1.5.4.0, include: /usr/include/ni, lib: /usr/lib/libOpenNI.so;libusb::libusb)
[0.528s] -- OpenNI2 found (version: 2.2.0.33, include: /usr/include/openni2, lib: /usr/lib/x86_64-linux-gnu/libOpenNI2.so;libusb::libusb)
[0.616s] -- Eigen found (include: /usr/include/eigen3, version: 3.4.0)
[0.621s] -- OpenNI found (version: 1.5.4.0, include: /usr/include/ni, lib: /usr/lib/libOpenNI.so;libusb::libusb)
[0.625s] -- OpenNI2 found (version: 2.2.0.33, include: /usr/include/openni2, lib: /usr/lib/x86_64-linux-gnu/libOpenNI2.so;libusb::libusb)
[0.707s] -- Found Qhull version 8.0.2
[0.791s] -- OpenNI found (version: 1.5.4.0, include: /usr/include/ni, lib: /usr/lib/libOpenNI.so;libusb::libusb)
[0.879s] [33mCMake Warning (dev) at CMakeLists.txt:14 (find_package):
[0.879s]   Policy CMP0074 is not set: find_package uses <PackageName>_ROOT variables.
[0.879s]   Run "cmake --help-policy CMP0074" for policy details.  Use the cmake_policy
[0.879s]   command to set the policy and suppress this warning.
[0.879s] 
[0.879s]   CMake variable PCL_ROOT is set to:
[0.879s] 
[0.880s]     /usr
[0.880s] 
[0.880s]   For compatibility, CMake is ignoring the variable.
[0.880s] This warning is for project developers.  Use -Wno-dev to suppress it.
[0.880s] [0m
[0.920s] -- Configuring done
[0.939s] -- Generating done
[0.945s] -- Build files have been written to: /home/peony/navigation_ws/build/path_following
[0.972s] [ 33%] [32mBuilding CXX object CMakeFiles/pid_follower.dir/src/main.cpp.o[0m
[0.973s] [ 66%] [32mBuilding CXX object CMakeFiles/pid_follower.dir/src/TrajFollower.cpp.o[0m
[1.199s] In file included from [01m[K/home/peony/navigation_ws/src/path_following/src/TrajFollower.cpp:1[m[K:
[1.199s] [01m[K/home/peony/navigation_ws/src/path_following/include/TrajFollower.h:7:10:[m[K [01;31m[Kfatal error: [m[Knav_msgs/msg/Path.hpp: 没有那个文件或目录
[1.199s]     7 | #include [01;31m[K<nav_msgs/msg/Path.hpp>[m[K
[1.199s]       |          [01;31m[K^~~~~~~~~~~~~~~~~~~~~~~[m[K
[1.199s] compilation terminated.
[1.199s] In file included from [01m[K/home/peony/navigation_ws/src/path_following/src/main.cpp:2[m[K:
[1.199s] [01m[K/home/peony/navigation_ws/src/path_following/include/TrajFollower.h:7:10:[m[K [01;31m[Kfatal error: [m[Knav_msgs/msg/Path.hpp: 没有那个文件或目录
[1.199s]     7 | #include [01;31m[K<nav_msgs/msg/Path.hpp>[m[K
[1.199s]       |          [01;31m[K^~~~~~~~~~~~~~~~~~~~~~~[m[K
[1.199s] compilation terminated.
[1.203s] gmake[2]: *** [CMakeFiles/pid_follower.dir/build.make:76：CMakeFiles/pid_follower.dir/src/main.cpp.o] 错误 1
[1.203s] gmake[2]: *** 正在等待未完成的任务....
[1.203s] gmake[2]: *** [CMakeFiles/pid_follower.dir/build.make:90：CMakeFiles/pid_follower.dir/src/TrajFollower.cpp.o] 错误 1
[1.204s] gmake[1]: *** [CMakeFiles/Makefile2:137：CMakeFiles/pid_follower.dir/all] 错误 2
[1.204s] gmake: *** [Makefile:146：all] 错误 2
[1.206s] Invoked command in '/home/peony/navigation_ws/build/path_following' returned '2': CMAKE_PREFIX_PATH=/opt/ros/humble /usr/bin/cmake --build /home/peony/navigation_ws/build/path_following -- -j32 -l32
