-- The C compiler identification is GNU 11.4.0
-- The CXX compiler identification is GNU 11.4.0
-- Detecting C compiler ABI info
-- Detecting C compiler ABI info - done
-- Check for working C compiler: /usr/bin/cc - skipped
-- Detecting C compile features
-- Detecting C compile features - done
-- Detecting CXX compiler ABI info
-- Detecting CXX compiler ABI info - done
-- Check for working CXX compiler: /usr/bin/c++ - skipped
-- Detecting CXX compile features
-- Detecting CXX compile features - done
-- Found ament_cmake: 1.3.12 (/opt/ros/humble/share/ament_cmake/cmake)
-- Found Python3: /usr/bin/python3 (found version "3.10.12") found components: Interpreter 
-- Found nav_msgs: 4.9.0 (/opt/ros/humble/share/nav_msgs/cmake)
-- Found rosidl_generator_c: 3.1.8 (/opt/ros/humble/share/rosidl_generator_c/cmake)
-- Found rosidl_adapter: 3.1.8 (/opt/ros/humble/share/rosidl_adapter/cmake)
-- Found rosidl_generator_cpp: 3.1.8 (/opt/ros/humble/share/rosidl_generator_cpp/cmake)
-- Using all available rosidl_typesupport_c: rosidl_typesupport_fastrtps_c;rosidl_typesupport_introspection_c
-- Using all available rosidl_typesupport_cpp: rosidl_typesupport_fastrtps_cpp;rosidl_typesupport_introspection_cpp
-- Found rclcpp: 16.0.17 (/opt/ros/humble/share/rclcpp/cmake)
-- Found rmw_implementation_cmake: 6.1.2 (/opt/ros/humble/share/rmw_implementation_cmake/cmake)
-- Found rmw_fastrtps_cpp: 6.2.9 (/opt/ros/humble/share/rmw_fastrtps_cpp/cmake)
-- Found OpenSSL: /usr/lib/x86_64-linux-gnu/libcrypto.so (found version "3.0.2")  
-- Found FastRTPS: /opt/ros/humble/include  
-- Using RMW implementation 'rmw_fastrtps_cpp' as default
-- Looking for pthread.h
-- Looking for pthread.h - found
-- Performing Test CMAKE_HAVE_LIBC_PTHREAD
-- Performing Test CMAKE_HAVE_LIBC_PTHREAD - Success
-- Found Threads: TRUE  
-- Found sensor_msgs: 4.9.0 (/opt/ros/humble/share/sensor_msgs/cmake)
-- Found pcl_conversions: 2.4.5 (/opt/ros/humble/share/pcl_conversions/cmake)
-- Checking for module 'eigen3'
--   Found eigen3, version 3.4.0
-- Found Eigen: /usr/include/eigen3 (Required is at least version "3.1") 
-- Eigen found (include: /usr/include/eigen3, version: 3.4.0)
-- Checking for module 'flann'
--   Found flann, version 1.9.1
-- Found FLANN: /usr/lib/x86_64-linux-gnu/libflann_cpp.so  
-- FLANN found (include: /usr/include, lib: /usr/lib/x86_64-linux-gnu/libflann_cpp.so)
-- Checking for module 'libusb-1.0'
--   Found libusb-1.0, version 1.0.25
-- Found libusb: /usr/lib/x86_64-linux-gnu/libusb-1.0.so  
-- OpenNI found (version: 1.5.4.0, include: /usr/include/ni, lib: /usr/lib/libOpenNI.so;libusb::libusb)
-- OpenNI2 found (version: 2.2.0.33, include: /usr/include/openni2, lib: /usr/lib/x86_64-linux-gnu/libOpenNI2.so;libusb::libusb)
-- Eigen found (include: /usr/include/eigen3, version: 3.4.0)
-- OpenNI found (version: 1.5.4.0, include: /usr/include/ni, lib: /usr/lib/libOpenNI.so;libusb::libusb)
-- OpenNI2 found (version: 2.2.0.33, include: /usr/include/openni2, lib: /usr/lib/x86_64-linux-gnu/libOpenNI2.so;libusb::libusb)
-- Found Qhull version 8.0.2
-- OpenNI found (version: 1.5.4.0, include: /usr/include/ni, lib: /usr/lib/libOpenNI.so;libusb::libusb)
-- Found PCL_COMMON: /usr/lib/x86_64-linux-gnu/libpcl_common.so  
-- Found PCL_KDTREE: /usr/lib/x86_64-linux-gnu/libpcl_kdtree.so  
-- Found PCL_OCTREE: /usr/lib/x86_64-linux-gnu/libpcl_octree.so  
-- Found PCL_SEARCH: /usr/lib/x86_64-linux-gnu/libpcl_search.so  
-- Found PCL_SAMPLE_CONSENSUS: /usr/lib/x86_64-linux-gnu/libpcl_sample_consensus.so  
-- Found PCL_FILTERS: /usr/lib/x86_64-linux-gnu/libpcl_filters.so  
-- Found PCL_2D: /usr/include/pcl-1.12  
-- Found PCL_GEOMETRY: /usr/include/pcl-1.12  
-- Found PCL_IO: /usr/lib/x86_64-linux-gnu/libpcl_io.so  
-- Found PCL_FEATURES: /usr/lib/x86_64-linux-gnu/libpcl_features.so  
-- Found PCL_ML: /usr/lib/x86_64-linux-gnu/libpcl_ml.so  
-- Found PCL_SEGMENTATION: /usr/lib/x86_64-linux-gnu/libpcl_segmentation.so  
-- Found PCL_VISUALIZATION: /usr/lib/x86_64-linux-gnu/libpcl_visualization.so  
-- Found PCL_SURFACE: /usr/lib/x86_64-linux-gnu/libpcl_surface.so  
-- Found PCL_REGISTRATION: /usr/lib/x86_64-linux-gnu/libpcl_registration.so  
-- Found PCL_KEYPOINTS: /usr/lib/x86_64-linux-gnu/libpcl_keypoints.so  
-- Found PCL_TRACKING: /usr/lib/x86_64-linux-gnu/libpcl_tracking.so  
-- Found PCL_RECOGNITION: /usr/lib/x86_64-linux-gnu/libpcl_recognition.so  
-- Found PCL_STEREO: /usr/lib/x86_64-linux-gnu/libpcl_stereo.so  
-- Found PCL_APPS: /usr/lib/x86_64-linux-gnu/libpcl_apps.so  
-- Found PCL_IN_HAND_SCANNER: /usr/include/pcl-1.12  
-- Found PCL_MODELER: /usr/include/pcl-1.12  
-- Found PCL_POINT_CLOUD_EDITOR: /usr/include/pcl-1.12  
-- Found PCL_OUTOFCORE: /usr/lib/x86_64-linux-gnu/libpcl_outofcore.so  
-- Found PCL_PEOPLE: /usr/lib/x86_64-linux-gnu/libpcl_people.so  
-- Found tf2: 0.25.18 (/opt/ros/humble/share/tf2/cmake)
-- Found tf2_ros: 0.25.18 (/opt/ros/humble/share/tf2_ros/cmake)
-- Found tf2_geometry_msgs: 0.25.18 (/opt/ros/humble/share/tf2_geometry_msgs/cmake)
-- Found eigen3_cmake_module: 0.1.1 (/opt/ros/humble/share/eigen3_cmake_module/cmake)
-- Found Eigen3: TRUE (found version "3.4.0") 
-- Ensuring Eigen3 include directory is part of orocos-kdl CMake target
[33mCMake Warning (dev) at CMakeLists.txt:17 (find_package):
  Policy CMP0074 is not set: find_package uses <PackageName>_ROOT variables.
  Run "cmake --help-policy CMP0074" for policy details.  Use the cmake_policy
  command to set the policy and suppress this warning.

  CMake variable PCL_ROOT is set to:

    /usr

  For compatibility, CMake is ignoring the variable.
This warning is for project developers.  Use -Wno-dev to suppress it.
[0m
-- Configuring done
-- Generating done
-- Build files have been written to: /home/peony/navigation_ws/build/path_following
[ 66%] [32mBuilding CXX object CMakeFiles/pid_follower.dir/src/TrajFollower.cpp.o[0m
[ 66%] [32mBuilding CXX object CMakeFiles/pid_follower.dir/src/main.cpp.o[0m
In file included from [01m[K/home/peony/navigation_ws/src/path_following/src/TrajFollower.cpp:1[m[K:
[01m[K/home/peony/navigation_ws/src/path_following/include/TrajFollower.h:65:13:[m[K [01;31m[Kerror: [m[Kfunction template-id ‘[01m[Kcreate_wall_timer<std::chrono::duration<double, std::ratio<1, 1> > >[m[K’ in nested-name-specifier
   65 |     rclcpp::[01;31m[Kcreate_wall_timer<std::chrono::duration<double>>[m[K::SharedPtr plan_timer;
      |             [01;31m[K^~~~~~~~~~~~~~~~~~~~~~~~~~~~~~~~~~~~~~~~~~~~~~~~[m[K
In file included from [01m[K/opt/ros/humble/include/rclcpp/rclcpp/create_subscription.hpp:33[m[K,
                 from [01m[K/opt/ros/humble/include/rclcpp/rclcpp/node_impl.hpp:43[m[K,
                 from [01m[K/opt/ros/humble/include/rclcpp/rclcpp/node.hpp:1321[m[K,
                 from [01m[K/opt/ros/humble/include/rclcpp/rclcpp/executors/single_threaded_executor.hpp:28[m[K,
                 from [01m[K/opt/ros/humble/include/rclcpp/rclcpp/executors.hpp:22[m[K,
                 from [01m[K/opt/ros/humble/include/rclcpp/rclcpp/rclcpp.hpp:155[m[K,
                 from [01m[K/home/peony/navigation_ws/src/path_following/include/TrajFollower.h:6[m[K,
                 from [01m[K/home/peony/navigation_ws/src/path_following/src/TrajFollower.cpp:1[m[K:
[01m[K/opt/ros/humble/include/rclcpp/rclcpp/create_timer.hpp:90:1:[m[K [01;36m[Knote: [m[K‘[01m[Ktemplate<class DurationRepT, class DurationT, class CallbackT> typename rclcpp::WallTimer<CallbackT>::SharedPtr rclcpp::create_wall_timer(std::chrono::duration<_Rep1, _Period1>, CallbackT, rclcpp::CallbackGroup::SharedPtr, rclcpp::node_interfaces::NodeBaseInterface*, rclcpp::node_interfaces::NodeTimersInterface*)[m[K’ declared here
   90 | [01;36m[Kcreate_wall_timer[m[K(
      | [01;36m[K^~~~~~~~~~~~~~~~~[m[K
In file included from [01m[K/home/peony/navigation_ws/src/path_following/src/TrajFollower.cpp:1[m[K:
[01m[K/home/peony/navigation_ws/src/path_following/include/TrajFollower.h:65:63:[m[K [01;31m[Kerror: [m[Kexpected ‘[01m[K;[m[K’ at end of member declaration
   65 |     rclcpp::create_wall_timer<std::chrono::duration<double>>::[01;31m[KSharedPtr[m[K plan_timer;
      |                                                               [01;31m[K^~~~~~~~~[m[K
      |                                                                        [32m[K;[m[K
In file included from [01m[K/home/peony/navigation_ws/src/path_following/src/main.cpp:2[m[K:
[01m[K/home/peony/navigation_ws/src/path_following/include/TrajFollower.h:65:13:[m[K [01;31m[Kerror: [m[Kfunction template-id ‘[01m[Kcreate_wall_timer<std::chrono::duration<double, std::ratio<1, 1> > >[m[K’ in nested-name-specifier
   65 |     rclcpp::[01;31m[Kcreate_wall_timer<std::chrono::duration<double>>[m[K::SharedPtr plan_timer;
      |             [01;31m[K^~~~~~~~~~~~~~~~~~~~~~~~~~~~~~~~~~~~~~~~~~~~~~~~[m[K
In file included from [01m[K/opt/ros/humble/include/rclcpp/rclcpp/create_subscription.hpp:33[m[K,
                 from [01m[K/opt/ros/humble/include/rclcpp/rclcpp/node_impl.hpp:43[m[K,
                 from [01m[K/opt/ros/humble/include/rclcpp/rclcpp/node.hpp:1321[m[K,
                 from [01m[K/opt/ros/humble/include/rclcpp/rclcpp/executors/single_threaded_executor.hpp:28[m[K,
                 from [01m[K/opt/ros/humble/include/rclcpp/rclcpp/executors.hpp:22[m[K,
                 from [01m[K/opt/ros/humble/include/rclcpp/rclcpp/rclcpp.hpp:155[m[K,
                 from [01m[K/home/peony/navigation_ws/src/path_following/src/main.cpp:1[m[K:
[01m[K/opt/ros/humble/include/rclcpp/rclcpp/create_timer.hpp:90:1:[m[K [01;36m[Knote: [m[K‘[01m[Ktemplate<class DurationRepT, class DurationT, class CallbackT> typename rclcpp::WallTimer<CallbackT>::SharedPtr rclcpp::create_wall_timer(std::chrono::duration<_Rep1, _Period1>, CallbackT, rclcpp::CallbackGroup::SharedPtr, rclcpp::node_interfaces::NodeBaseInterface*, rclcpp::node_interfaces::NodeTimersInterface*)[m[K’ declared here
   90 | [01;36m[Kcreate_wall_timer[m[K(
      | [01;36m[K^~~~~~~~~~~~~~~~~[m[K
In file included from [01m[K/home/peony/navigation_ws/src/path_following/src/main.cpp:2[m[K:
[01m[K/home/peony/navigation_ws/src/path_following/include/TrajFollower.h:65:63:[m[K [01;31m[Kerror: [m[Kexpected ‘[01m[K;[m[K’ at end of member declaration
   65 |     rclcpp::create_wall_timer<std::chrono::duration<double>>::[01;31m[KSharedPtr[m[K plan_timer;
      |                                                               [01;31m[K^~~~~~~~~[m[K
      |                                                                        [32m[K;[m[K
[01m[K/home/peony/navigation_ws/src/path_following/include/TrajFollower.h:65:73:[m[K [01;31m[Kerror: [m[K‘[01m[Kplan_timer[m[K’ does not name a type
   65 |     rclcpp::create_wall_timer<std::chrono::duration<double>>::SharedPtr [01;31m[Kplan_timer[m[K;
      |                                                                         [01;31m[K^~~~~~~~~~[m[K
[01m[K/home/peony/navigation_ws/src/path_following/include/TrajFollower.h:65:73:[m[K [01;31m[Kerror: [m[K‘[01m[Kplan_timer[m[K’ does not name a type
   65 |     rclcpp::create_wall_timer<std::chrono::duration<double>>::SharedPtr [01;31m[Kplan_timer[m[K;
      |                                                                         [01;31m[K^~~~~~~~~~[m[K
[01m[K/home/peony/navigation_ws/src/path_following/include/TrajFollower.h:67:21:[m[K [01;31m[Kerror: [m[K‘[01m[Ktf[m[K’ was not declared in this scope; did you mean ‘[01m[Ktm[m[K’?
   67 |     std::shared_ptr<[01;31m[Ktf[m[K::TransformListener> tf_listener;
      |                     [01;31m[K^~[m[K
      |                     [32m[Ktm[m[K
[01m[K/home/peony/navigation_ws/src/path_following/include/TrajFollower.h:67:42:[m[K [01;31m[Kerror: [m[Ktemplate argument 1 is invalid
   67 |     std::shared_ptr<tf::TransformListener[01;31m[K>[m[K tf_listener;
      |                                          [01;31m[K^[m[K
[01m[K/home/peony/navigation_ws/src/path_following/include/TrajFollower.h:68:30:[m[K [01;31m[Kerror: [m[K‘[01m[KBuffer[m[K’ is not a member of ‘[01m[Ktf2_ros[m[K’
   68 |     std::unique_ptr<tf2_ros::[01;31m[KBuffer[m[K> tf_buffer_;
      |                              [01;31m[K^~~~~~[m[K
[01m[K/home/peony/navigation_ws/src/path_following/include/TrajFollower.h:68:36:[m[K [01;31m[Kerror: [m[Ktemplate argument 1 is invalid
   68 |     std::unique_ptr<tf2_ros::Buffer[01;31m[K>[m[K tf_buffer_;
      |                                    [01;31m[K^[m[K
[01m[K/home/peony/navigation_ws/src/path_following/include/TrajFollower.h:68:36:[m[K [01;31m[Kerror: [m[Ktemplate argument 2 is invalid
[01m[K/home/peony/navigation_ws/src/path_following/include/TrajFollower.h:69:30:[m[K [01;31m[Kerror: [m[K‘[01m[KTransformListener[m[K’ is not a member of ‘[01m[Ktf2_ros[m[K’
   69 |     std::shared_ptr<tf2_ros::[01;31m[KTransformListener[m[K> transform_listener_;
      |                              [01;31m[K^~~~~~~~~~~~~~~~~[m[K
[01m[K/home/peony/navigation_ws/src/path_following/include/TrajFollower.h:69:47:[m[K [01;31m[Kerror: [m[Ktemplate argument 1 is invalid
   69 |     std::shared_ptr<tf2_ros::TransformListener[01;31m[K>[m[K transform_listener_;
      |                                               [01;31m[K^[m[K
[01m[K/home/peony/navigation_ws/src/path_following/include/TrajFollower.h:67:21:[m[K [01;31m[Kerror: [m[K‘[01m[Ktf[m[K’ was not declared in this scope; did you mean ‘[01m[Ktm[m[K’?
   67 |     std::shared_ptr<[01;31m[Ktf[m[K::TransformListener> tf_listener;
      |                     [01;31m[K^~[m[K
      |                     [32m[Ktm[m[K
[01m[K/home/peony/navigation_ws/src/path_following/include/TrajFollower.h:67:42:[m[K [01;31m[Kerror: [m[Ktemplate argument 1 is invalid
   67 |     std::shared_ptr<tf::TransformListener[01;31m[K>[m[K tf_listener;
      |                                          [01;31m[K^[m[K
[01m[K/home/peony/navigation_ws/src/path_following/include/TrajFollower.h:68:30:[m[K [01;31m[Kerror: [m[K‘[01m[KBuffer[m[K’ is not a member of ‘[01m[Ktf2_ros[m[K’
   68 |     std::unique_ptr<tf2_ros::[01;31m[KBuffer[m[K> tf_buffer_;
      |                              [01;31m[K^~~~~~[m[K
[01m[K/home/peony/navigation_ws/src/path_following/include/TrajFollower.h:68:36:[m[K [01;31m[Kerror: [m[Ktemplate argument 1 is invalid
   68 |     std::unique_ptr<tf2_ros::Buffer[01;31m[K>[m[K tf_buffer_;
      |                                    [01;31m[K^[m[K
[01m[K/home/peony/navigation_ws/src/path_following/include/TrajFollower.h:68:36:[m[K [01;31m[Kerror: [m[Ktemplate argument 2 is invalid
[01m[K/home/peony/navigation_ws/src/path_following/include/TrajFollower.h:69:30:[m[K [01;31m[Kerror: [m[K‘[01m[KTransformListener[m[K’ is not a member of ‘[01m[Ktf2_ros[m[K’
   69 |     std::shared_ptr<tf2_ros::[01;31m[KTransformListener[m[K> transform_listener_;
      |                              [01;31m[K^~~~~~~~~~~~~~~~~[m[K
[01m[K/home/peony/navigation_ws/src/path_following/include/TrajFollower.h:69:47:[m[K [01;31m[Kerror: [m[Ktemplate argument 1 is invalid
   69 |     std::shared_ptr<tf2_ros::TransformListener[01;31m[K>[m[K transform_listener_;
      |                                               [01;31m[K^[m[K
[01m[K/home/peony/navigation_ws/src/path_following/include/TrajFollower.h:[m[K In constructor ‘[01m[KTrajFollower::TrajFollower(rclcpp::Node&, double, double, double, double)[m[K’:
[01m[K/home/peony/navigation_ws/src/path_following/include/TrajFollower.h:29:46:[m[K [01;31m[Kerror: [m[K‘[01m[Ktf[m[K’ was not declared in this scope; did you mean ‘[01m[Ktm[m[K’?
   29 |         this->tf_listener = std::make_shared<[01;31m[Ktf[m[K::TransformListener>();
      |                                              [01;31m[K^~[m[K
      |                                              [32m[Ktm[m[K
[01m[K/home/peony/navigation_ws/src/path_following/include/TrajFollower.h:29:34:[m[K [01;31m[Kerror: [m[Kparse error in template argument list
   29 |         this->tf_listener = std::[01;31m[Kmake_shared<tf::TransformListener>[m[K();
      |                                  [01;31m[K^~~~~~~~~~~~~~~~~~~~~~~~~~~~~~~~~~[m[K
[01m[K/home/peony/navigation_ws/src/path_following/include/TrajFollower.h:29:68:[m[K [01;31m[Kerror: [m[Kno matching function for call to ‘[01m[Kmake_shared<<expression error> >()[m[K’
   29 |         this->tf_listener = [01;31m[Kstd::make_shared<tf::TransformListener>()[m[K;
      |                             [01;31m[K~~~~~~~~~~~~~~~~~~~~~~~~~~~~~~~~~~~~~~~^~[m[K
In file included from [01m[K/usr/include/c++/11/memory:77[m[K,
                 from [01m[K/opt/ros/humble/include/rclcpp/rclcpp/rclcpp.hpp:153[m[K,
                 from [01m[K/home/peony/navigation_ws/src/path_following/include/TrajFollower.h:6[m[K,
                 from [01m[K/home/peony/navigation_ws/src/path_following/src/TrajFollower.cpp:1[m[K:
[01m[K/usr/include/c++/11/bits/shared_ptr.h:875:5:[m[K [01;36m[Knote: [m[Kcandidate: ‘[01m[Ktemplate<class _Tp, class ... _Args> std::shared_ptr<_Tp> std::make_shared(_Args&& ...)[m[K’
  875 |     [01;36m[Kmake_shared[m[K(_Args&&... __args)
      |     [01;36m[K^~~~~~~~~~~[m[K
[01m[K/usr/include/c++/11/bits/shared_ptr.h:875:5:[m[K [01;36m[Knote: [m[K  template argument deduction/substitution failed:
In file included from [01m[K/home/peony/navigation_ws/src/path_following/src/TrajFollower.cpp:1[m[K:
[01m[K/home/peony/navigation_ws/src/path_following/include/TrajFollower.h:29:68:[m[K [01;31m[Kerror: [m[Ktemplate argument 1 is invalid
   29 |         this->tf_listener = [01;31m[Kstd::make_shared<tf::TransformListener>()[m[K;
      |                             [01;31m[K~~~~~~~~~~~~~~~~~~~~~~~~~~~~~~~~~~~~~~~^~[m[K
[01m[K/home/peony/navigation_ws/src/path_following/include/TrajFollower.h:[m[K In constructor ‘[01m[KTrajFollower::TrajFollower(rclcpp::Node&, double, double, double, double)[m[K’:
[01m[K/home/peony/navigation_ws/src/path_following/include/TrajFollower.h:29:46:[m[K [01;31m[Kerror: [m[K‘[01m[Ktf[m[K’ was not declared in this scope; did you mean ‘[01m[Ktm[m[K’?
   29 |         this->tf_listener = std::make_shared<[01;31m[Ktf[m[K::TransformListener>();
      |                                              [01;31m[K^~[m[K
      |                                              [32m[Ktm[m[K
[01m[K/home/peony/navigation_ws/src/path_following/include/TrajFollower.h:29:34:[m[K [01;31m[Kerror: [m[Kparse error in template argument list
   29 |         this->tf_listener = std::[01;31m[Kmake_shared<tf::TransformListener>[m[K();
      |                                  [01;31m[K^~~~~~~~~~~~~~~~~~~~~~~~~~~~~~~~~~[m[K
[01m[K/home/peony/navigation_ws/src/path_following/include/TrajFollower.h:29:68:[m[K [01;31m[Kerror: [m[Kno matching function for call to ‘[01m[Kmake_shared<<expression error> >()[m[K’
   29 |         this->tf_listener = [01;31m[Kstd::make_shared<tf::TransformListener>()[m[K;
      |                             [01;31m[K~~~~~~~~~~~~~~~~~~~~~~~~~~~~~~~~~~~~~~~^~[m[K
In file included from [01m[K/usr/include/c++/11/memory:77[m[K,
                 from [01m[K/opt/ros/humble/include/rclcpp/rclcpp/rclcpp.hpp:153[m[K,
                 from [01m[K/home/peony/navigation_ws/src/path_following/src/main.cpp:1[m[K:
[01m[K/usr/include/c++/11/bits/shared_ptr.h:875:5:[m[K [01;36m[Knote: [m[Kcandidate: ‘[01m[Ktemplate<class _Tp, class ... _Args> std::shared_ptr<_Tp> std::make_shared(_Args&& ...)[m[K’
  875 |     [01;36m[Kmake_shared[m[K(_Args&&... __args)
      |     [01;36m[K^~~~~~~~~~~[m[K
[01m[K/usr/include/c++/11/bits/shared_ptr.h:875:5:[m[K [01;36m[Knote: [m[K  template argument deduction/substitution failed:
In file included from [01m[K/home/peony/navigation_ws/src/path_following/src/main.cpp:2[m[K:
[01m[K/home/peony/navigation_ws/src/path_following/include/TrajFollower.h:29:68:[m[K [01;31m[Kerror: [m[Ktemplate argument 1 is invalid
   29 |         this->tf_listener = [01;31m[Kstd::make_shared<tf::TransformListener>()[m[K;
      |                             [01;31m[K~~~~~~~~~~~~~~~~~~~~~~~~~~~~~~~~~~~~~~~^~[m[K
[01m[K/home/peony/navigation_ws/src/path_following/include/TrajFollower.h:33:15:[m[K [01;31m[Kerror: [m[K‘[01m[Kclass TrajFollower[m[K’ has no member named ‘[01m[Kplan_timer[m[K’
   33 |         this->[01;31m[Kplan_timer[m[K = node.create_wall_timer(
      |               [01;31m[K^~~~~~~~~~[m[K
[01m[K/home/peony/navigation_ws/src/path_following/include/TrajFollower.h:33:50:[m[K [01;31m[Kerror: [m[Kno matching function for call to ‘[01m[Krclcpp::Node::create_wall_timer(std::chrono::duration<double>, std::_Bind_helper<false, void (TrajFollower::*)(const std::shared_ptr<rclcpp::TimerBase>&), TrajFollower*, const std::_Placeholder<1>&>::type)[m[K’
   33 |         this->plan_timer = [01;31m[Knode.create_wall_timer([m[K
      |                            [01;31m[K~~~~~~~~~~~~~~~~~~~~~~^[m[K
   34 | [01;31m[K            std::chrono::duration<double>(1.0 / 30),[m[K
      |             [01;31m[K~~~~~~~~~~~~~~~~~~~~~~~~~~~~~~~~~~~~~~~~[m[K
   35 | [01;31m[K            std::bind(&TrajFollower::manager, this, std::placeholders::_1))[m[K;
      |             [01;31m[K~~~~~~~~~~~~~~~~~~~~~~~~~~~~~~~~~~~~~~~~~~~~~~~~~~~~~~~~~~~~~~~[m[K
In file included from [01m[K/opt/ros/humble/include/rclcpp/rclcpp/executors/single_threaded_executor.hpp:28[m[K,
                 from [01m[K/opt/ros/humble/include/rclcpp/rclcpp/executors.hpp:22[m[K,
                 from [01m[K/opt/ros/humble/include/rclcpp/rclcpp/rclcpp.hpp:155[m[K,
                 from [01m[K/home/peony/navigation_ws/src/path_following/include/TrajFollower.h:6[m[K,
                 from [01m[K/home/peony/navigation_ws/src/path_following/src/TrajFollower.cpp:1[m[K:
[01m[K/opt/ros/humble/include/rclcpp/rclcpp/node.hpp:238:3:[m[K [01;36m[Knote: [m[Kcandidate: ‘[01m[Ktemplate<class DurationRepT, class DurationT, class CallbackT> typename rclcpp::WallTimer<CallbackT>::SharedPtr rclcpp::Node::create_wall_timer(std::chrono::duration<_Rep1, _Period1>, CallbackT, rclcpp::CallbackGroup::SharedPtr)[m[K’
  238 |   [01;36m[Kcreate_wall_timer[m[K(
      |   [01;36m[K^~~~~~~~~~~~~~~~~[m[K
[01m[K/opt/ros/humble/include/rclcpp/rclcpp/node.hpp:238:3:[m[K [01;36m[Knote: [m[K  template argument deduction/substitution failed:
In file included from [01m[K/opt/ros/humble/include/rclcpp/rclcpp/node.hpp:1321[m[K,
                 from [01m[K/opt/ros/humble/include/rclcpp/rclcpp/executors/single_threaded_executor.hpp:28[m[K,
                 from [01m[K/opt/ros/humble/include/rclcpp/rclcpp/executors.hpp:22[m[K,
                 from [01m[K/opt/ros/humble/include/rclcpp/rclcpp/rclcpp.hpp:155[m[K,
                 from [01m[K/home/peony/navigation_ws/src/path_following/include/TrajFollower.h:6[m[K,
                 from [01m[K/home/peony/navigation_ws/src/path_following/src/TrajFollower.cpp:1[m[K:
/opt/ros/humble/include/rclcpp/rclcpp/node_impl.hpp: In substitution of ‘[01m[Ktemplate<class DurationRepT, class DurationT, class CallbackT> typename rclcpp::WallTimer<CallbackT>::SharedPtr rclcpp::Node::create_wall_timer(std::chrono::duration<_Rep1, _Period1>, CallbackT, rclcpp::CallbackGroup::SharedPtr) [with DurationRepT = double; DurationT = std::ratio<1>; CallbackT = std::_Bind<void (TrajFollower::*(TrajFollower*, std::_Placeholder<1>))(const std::shared_ptr<rclcpp::TimerBase>&)>][m[K’:
[01m[K/home/peony/navigation_ws/src/path_following/include/TrajFollower.h:33:50:[m[K   required from here
[01m[K/opt/ros/humble/include/rclcpp/rclcpp/node_impl.hpp:110:1:[m[K [01;31m[Kerror: [m[Kno type named ‘[01m[Ktype[m[K’ in ‘[01m[Kstruct std::enable_if<false, void>[m[K’
  110 | [01;31m[KNode[m[K::create_wall_timer(
      | [01;31m[K^~~~[m[K
[01m[K/opt/ros/humble/include/rclcpp/rclcpp/node_impl.hpp:110:1:[m[K [01;31m[Kerror: [m[Kno type named ‘[01m[Ktype[m[K’ in ‘[01m[Kstruct std::enable_if<false, void>[m[K’
[01m[K/opt/ros/humble/include/rclcpp/rclcpp/node_impl.hpp:110:1:[m[K [01;36m[Knote: [m[Kinvalid template non-type parameter
In file included from [01m[K/home/peony/navigation_ws/src/path_following/src/TrajFollower.cpp:1[m[K:
[01m[K/home/peony/navigation_ws/src/path_following/include/TrajFollower.h:36:54:[m[K [01;31m[Kerror: [m[K‘[01m[KBuffer[m[K’ is not a member of ‘[01m[Ktf2_ros[m[K’
   36 |         this->tf_buffer_ = std::make_unique<tf2_ros::[01;31m[KBuffer[m[K>(node.get_clock());
      |                                                      [01;31m[K^~~~~~[m[K
[01m[K/home/peony/navigation_ws/src/path_following/include/TrajFollower.h:36:61:[m[K [01;31m[Kerror: [m[Kno matching function for call to ‘[01m[Kmake_unique<<expression error> >(rclcpp::Clock::SharedPtr)[m[K’
   36 |         this->tf_buffer_ = [01;31m[Kstd::make_unique<tf2_ros::Buffer>(node.get_clock())[m[K;
      |                            [01;31m[K~~~~~~~~~~~~~~~~~~~~~~~~~~~~~~~~~^~~~~~~~~~~~~~~~~~[m[K
In file included from [01m[K/usr/include/c++/11/memory:76[m[K,
                 from [01m[K/opt/ros/humble/include/rclcpp/rclcpp/rclcpp.hpp:153[m[K,
                 from [01m[K/home/peony/navigation_ws/src/path_following/include/TrajFollower.h:6[m[K,
                 from [01m[K/home/peony/navigation_ws/src/path_following/src/TrajFollower.cpp:1[m[K:
[01m[K/usr/include/c++/11/bits/unique_ptr.h:961:5:[m[K [01;36m[Knote: [m[Kcandidate: ‘[01m[Ktemplate<class _Tp, class ... _Args> typename std::_MakeUniq<_Tp>::__single_object std::make_unique(_Args&& ...)[m[K’
  961 |     [01;36m[Kmake_unique[m[K(_Args&&... __args)
      |     [01;36m[K^~~~~~~~~~~[m[K
[01m[K/usr/include/c++/11/bits/unique_ptr.h:961:5:[m[K [01;36m[Knote: [m[K  template argument deduction/substitution failed:
In file included from [01m[K/home/peony/navigation_ws/src/path_following/src/TrajFollower.cpp:1[m[K:
[01m[K/home/peony/navigation_ws/src/path_following/include/TrajFollower.h:36:61:[m[K [01;31m[Kerror: [m[Ktemplate argument 1 is invalid
   36 |         this->tf_buffer_ = [01;31m[Kstd::make_unique<tf2_ros::Buffer>(node.get_clock())[m[K;
      |                            [01;31m[K~~~~~~~~~~~~~~~~~~~~~~~~~~~~~~~~~^~~~~~~~~~~~~~~~~~[m[K
In file included from [01m[K/usr/include/c++/11/memory:76[m[K,
                 from [01m[K/opt/ros/humble/include/rclcpp/rclcpp/rclcpp.hpp:153[m[K,
                 from [01m[K/home/peony/navigation_ws/src/path_following/include/TrajFollower.h:6[m[K,
                 from [01m[K/home/peony/navigation_ws/src/path_following/src/TrajFollower.cpp:1[m[K:
[01m[K/usr/include/c++/11/bits/unique_ptr.h:967:5:[m[K [01;36m[Knote: [m[Kcandidate: ‘[01m[Ktemplate<class _Tp> typename std::_MakeUniq<_Tp>::__array std::make_unique(std::size_t)[m[K’
  967 |     [01;36m[Kmake_unique[m[K(size_t __num)
      |     [01;36m[K^~~~~~~~~~~[m[K
[01m[K/usr/include/c++/11/bits/unique_ptr.h:967:5:[m[K [01;36m[Knote: [m[K  template argument deduction/substitution failed:
In file included from [01m[K/home/peony/navigation_ws/src/path_following/src/TrajFollower.cpp:1[m[K:
[01m[K/home/peony/navigation_ws/src/path_following/include/TrajFollower.h:36:61:[m[K [01;31m[Kerror: [m[Ktemplate argument 1 is invalid
   36 |         this->tf_buffer_ = [01;31m[Kstd::make_unique<tf2_ros::Buffer>(node.get_clock())[m[K;
      |                            [01;31m[K~~~~~~~~~~~~~~~~~~~~~~~~~~~~~~~~~^~~~~~~~~~~~~~~~~~[m[K
In file included from [01m[K/usr/include/c++/11/memory:76[m[K,
                 from [01m[K/opt/ros/humble/include/rclcpp/rclcpp/rclcpp.hpp:153[m[K,
                 from [01m[K/home/peony/navigation_ws/src/path_following/include/TrajFollower.h:6[m[K,
                 from [01m[K/home/peony/navigation_ws/src/path_following/src/TrajFollower.cpp:1[m[K:
[01m[K/usr/include/c++/11/bits/unique_ptr.h:973:5:[m[K [01;36m[Knote: [m[Kcandidate: ‘[01m[Ktemplate<class _Tp, class ... _Args> typename std::_MakeUniq<_Tp>::__invalid_type std::make_unique(_Args&& ...)[m[K’ (deleted)
  973 |     [01;36m[Kmake_unique[m[K(_Args&&...) = delete;
      |     [01;36m[K^~~~~~~~~~~[m[K
[01m[K/usr/include/c++/11/bits/unique_ptr.h:973:5:[m[K [01;36m[Knote: [m[K  template argument deduction/substitution failed:
In file included from [01m[K/home/peony/navigation_ws/src/path_following/src/TrajFollower.cpp:1[m[K:
[01m[K/home/peony/navigation_ws/src/path_following/include/TrajFollower.h:36:61:[m[K [01;31m[Kerror: [m[Ktemplate argument 1 is invalid
   36 |         this->tf_buffer_ = [01;31m[Kstd::make_unique<tf2_ros::Buffer>(node.get_clock())[m[K;
      |                            [01;31m[K~~~~~~~~~~~~~~~~~~~~~~~~~~~~~~~~~^~~~~~~~~~~~~~~~~~[m[K
[01m[K/home/peony/navigation_ws/src/path_following/include/TrajFollower.h:33:15:[m[K [01;31m[Kerror: [m[K‘[01m[Kclass TrajFollower[m[K’ has no member named ‘[01m[Kplan_timer[m[K’
   33 |         this->[01;31m[Kplan_timer[m[K = node.create_wall_timer(
      |               [01;31m[K^~~~~~~~~~[m[K
[01m[K/home/peony/navigation_ws/src/path_following/include/TrajFollower.h:37:63:[m[K [01;31m[Kerror: [m[K‘[01m[KTransformListener[m[K’ is not a member of ‘[01m[Ktf2_ros[m[K’
   37 |         this->transform_listener_ = std::make_shared<tf2_ros::[01;31m[KTransformListener[m[K>(*tf_buffer_);
      |                                                               [01;31m[K^~~~~~~~~~~~~~~~~[m[K
[01m[K/home/peony/navigation_ws/src/path_following/include/TrajFollower.h:37:82:[m[K [01;31m[Kerror: [m[Kinvalid type argument of unary ‘[01m[K*[m[K’ (have ‘[01m[Kint[m[K’)
   37 |         this->transform_listener_ = std::make_shared<tf2_ros::TransformListener>([01;31m[K*tf_buffer_[m[K);
      |                                                                                  [01;31m[K^~~~~~~~~~~[m[K
[01m[K/home/peony/navigation_ws/src/path_following/src/TrajFollower.cpp:[m[K In member function ‘[01m[Kbool TrajFollower::get_transform()[m[K’:
[01m[K/home/peony/navigation_ws/src/path_following/src/TrajFollower.cpp:17:20:[m[K [01;31m[Kerror: [m[K‘[01m[KTransformStamped[m[K’ is not a member of ‘[01m[Kgeometry_msgs[m[K’; did you mean ‘[01m[Kgeometry_msgs::msg::TransformStamped[m[K’?
   17 |     geometry_msgs::[01;31m[KTransformStamped[m[K robot_global_pose =
      |                    [01;31m[K^~~~~~~~~~~~~~~~[m[K
In file included from [01m[K/opt/ros/humble/include/geometry_msgs/geometry_msgs/msg/transform_stamped.hpp:7[m[K,
                 from [01m[K/opt/ros/humble/include/tf2_geometry_msgs/tf2_geometry_msgs/tf2_geometry_msgs.hpp:41[m[K,
                 from [01m[K/home/peony/navigation_ws/src/path_following/include/TrajFollower.h:9[m[K,
                 from [01m[K/home/peony/navigation_ws/src/path_following/src/TrajFollower.cpp:1[m[K:
[01m[K/opt/ros/humble/include/geometry_msgs/geometry_msgs/msg/detail/transform_stamped__struct.hpp:157:7:[m[K [01;36m[Knote: [m[K‘[01m[Kgeometry_msgs::msg::TransformStamped[m[K’ declared here
  157 | using [01;36m[KTransformStamped[m[K =
      |       [01;36m[K^~~~~~~~~~~~~~~~[m[K
[01m[K/home/peony/navigation_ws/src/path_following/include/TrajFollower.h:33:50:[m[K [01;31m[Kerror: [m[Kno matching function for call to ‘[01m[Krclcpp::Node::create_wall_timer(std::chrono::duration<double>, std::_Bind_helper<false, void (TrajFollower::*)(const std::shared_ptr<rclcpp::TimerBase>&), TrajFollower*, const std::_Placeholder<1>&>::type)[m[K’
   33 |         this->plan_timer = [01;31m[Knode.create_wall_timer([m[K
      |                            [01;31m[K~~~~~~~~~~~~~~~~~~~~~~^[m[K
   34 | [01;31m[K            std::chrono::duration<double>(1.0 / 30),[m[K
      |             [01;31m[K~~~~~~~~~~~~~~~~~~~~~~~~~~~~~~~~~~~~~~~~[m[K
   35 | [01;31m[K            std::bind(&TrajFollower::manager, this, std::placeholders::_1))[m[K;
      |             [01;31m[K~~~~~~~~~~~~~~~~~~~~~~~~~~~~~~~~~~~~~~~~~~~~~~~~~~~~~~~~~~~~~~~[m[K
In file included from [01m[K/opt/ros/humble/include/rclcpp/rclcpp/executors/single_threaded_executor.hpp:28[m[K,
                 from [01m[K/opt/ros/humble/include/rclcpp/rclcpp/executors.hpp:22[m[K,
                 from [01m[K/opt/ros/humble/include/rclcpp/rclcpp/rclcpp.hpp:155[m[K,
                 from [01m[K/home/peony/navigation_ws/src/path_following/src/main.cpp:1[m[K:
[01m[K/opt/ros/humble/include/rclcpp/rclcpp/node.hpp:238:3:[m[K [01;36m[Knote: [m[Kcandidate: ‘[01m[Ktemplate<class DurationRepT, class DurationT, class CallbackT> typename rclcpp::WallTimer<CallbackT>::SharedPtr rclcpp::Node::create_wall_timer(std::chrono::duration<_Rep1, _Period1>, CallbackT, rclcpp::CallbackGroup::SharedPtr)[m[K’
  238 |   [01;36m[Kcreate_wall_timer[m[K(
      |   [01;36m[K^~~~~~~~~~~~~~~~~[m[K
[01m[K/opt/ros/humble/include/rclcpp/rclcpp/node.hpp:238:3:[m[K [01;36m[Knote: [m[K  template argument deduction/substitution failed:
In file included from [01m[K/opt/ros/humble/include/rclcpp/rclcpp/node.hpp:1321[m[K,
                 from [01m[K/opt/ros/humble/include/rclcpp/rclcpp/executors/single_threaded_executor.hpp:28[m[K,
                 from [01m[K/opt/ros/humble/include/rclcpp/rclcpp/executors.hpp:22[m[K,
                 from [01m[K/opt/ros/humble/include/rclcpp/rclcpp/rclcpp.hpp:155[m[K,
                 from [01m[K/home/peony/navigation_ws/src/path_following/src/main.cpp:1[m[K:
/opt/ros/humble/include/rclcpp/rclcpp/node_impl.hpp: In substitution of ‘[01m[Ktemplate<class DurationRepT, class DurationT, class CallbackT> typename rclcpp::WallTimer<CallbackT>::SharedPtr rclcpp::Node::create_wall_timer(std::chrono::duration<_Rep1, _Period1>, CallbackT, rclcpp::CallbackGroup::SharedPtr) [with DurationRepT = double; DurationT = std::ratio<1>; CallbackT = std::_Bind<void (TrajFollower::*(TrajFollower*, std::_Placeholder<1>))(const std::shared_ptr<rclcpp::TimerBase>&)>][m[K’:
[01m[K/home/peony/navigation_ws/src/path_following/include/TrajFollower.h:33:50:[m[K   required from here
[01m[K/opt/ros/humble/include/rclcpp/rclcpp/node_impl.hpp:110:1:[m[K [01;31m[Kerror: [m[Kno type named ‘[01m[Ktype[m[K’ in ‘[01m[Kstruct std::enable_if<false, void>[m[K’
  110 | [01;31m[KNode[m[K::create_wall_timer(
      | [01;31m[K^~~~[m[K
[01m[K/opt/ros/humble/include/rclcpp/rclcpp/node_impl.hpp:110:1:[m[K [01;31m[Kerror: [m[Kno type named ‘[01m[Ktype[m[K’ in ‘[01m[Kstruct std::enable_if<false, void>[m[K’
[01m[K/opt/ros/humble/include/rclcpp/rclcpp/node_impl.hpp:110:1:[m[K [01;36m[Knote: [m[Kinvalid template non-type parameter
In file included from [01m[K/home/peony/navigation_ws/src/path_following/src/main.cpp:2[m[K:
[01m[K/home/peony/navigation_ws/src/path_following/include/TrajFollower.h:36:54:[m[K [01;31m[Kerror: [m[K‘[01m[KBuffer[m[K’ is not a member of ‘[01m[Ktf2_ros[m[K’
   36 |         this->tf_buffer_ = std::make_unique<tf2_ros::[01;31m[KBuffer[m[K>(node.get_clock());
      |                                                      [01;31m[K^~~~~~[m[K
[01m[K/home/peony/navigation_ws/src/path_following/include/TrajFollower.h:36:61:[m[K [01;31m[Kerror: [m[Kno matching function for call to ‘[01m[Kmake_unique<<expression error> >(rclcpp::Clock::SharedPtr)[m[K’
   36 |         this->tf_buffer_ = [01;31m[Kstd::make_unique<tf2_ros::Buffer>(node.get_clock())[m[K;
      |                            [01;31m[K~~~~~~~~~~~~~~~~~~~~~~~~~~~~~~~~~^~~~~~~~~~~~~~~~~~[m[K
In file included from [01m[K/usr/include/c++/11/memory:76[m[K,
                 from [01m[K/opt/ros/humble/include/rclcpp/rclcpp/rclcpp.hpp:153[m[K,
                 from [01m[K/home/peony/navigation_ws/src/path_following/src/main.cpp:1[m[K:
[01m[K/usr/include/c++/11/bits/unique_ptr.h:961:5:[m[K [01;36m[Knote: [m[Kcandidate: ‘[01m[Ktemplate<class _Tp, class ... _Args> typename std::_MakeUniq<_Tp>::__single_object std::make_unique(_Args&& ...)[m[K’
  961 |     [01;36m[Kmake_unique[m[K(_Args&&... __args)
      |     [01;36m[K^~~~~~~~~~~[m[K
[01m[K/usr/include/c++/11/bits/unique_ptr.h:961:5:[m[K [01;36m[Knote: [m[K  template argument deduction/substitution failed:
In file included from [01m[K/home/peony/navigation_ws/src/path_following/src/main.cpp:2[m[K:
[01m[K/home/peony/navigation_ws/src/path_following/include/TrajFollower.h:36:61:[m[K [01;31m[Kerror: [m[Ktemplate argument 1 is invalid
   36 |         this->tf_buffer_ = [01;31m[Kstd::make_unique<tf2_ros::Buffer>(node.get_clock())[m[K;
      |                            [01;31m[K~~~~~~~~~~~~~~~~~~~~~~~~~~~~~~~~~^~~~~~~~~~~~~~~~~~[m[K
In file included from [01m[K/usr/include/c++/11/memory:76[m[K,
                 from [01m[K/opt/ros/humble/include/rclcpp/rclcpp/rclcpp.hpp:153[m[K,
                 from [01m[K/home/peony/navigation_ws/src/path_following/src/main.cpp:1[m[K:
[01m[K/usr/include/c++/11/bits/unique_ptr.h:967:5:[m[K [01;36m[Knote: [m[Kcandidate: ‘[01m[Ktemplate<class _Tp> typename std::_MakeUniq<_Tp>::__array std::make_unique(std::size_t)[m[K’
  967 |     [01;36m[Kmake_unique[m[K(size_t __num)
      |     [01;36m[K^~~~~~~~~~~[m[K
[01m[K/usr/include/c++/11/bits/unique_ptr.h:967:5:[m[K [01;36m[Knote: [m[K  template argument deduction/substitution failed:
In file included from [01m[K/home/peony/navigation_ws/src/path_following/src/main.cpp:2[m[K:
[01m[K/home/peony/navigation_ws/src/path_following/include/TrajFollower.h:36:61:[m[K [01;31m[Kerror: [m[Ktemplate argument 1 is invalid
   36 |         this->tf_buffer_ = [01;31m[Kstd::make_unique<tf2_ros::Buffer>(node.get_clock())[m[K;
      |                            [01;31m[K~~~~~~~~~~~~~~~~~~~~~~~~~~~~~~~~~^~~~~~~~~~~~~~~~~~[m[K
In file included from [01m[K/usr/include/c++/11/memory:76[m[K,
                 from [01m[K/opt/ros/humble/include/rclcpp/rclcpp/rclcpp.hpp:153[m[K,
                 from [01m[K/home/peony/navigation_ws/src/path_following/src/main.cpp:1[m[K:
[01m[K/usr/include/c++/11/bits/unique_ptr.h:973:5:[m[K [01;36m[Knote: [m[Kcandidate: ‘[01m[Ktemplate<class _Tp, class ... _Args> typename std::_MakeUniq<_Tp>::__invalid_type std::make_unique(_Args&& ...)[m[K’ (deleted)
  973 |     [01;36m[Kmake_unique[m[K(_Args&&...) = delete;
      |     [01;36m[K^~~~~~~~~~~[m[K
[01m[K/usr/include/c++/11/bits/unique_ptr.h:973:5:[m[K [01;36m[Knote: [m[K  template argument deduction/substitution failed:
In file included from [01m[K/home/peony/navigation_ws/src/path_following/src/main.cpp:2[m[K:
[01m[K/home/peony/navigation_ws/src/path_following/include/TrajFollower.h:36:61:[m[K [01;31m[Kerror: [m[Ktemplate argument 1 is invalid
   36 |         this->tf_buffer_ = [01;31m[Kstd::make_unique<tf2_ros::Buffer>(node.get_clock())[m[K;
      |                            [01;31m[K~~~~~~~~~~~~~~~~~~~~~~~~~~~~~~~~~^~~~~~~~~~~~~~~~~~[m[K
[01m[K/home/peony/navigation_ws/src/path_following/include/TrajFollower.h:37:63:[m[K [01;31m[Kerror: [m[K‘[01m[KTransformListener[m[K’ is not a member of ‘[01m[Ktf2_ros[m[K’
   37 |         this->transform_listener_ = std::make_shared<tf2_ros::[01;31m[KTransformListener[m[K>(*tf_buffer_);
      |                                                               [01;31m[K^~~~~~~~~~~~~~~~~[m[K
[01m[K/home/peony/navigation_ws/src/path_following/include/TrajFollower.h:37:82:[m[K [01;31m[Kerror: [m[Kinvalid type argument of unary ‘[01m[K*[m[K’ (have ‘[01m[Kint[m[K’)
   37 |         this->transform_listener_ = std::make_shared<tf2_ros::TransformListener>([01;31m[K*tf_buffer_[m[K);
      |                                                                                  [01;31m[K^~~~~~~~~~~[m[K
[01m[K/home/peony/navigation_ws/src/path_following/src/TrajFollower.cpp:22:26:[m[K [01;31m[Kerror: [m[K‘[01m[Krobot_global_pose[m[K’ was not declared in this scope
   22 |     map2baselink(0, 3) = [01;31m[Krobot_global_pose[m[K.transform.translation.x;
      |                          [01;31m[K^~~~~~~~~~~~~~~~~[m[K
[01m[K/home/peony/navigation_ws/src/path_following/src/TrajFollower.cpp:[m[K In member function ‘[01m[Kvoid TrajFollower::pub_cmd()[m[K’:
[01m[K/home/peony/navigation_ws/src/path_following/src/TrajFollower.cpp:54:20:[m[K [01;31m[Kerror: [m[K‘[01m[KTwist[m[K’ is not a member of ‘[01m[Kgeometry_msgs[m[K’
   54 |     geometry_msgs::[01;31m[KTwist[m[K cmd_vel;
      |                    [01;31m[K^~~~~[m[K
[01m[K/home/peony/navigation_ws/src/path_following/src/TrajFollower.cpp:54:20:[m[K [01;36m[Knote: [m[Ksuggested alternatives:
In file included from [01m[K/opt/ros/humble/include/tf2_geometry_msgs/tf2_geometry_msgs/tf2_geometry_msgs.hpp:54[m[K,
                 from [01m[K/home/peony/navigation_ws/src/path_following/include/TrajFollower.h:9[m[K,
                 from [01m[K/home/peony/navigation_ws/src/path_following/src/TrajFollower.cpp:1[m[K:
[01m[K/usr/include/kdl/frames.hpp:720:7:[m[K [01;36m[Knote: [m[K  ‘[01m[KKDL::Twist[m[K’
  720 | class [01;36m[KTwist[m[K {
      |       [01;36m[K^~~~~[m[K
In file included from [01m[K/opt/ros/humble/include/geometry_msgs/geometry_msgs/msg/detail/twist_with_covariance__struct.hpp:21[m[K,
                 from [01m[K/opt/ros/humble/include/nav_msgs/nav_msgs/msg/detail/odometry__struct.hpp:25[m[K,
                 from [01m[K/opt/ros/humble/include/nav_msgs/nav_msgs/msg/odometry.hpp:7[m[K,
                 from [01m[K/home/peony/navigation_ws/src/path_following/include/TrajFollower.h:8[m[K,
                 from [01m[K/home/peony/navigation_ws/src/path_following/src/TrajFollower.cpp:1[m[K:
[01m[K/opt/ros/humble/include/geometry_msgs/geometry_msgs/msg/detail/twist__struct.hpp:135:7:[m[K [01;36m[Knote: [m[K  ‘[01m[Kgeometry_msgs::msg::Twist[m[K’
  135 | using [01;36m[KTwist[m[K =
      |       [01;36m[K^~~~~[m[K
[01m[K/home/peony/navigation_ws/src/path_following/src/TrajFollower.cpp:56:5:[m[K [01;31m[Kerror: [m[K‘[01m[Kcmd_vel[m[K’ was not declared in this scope
   56 |     [01;31m[Kcmd_vel[m[K.angular.z = 0;
      |     [01;31m[K^~~~~~~[m[K
[01m[K/home/peony/navigation_ws/src/path_following/src/TrajFollower.cpp:60:13:[m[K [01;31m[Kerror: [m[K‘[01m[Kusing SharedPtr = class std::shared_ptr<rclcpp::Publisher<geometry_msgs::msg::Twist_<std::allocator<void> > > >[m[K’ {aka ‘[01m[Kclass std::shared_ptr<rclcpp::Publisher<geometry_msgs::msg::Twist_<std::allocator<void> > > >[m[K’} has no member named ‘[01m[Kpublish[m[K’
   60 |     cmd_pub.[01;31m[Kpublish[m[K(cmd_vel);
      |             [01;31m[K^~~~~~~[m[K
[01m[K/home/peony/navigation_ws/src/path_following/src/TrajFollower.cpp:[m[K At global scope:
[01m[K/home/peony/navigation_ws/src/path_following/src/TrajFollower.cpp:139:57:[m[K [01;31m[Kerror: [m[K‘[01m[KPathConstPtr[m[K’ in namespace ‘[01m[Knav_msgs[m[K’ does not name a type
  139 | void TrajFollower::global_path_callback(const nav_msgs::[01;31m[KPathConstPtr[m[K &msg)
      |                                                         [01;31m[K^~~~~~~~~~~~[m[K
[01m[K/home/peony/navigation_ws/src/path_following/src/TrajFollower.cpp:139:6:[m[K [01;31m[Kerror: [m[Kno declaration matches ‘[01m[Kvoid TrajFollower::global_path_callback(const int&)[m[K’
  139 | void [01;31m[KTrajFollower[m[K::global_path_callback(const nav_msgs::PathConstPtr &msg)
      |      [01;31m[K^~~~~~~~~~~~[m[K
In file included from [01m[K/home/peony/navigation_ws/src/path_following/src/TrajFollower.cpp:1[m[K:
[01m[K/home/peony/navigation_ws/src/path_following/include/TrajFollower.h:48:10:[m[K [01;36m[Knote: [m[Kcandidate is: ‘[01m[Kvoid TrajFollower::global_path_callback(const ConstSharedPtr&)[m[K’
   48 |     void [01;36m[Kglobal_path_callback[m[K(const nav_msgs::msg::Path::ConstSharedPtr &msg);
      |          [01;36m[K^~~~~~~~~~~~~~~~~~~~[m[K
In file included from [01m[K/home/peony/navigation_ws/src/path_following/src/TrajFollower.cpp:1[m[K:
[01m[K/home/peony/navigation_ws/src/path_following/include/TrajFollower.h:13:7:[m[K [01;36m[Knote: [m[K‘[01m[Kclass TrajFollower[m[K’ defined here
   13 | class [01;36m[KTrajFollower[m[K
      |       [01;36m[K^~~~~~~~~~~~[m[K
gmake[2]: *** [CMakeFiles/pid_follower.dir/build.make:76：CMakeFiles/pid_follower.dir/src/main.cpp.o] 错误 1
gmake[2]: *** 正在等待未完成的任务....
gmake[2]: *** [CMakeFiles/pid_follower.dir/build.make:90：CMakeFiles/pid_follower.dir/src/TrajFollower.cpp.o] 错误 1
gmake[1]: *** [CMakeFiles/Makefile2:137：CMakeFiles/pid_follower.dir/all] 错误 2
gmake: *** [Makefile:146：all] 错误 2
