[  1%] Built target vel_forwarder__cpp
[ 12%] Built target vel_forwarder__rosidl_generator_c
[ 12%] Built target ament_cmake_python_copy_vel_forwarder
[ 27%] Built target vel_forwarder__rosidl_typesupport_cpp
[ 50%] Built target vel_forwarder__rosidl_typesupport_introspection_cpp
[ 59%] Built target vel_forwarder__rosidl_typesupport_fastrtps_cpp
[ 59%] Built target vel_forwarder__rosidl_typesupport_introspection_c
[ 67%] Built target vel_forwarder__rosidl_typesupport_c
[ 79%] Built target vel_forwarder__rosidl_typesupport_fastrtps_c
[ 79%] Built target vel_forwarder
[ 80%] [32mBuilding CXX object CMakeFiles/forwarder_node.dir/src/forwarder.cpp.o[0m
[ 81%] Built target vel_forwarder__py
[ 91%] Built target vel_forwarder__rosidl_generator_py
[ 93%] Built target vel_forwarder__rosidl_typesupport_fastrtps_c__pyext
[ 96%] Built target vel_forwarder__rosidl_typesupport_introspection_c__pyext
[ 98%] Built target vel_forwarder__rosidl_typesupport_c__pyext
running egg_info
writing vel_forwarder.egg-info/PKG-INFO
writing dependency_links to vel_forwarder.egg-info/dependency_links.txt
writing top-level names to vel_forwarder.egg-info/top_level.txt
reading manifest file 'vel_forwarder.egg-info/SOURCES.txt'
writing manifest file 'vel_forwarder.egg-info/SOURCES.txt'
[ 98%] Built target ament_cmake_python_build_vel_forwarder_egg
[100%] [32m[1mLinking CXX executable forwarder_node[0m
[100%] Built target forwarder_node
-- Install configuration: ""
-- Installing: /home/peony/navigation_ws/install/vel_forwarder/share/ament_index/resource_index/rosidl_interfaces/vel_forwarder
-- Installing: /home/peony/navigation_ws/install/vel_forwarder/include/vel_forwarder/vel_forwarder
-- Installing: /home/peony/navigation_ws/install/vel_forwarder/include/vel_forwarder/vel_forwarder/msg
-- Installing: /home/peony/navigation_ws/install/vel_forwarder/include/vel_forwarder/vel_forwarder/msg/uwb_pos.h
-- Installing: /home/peony/navigation_ws/install/vel_forwarder/include/vel_forwarder/vel_forwarder/msg/detail
-- Installing: /home/peony/navigation_ws/install/vel_forwarder/include/vel_forwarder/vel_forwarder/msg/detail/position_data__functions.h
-- Installing: /home/peony/navigation_ws/install/vel_forwarder/include/vel_forwarder/vel_forwarder/msg/detail/buff_data__type_support.h
-- Installing: /home/peony/navigation_ws/install/vel_forwarder/include/vel_forwarder/vel_forwarder/msg/detail/vel__functions.c
-- Installing: /home/peony/navigation_ws/install/vel_forwarder/include/vel_forwarder/vel_forwarder/msg/detail/position_data__struct.h
-- Installing: /home/peony/navigation_ws/install/vel_forwarder/include/vel_forwarder/vel_forwarder/msg/detail/health__functions.h
-- Installing: /home/peony/navigation_ws/install/vel_forwarder/include/vel_forwarder/vel_forwarder/msg/detail/game_data__struct.h
-- Installing: /home/peony/navigation_ws/install/vel_forwarder/include/vel_forwarder/vel_forwarder/msg/detail/game_data__functions.c
-- Installing: /home/peony/navigation_ws/install/vel_forwarder/include/vel_forwarder/vel_forwarder/msg/detail/game_data__type_support.h
-- Installing: /home/peony/navigation_ws/install/vel_forwarder/include/vel_forwarder/vel_forwarder/msg/detail/gimbal_angles__functions.c
-- Installing: /home/peony/navigation_ws/install/vel_forwarder/include/vel_forwarder/vel_forwarder/msg/detail/game_data__functions.h
-- Installing: /home/peony/navigation_ws/install/vel_forwarder/include/vel_forwarder/vel_forwarder/msg/detail/position_data__type_support.h
-- Installing: /home/peony/navigation_ws/install/vel_forwarder/include/vel_forwarder/vel_forwarder/msg/detail/vel__functions.h
-- Installing: /home/peony/navigation_ws/install/vel_forwarder/include/vel_forwarder/vel_forwarder/msg/detail/position_data__functions.c
-- Installing: /home/peony/navigation_ws/install/vel_forwarder/include/vel_forwarder/vel_forwarder/msg/detail/buff_data__struct.h
-- Installing: /home/peony/navigation_ws/install/vel_forwarder/include/vel_forwarder/vel_forwarder/msg/detail/health__functions.c
-- Installing: /home/peony/navigation_ws/install/vel_forwarder/include/vel_forwarder/vel_forwarder/msg/detail/gimbal_angles__struct.h
-- Installing: /home/peony/navigation_ws/install/vel_forwarder/include/vel_forwarder/vel_forwarder/msg/detail/uwb_pos__functions.c
-- Installing: /home/peony/navigation_ws/install/vel_forwarder/include/vel_forwarder/vel_forwarder/msg/detail/vel__type_support.h
-- Installing: /home/peony/navigation_ws/install/vel_forwarder/include/vel_forwarder/vel_forwarder/msg/detail/uwb_pos__struct.h
-- Installing: /home/peony/navigation_ws/install/vel_forwarder/include/vel_forwarder/vel_forwarder/msg/detail/vel__struct.h
-- Installing: /home/peony/navigation_ws/install/vel_forwarder/include/vel_forwarder/vel_forwarder/msg/detail/health__type_support.h
-- Installing: /home/peony/navigation_ws/install/vel_forwarder/include/vel_forwarder/vel_forwarder/msg/detail/gimbal_angles__type_support.h
-- Installing: /home/peony/navigation_ws/install/vel_forwarder/include/vel_forwarder/vel_forwarder/msg/detail/gimbal_angles__functions.h
-- Installing: /home/peony/navigation_ws/install/vel_forwarder/include/vel_forwarder/vel_forwarder/msg/detail/uwb_pos__type_support.h
-- Installing: /home/peony/navigation_ws/install/vel_forwarder/include/vel_forwarder/vel_forwarder/msg/detail/health__struct.h
-- Installing: /home/peony/navigation_ws/install/vel_forwarder/include/vel_forwarder/vel_forwarder/msg/detail/uwb_pos__functions.h
-- Installing: /home/peony/navigation_ws/install/vel_forwarder/include/vel_forwarder/vel_forwarder/msg/detail/buff_data__functions.c
-- Installing: /home/peony/navigation_ws/install/vel_forwarder/include/vel_forwarder/vel_forwarder/msg/detail/buff_data__functions.h
-- Installing: /home/peony/navigation_ws/install/vel_forwarder/include/vel_forwarder/vel_forwarder/msg/game_data.h
-- Installing: /home/peony/navigation_ws/install/vel_forwarder/include/vel_forwarder/vel_forwarder/msg/position_data.h
-- Installing: /home/peony/navigation_ws/install/vel_forwarder/include/vel_forwarder/vel_forwarder/msg/health.h
-- Installing: /home/peony/navigation_ws/install/vel_forwarder/include/vel_forwarder/vel_forwarder/msg/vel.h
-- Installing: /home/peony/navigation_ws/install/vel_forwarder/include/vel_forwarder/vel_forwarder/msg/gimbal_angles.h
-- Installing: /home/peony/navigation_ws/install/vel_forwarder/include/vel_forwarder/vel_forwarder/msg/rosidl_generator_c__visibility_control.h
-- Installing: /home/peony/navigation_ws/install/vel_forwarder/include/vel_forwarder/vel_forwarder/msg/buff_data.h
-- Installing: /home/peony/navigation_ws/install/vel_forwarder/share/vel_forwarder/environment/library_path.sh
-- Installing: /home/peony/navigation_ws/install/vel_forwarder/share/vel_forwarder/environment/library_path.dsv
-- Installing: /home/peony/navigation_ws/install/vel_forwarder/lib/libvel_forwarder__rosidl_generator_c.so
-- Set runtime path of "/home/peony/navigation_ws/install/vel_forwarder/lib/libvel_forwarder__rosidl_generator_c.so" to ""
-- Up-to-date: /home/peony/navigation_ws/install/vel_forwarder/include/vel_forwarder/vel_forwarder
-- Up-to-date: /home/peony/navigation_ws/install/vel_forwarder/include/vel_forwarder/vel_forwarder/msg
-- Up-to-date: /home/peony/navigation_ws/install/vel_forwarder/include/vel_forwarder/vel_forwarder/msg/detail
-- Installing: /home/peony/navigation_ws/install/vel_forwarder/include/vel_forwarder/vel_forwarder/msg/detail/game_data__rosidl_typesupport_fastrtps_c.h
-- Installing: /home/peony/navigation_ws/install/vel_forwarder/include/vel_forwarder/vel_forwarder/msg/detail/health__rosidl_typesupport_fastrtps_c.h
-- Installing: /home/peony/navigation_ws/install/vel_forwarder/include/vel_forwarder/vel_forwarder/msg/detail/uwb_pos__rosidl_typesupport_fastrtps_c.h
-- Installing: /home/peony/navigation_ws/install/vel_forwarder/include/vel_forwarder/vel_forwarder/msg/detail/position_data__rosidl_typesupport_fastrtps_c.h
-- Installing: /home/peony/navigation_ws/install/vel_forwarder/include/vel_forwarder/vel_forwarder/msg/detail/gimbal_angles__rosidl_typesupport_fastrtps_c.h
-- Installing: /home/peony/navigation_ws/install/vel_forwarder/include/vel_forwarder/vel_forwarder/msg/detail/vel__rosidl_typesupport_fastrtps_c.h
-- Installing: /home/peony/navigation_ws/install/vel_forwarder/include/vel_forwarder/vel_forwarder/msg/detail/buff_data__rosidl_typesupport_fastrtps_c.h
-- Installing: /home/peony/navigation_ws/install/vel_forwarder/include/vel_forwarder/vel_forwarder/msg/rosidl_typesupport_fastrtps_c__visibility_control.h
-- Installing: /home/peony/navigation_ws/install/vel_forwarder/lib/libvel_forwarder__rosidl_typesupport_fastrtps_c.so
-- Set runtime path of "/home/peony/navigation_ws/install/vel_forwarder/lib/libvel_forwarder__rosidl_typesupport_fastrtps_c.so" to ""
-- Up-to-date: /home/peony/navigation_ws/install/vel_forwarder/include/vel_forwarder/vel_forwarder
-- Up-to-date: /home/peony/navigation_ws/install/vel_forwarder/include/vel_forwarder/vel_forwarder/msg
-- Installing: /home/peony/navigation_ws/install/vel_forwarder/include/vel_forwarder/vel_forwarder/msg/uwb_pos.hpp
-- Installing: /home/peony/navigation_ws/install/vel_forwarder/include/vel_forwarder/vel_forwarder/msg/gimbal_angles.hpp
-- Installing: /home/peony/navigation_ws/install/vel_forwarder/include/vel_forwarder/vel_forwarder/msg/position_data.hpp
-- Installing: /home/peony/navigation_ws/install/vel_forwarder/include/vel_forwarder/vel_forwarder/msg/game_data.hpp
-- Installing: /home/peony/navigation_ws/install/vel_forwarder/include/vel_forwarder/vel_forwarder/msg/vel.hpp
-- Up-to-date: /home/peony/navigation_ws/install/vel_forwarder/include/vel_forwarder/vel_forwarder/msg/detail
-- Installing: /home/peony/navigation_ws/install/vel_forwarder/include/vel_forwarder/vel_forwarder/msg/detail/buff_data__type_support.hpp
-- Installing: /home/peony/navigation_ws/install/vel_forwarder/include/vel_forwarder/vel_forwarder/msg/detail/vel__builder.hpp
-- Installing: /home/peony/navigation_ws/install/vel_forwarder/include/vel_forwarder/vel_forwarder/msg/detail/gimbal_angles__type_support.hpp
-- Installing: /home/peony/navigation_ws/install/vel_forwarder/include/vel_forwarder/vel_forwarder/msg/detail/health__builder.hpp
-- Installing: /home/peony/navigation_ws/install/vel_forwarder/include/vel_forwarder/vel_forwarder/msg/detail/uwb_pos__traits.hpp
-- Installing: /home/peony/navigation_ws/install/vel_forwarder/include/vel_forwarder/vel_forwarder/msg/detail/uwb_pos__builder.hpp
-- Installing: /home/peony/navigation_ws/install/vel_forwarder/include/vel_forwarder/vel_forwarder/msg/detail/uwb_pos__struct.hpp
-- Installing: /home/peony/navigation_ws/install/vel_forwarder/include/vel_forwarder/vel_forwarder/msg/detail/position_data__struct.hpp
-- Installing: /home/peony/navigation_ws/install/vel_forwarder/include/vel_forwarder/vel_forwarder/msg/detail/gimbal_angles__builder.hpp
-- Installing: /home/peony/navigation_ws/install/vel_forwarder/include/vel_forwarder/vel_forwarder/msg/detail/gimbal_angles__traits.hpp
-- Installing: /home/peony/navigation_ws/install/vel_forwarder/include/vel_forwarder/vel_forwarder/msg/detail/position_data__type_support.hpp
-- Installing: /home/peony/navigation_ws/install/vel_forwarder/include/vel_forwarder/vel_forwarder/msg/detail/game_data__struct.hpp
-- Installing: /home/peony/navigation_ws/install/vel_forwarder/include/vel_forwarder/vel_forwarder/msg/detail/health__traits.hpp
-- Installing: /home/peony/navigation_ws/install/vel_forwarder/include/vel_forwarder/vel_forwarder/msg/detail/position_data__builder.hpp
-- Installing: /home/peony/navigation_ws/install/vel_forwarder/include/vel_forwarder/vel_forwarder/msg/detail/game_data__builder.hpp
-- Installing: /home/peony/navigation_ws/install/vel_forwarder/include/vel_forwarder/vel_forwarder/msg/detail/gimbal_angles__struct.hpp
-- Installing: /home/peony/navigation_ws/install/vel_forwarder/include/vel_forwarder/vel_forwarder/msg/detail/buff_data__builder.hpp
-- Installing: /home/peony/navigation_ws/install/vel_forwarder/include/vel_forwarder/vel_forwarder/msg/detail/health__struct.hpp
-- Installing: /home/peony/navigation_ws/install/vel_forwarder/include/vel_forwarder/vel_forwarder/msg/detail/buff_data__struct.hpp
-- Installing: /home/peony/navigation_ws/install/vel_forwarder/include/vel_forwarder/vel_forwarder/msg/detail/uwb_pos__type_support.hpp
-- Installing: /home/peony/navigation_ws/install/vel_forwarder/include/vel_forwarder/vel_forwarder/msg/detail/buff_data__traits.hpp
-- Installing: /home/peony/navigation_ws/install/vel_forwarder/include/vel_forwarder/vel_forwarder/msg/detail/vel__struct.hpp
-- Installing: /home/peony/navigation_ws/install/vel_forwarder/include/vel_forwarder/vel_forwarder/msg/detail/game_data__type_support.hpp
-- Installing: /home/peony/navigation_ws/install/vel_forwarder/include/vel_forwarder/vel_forwarder/msg/detail/vel__type_support.hpp
-- Installing: /home/peony/navigation_ws/install/vel_forwarder/include/vel_forwarder/vel_forwarder/msg/detail/vel__traits.hpp
-- Installing: /home/peony/navigation_ws/install/vel_forwarder/include/vel_forwarder/vel_forwarder/msg/detail/game_data__traits.hpp
-- Installing: /home/peony/navigation_ws/install/vel_forwarder/include/vel_forwarder/vel_forwarder/msg/detail/health__type_support.hpp
-- Installing: /home/peony/navigation_ws/install/vel_forwarder/include/vel_forwarder/vel_forwarder/msg/detail/position_data__traits.hpp
-- Installing: /home/peony/navigation_ws/install/vel_forwarder/include/vel_forwarder/vel_forwarder/msg/rosidl_generator_cpp__visibility_control.hpp
-- Installing: /home/peony/navigation_ws/install/vel_forwarder/include/vel_forwarder/vel_forwarder/msg/health.hpp
-- Installing: /home/peony/navigation_ws/install/vel_forwarder/include/vel_forwarder/vel_forwarder/msg/buff_data.hpp
-- Up-to-date: /home/peony/navigation_ws/install/vel_forwarder/include/vel_forwarder/vel_forwarder
-- Up-to-date: /home/peony/navigation_ws/install/vel_forwarder/include/vel_forwarder/vel_forwarder/msg
-- Installing: /home/peony/navigation_ws/install/vel_forwarder/include/vel_forwarder/vel_forwarder/msg/rosidl_typesupport_fastrtps_cpp__visibility_control.h
-- Up-to-date: /home/peony/navigation_ws/install/vel_forwarder/include/vel_forwarder/vel_forwarder/msg/detail
-- Installing: /home/peony/navigation_ws/install/vel_forwarder/include/vel_forwarder/vel_forwarder/msg/detail/buff_data__rosidl_typesupport_fastrtps_cpp.hpp
-- Installing: /home/peony/navigation_ws/install/vel_forwarder/include/vel_forwarder/vel_forwarder/msg/detail/uwb_pos__rosidl_typesupport_fastrtps_cpp.hpp
-- Installing: /home/peony/navigation_ws/install/vel_forwarder/include/vel_forwarder/vel_forwarder/msg/detail/vel__rosidl_typesupport_fastrtps_cpp.hpp
-- Installing: /home/peony/navigation_ws/install/vel_forwarder/include/vel_forwarder/vel_forwarder/msg/detail/gimbal_angles__rosidl_typesupport_fastrtps_cpp.hpp
-- Installing: /home/peony/navigation_ws/install/vel_forwarder/include/vel_forwarder/vel_forwarder/msg/detail/game_data__rosidl_typesupport_fastrtps_cpp.hpp
-- Installing: /home/peony/navigation_ws/install/vel_forwarder/include/vel_forwarder/vel_forwarder/msg/detail/health__rosidl_typesupport_fastrtps_cpp.hpp
-- Installing: /home/peony/navigation_ws/install/vel_forwarder/include/vel_forwarder/vel_forwarder/msg/detail/position_data__rosidl_typesupport_fastrtps_cpp.hpp
-- Installing: /home/peony/navigation_ws/install/vel_forwarder/include/vel_forwarder/vel_forwarder/msg/detail/dds_fastrtps
-- Installing: /home/peony/navigation_ws/install/vel_forwarder/lib/libvel_forwarder__rosidl_typesupport_fastrtps_cpp.so
-- Set runtime path of "/home/peony/navigation_ws/install/vel_forwarder/lib/libvel_forwarder__rosidl_typesupport_fastrtps_cpp.so" to ""
-- Up-to-date: /home/peony/navigation_ws/install/vel_forwarder/include/vel_forwarder/vel_forwarder
-- Up-to-date: /home/peony/navigation_ws/install/vel_forwarder/include/vel_forwarder/vel_forwarder/msg
-- Installing: /home/peony/navigation_ws/install/vel_forwarder/include/vel_forwarder/vel_forwarder/msg/rosidl_typesupport_introspection_c__visibility_control.h
-- Up-to-date: /home/peony/navigation_ws/install/vel_forwarder/include/vel_forwarder/vel_forwarder/msg/detail
-- Installing: /home/peony/navigation_ws/install/vel_forwarder/include/vel_forwarder/vel_forwarder/msg/detail/game_data__type_support.c
-- Installing: /home/peony/navigation_ws/install/vel_forwarder/include/vel_forwarder/vel_forwarder/msg/detail/game_data__rosidl_typesupport_introspection_c.h
-- Installing: /home/peony/navigation_ws/install/vel_forwarder/include/vel_forwarder/vel_forwarder/msg/detail/vel__rosidl_typesupport_introspection_c.h
-- Installing: /home/peony/navigation_ws/install/vel_forwarder/include/vel_forwarder/vel_forwarder/msg/detail/position_data__type_support.c
-- Installing: /home/peony/navigation_ws/install/vel_forwarder/include/vel_forwarder/vel_forwarder/msg/detail/health__type_support.c
-- Installing: /home/peony/navigation_ws/install/vel_forwarder/include/vel_forwarder/vel_forwarder/msg/detail/buff_data__rosidl_typesupport_introspection_c.h
-- Installing: /home/peony/navigation_ws/install/vel_forwarder/include/vel_forwarder/vel_forwarder/msg/detail/gimbal_angles__type_support.c
-- Installing: /home/peony/navigation_ws/install/vel_forwarder/include/vel_forwarder/vel_forwarder/msg/detail/gimbal_angles__rosidl_typesupport_introspection_c.h
-- Installing: /home/peony/navigation_ws/install/vel_forwarder/include/vel_forwarder/vel_forwarder/msg/detail/health__rosidl_typesupport_introspection_c.h
-- Installing: /home/peony/navigation_ws/install/vel_forwarder/include/vel_forwarder/vel_forwarder/msg/detail/vel__type_support.c
-- Installing: /home/peony/navigation_ws/install/vel_forwarder/include/vel_forwarder/vel_forwarder/msg/detail/position_data__rosidl_typesupport_introspection_c.h
-- Installing: /home/peony/navigation_ws/install/vel_forwarder/include/vel_forwarder/vel_forwarder/msg/detail/uwb_pos__rosidl_typesupport_introspection_c.h
-- Installing: /home/peony/navigation_ws/install/vel_forwarder/include/vel_forwarder/vel_forwarder/msg/detail/uwb_pos__type_support.c
-- Installing: /home/peony/navigation_ws/install/vel_forwarder/include/vel_forwarder/vel_forwarder/msg/detail/buff_data__type_support.c
-- Installing: /home/peony/navigation_ws/install/vel_forwarder/lib/libvel_forwarder__rosidl_typesupport_introspection_c.so
-- Set runtime path of "/home/peony/navigation_ws/install/vel_forwarder/lib/libvel_forwarder__rosidl_typesupport_introspection_c.so" to ""
-- Installing: /home/peony/navigation_ws/install/vel_forwarder/lib/libvel_forwarder__rosidl_typesupport_c.so
-- Set runtime path of "/home/peony/navigation_ws/install/vel_forwarder/lib/libvel_forwarder__rosidl_typesupport_c.so" to ""
-- Up-to-date: /home/peony/navigation_ws/install/vel_forwarder/include/vel_forwarder/vel_forwarder
-- Up-to-date: /home/peony/navigation_ws/install/vel_forwarder/include/vel_forwarder/vel_forwarder/msg
-- Up-to-date: /home/peony/navigation_ws/install/vel_forwarder/include/vel_forwarder/vel_forwarder/msg/detail
-- Installing: /home/peony/navigation_ws/install/vel_forwarder/include/vel_forwarder/vel_forwarder/msg/detail/health__type_support.cpp
-- Installing: /home/peony/navigation_ws/install/vel_forwarder/include/vel_forwarder/vel_forwarder/msg/detail/game_data__type_support.cpp
-- Installing: /home/peony/navigation_ws/install/vel_forwarder/include/vel_forwarder/vel_forwarder/msg/detail/buff_data__rosidl_typesupport_introspection_cpp.hpp
-- Installing: /home/peony/navigation_ws/install/vel_forwarder/include/vel_forwarder/vel_forwarder/msg/detail/gimbal_angles__rosidl_typesupport_introspection_cpp.hpp
-- Installing: /home/peony/navigation_ws/install/vel_forwarder/include/vel_forwarder/vel_forwarder/msg/detail/gimbal_angles__type_support.cpp
-- Installing: /home/peony/navigation_ws/install/vel_forwarder/include/vel_forwarder/vel_forwarder/msg/detail/uwb_pos__type_support.cpp
-- Installing: /home/peony/navigation_ws/install/vel_forwarder/include/vel_forwarder/vel_forwarder/msg/detail/position_data__type_support.cpp
-- Installing: /home/peony/navigation_ws/install/vel_forwarder/include/vel_forwarder/vel_forwarder/msg/detail/game_data__rosidl_typesupport_introspection_cpp.hpp
-- Installing: /home/peony/navigation_ws/install/vel_forwarder/include/vel_forwarder/vel_forwarder/msg/detail/health__rosidl_typesupport_introspection_cpp.hpp
-- Installing: /home/peony/navigation_ws/install/vel_forwarder/include/vel_forwarder/vel_forwarder/msg/detail/position_data__rosidl_typesupport_introspection_cpp.hpp
-- Installing: /home/peony/navigation_ws/install/vel_forwarder/include/vel_forwarder/vel_forwarder/msg/detail/buff_data__type_support.cpp
-- Installing: /home/peony/navigation_ws/install/vel_forwarder/include/vel_forwarder/vel_forwarder/msg/detail/vel__type_support.cpp
-- Installing: /home/peony/navigation_ws/install/vel_forwarder/include/vel_forwarder/vel_forwarder/msg/detail/vel__rosidl_typesupport_introspection_cpp.hpp
-- Installing: /home/peony/navigation_ws/install/vel_forwarder/include/vel_forwarder/vel_forwarder/msg/detail/uwb_pos__rosidl_typesupport_introspection_cpp.hpp
-- Installing: /home/peony/navigation_ws/install/vel_forwarder/lib/libvel_forwarder__rosidl_typesupport_introspection_cpp.so
-- Set runtime path of "/home/peony/navigation_ws/install/vel_forwarder/lib/libvel_forwarder__rosidl_typesupport_introspection_cpp.so" to ""
-- Installing: /home/peony/navigation_ws/install/vel_forwarder/lib/libvel_forwarder__rosidl_typesupport_cpp.so
-- Set runtime path of "/home/peony/navigation_ws/install/vel_forwarder/lib/libvel_forwarder__rosidl_typesupport_cpp.so" to ""
-- Installing: /home/peony/navigation_ws/install/vel_forwarder/share/vel_forwarder/environment/pythonpath.sh
-- Installing: /home/peony/navigation_ws/install/vel_forwarder/share/vel_forwarder/environment/pythonpath.dsv
-- Installing: /home/peony/navigation_ws/install/vel_forwarder/local/lib/python3.10/dist-packages/vel_forwarder-0.0.0-py3.10.egg-info
-- Installing: /home/peony/navigation_ws/install/vel_forwarder/local/lib/python3.10/dist-packages/vel_forwarder-0.0.0-py3.10.egg-info/top_level.txt
-- Installing: /home/peony/navigation_ws/install/vel_forwarder/local/lib/python3.10/dist-packages/vel_forwarder-0.0.0-py3.10.egg-info/SOURCES.txt
-- Installing: /home/peony/navigation_ws/install/vel_forwarder/local/lib/python3.10/dist-packages/vel_forwarder-0.0.0-py3.10.egg-info/PKG-INFO
-- Installing: /home/peony/navigation_ws/install/vel_forwarder/local/lib/python3.10/dist-packages/vel_forwarder-0.0.0-py3.10.egg-info/dependency_links.txt
-- Installing: /home/peony/navigation_ws/install/vel_forwarder/local/lib/python3.10/dist-packages/vel_forwarder
-- Installing: /home/peony/navigation_ws/install/vel_forwarder/local/lib/python3.10/dist-packages/vel_forwarder/libvel_forwarder__rosidl_generator_py.so
-- Installing: /home/peony/navigation_ws/install/vel_forwarder/local/lib/python3.10/dist-packages/vel_forwarder/vel_forwarder_s__rosidl_typesupport_fastrtps_c.cpython-310-x86_64-linux-gnu.so
-- Installing: /home/peony/navigation_ws/install/vel_forwarder/local/lib/python3.10/dist-packages/vel_forwarder/msg
-- Installing: /home/peony/navigation_ws/install/vel_forwarder/local/lib/python3.10/dist-packages/vel_forwarder/msg/_health.py
-- Installing: /home/peony/navigation_ws/install/vel_forwarder/local/lib/python3.10/dist-packages/vel_forwarder/msg/_position_data.py
-- Installing: /home/peony/navigation_ws/install/vel_forwarder/local/lib/python3.10/dist-packages/vel_forwarder/msg/_vel.py
-- Installing: /home/peony/navigation_ws/install/vel_forwarder/local/lib/python3.10/dist-packages/vel_forwarder/msg/_health_s.c
-- Installing: /home/peony/navigation_ws/install/vel_forwarder/local/lib/python3.10/dist-packages/vel_forwarder/msg/_uwb_pos.py
-- Installing: /home/peony/navigation_ws/install/vel_forwarder/local/lib/python3.10/dist-packages/vel_forwarder/msg/_buff_data.py
-- Installing: /home/peony/navigation_ws/install/vel_forwarder/local/lib/python3.10/dist-packages/vel_forwarder/msg/_position_data_s.c
-- Installing: /home/peony/navigation_ws/install/vel_forwarder/local/lib/python3.10/dist-packages/vel_forwarder/msg/_vel_s.c
-- Installing: /home/peony/navigation_ws/install/vel_forwarder/local/lib/python3.10/dist-packages/vel_forwarder/msg/_game_data.py
-- Installing: /home/peony/navigation_ws/install/vel_forwarder/local/lib/python3.10/dist-packages/vel_forwarder/msg/__init__.py
-- Installing: /home/peony/navigation_ws/install/vel_forwarder/local/lib/python3.10/dist-packages/vel_forwarder/msg/_gimbal_angles_s.c
-- Installing: /home/peony/navigation_ws/install/vel_forwarder/local/lib/python3.10/dist-packages/vel_forwarder/msg/_gimbal_angles.py
-- Installing: /home/peony/navigation_ws/install/vel_forwarder/local/lib/python3.10/dist-packages/vel_forwarder/msg/_buff_data_s.c
-- Installing: /home/peony/navigation_ws/install/vel_forwarder/local/lib/python3.10/dist-packages/vel_forwarder/msg/_game_data_s.c
-- Installing: /home/peony/navigation_ws/install/vel_forwarder/local/lib/python3.10/dist-packages/vel_forwarder/msg/_uwb_pos_s.c
-- Installing: /home/peony/navigation_ws/install/vel_forwarder/local/lib/python3.10/dist-packages/vel_forwarder/vel_forwarder_s__rosidl_typesupport_introspection_c.cpython-310-x86_64-linux-gnu.so
-- Installing: /home/peony/navigation_ws/install/vel_forwarder/local/lib/python3.10/dist-packages/vel_forwarder/vel_forwarder_s__rosidl_typesupport_c.cpython-310-x86_64-linux-gnu.so
-- Installing: /home/peony/navigation_ws/install/vel_forwarder/local/lib/python3.10/dist-packages/vel_forwarder/_vel_forwarder_s.ep.rosidl_typesupport_c.c
-- Installing: /home/peony/navigation_ws/install/vel_forwarder/local/lib/python3.10/dist-packages/vel_forwarder/__init__.py
-- Installing: /home/peony/navigation_ws/install/vel_forwarder/local/lib/python3.10/dist-packages/vel_forwarder/_vel_forwarder_s.ep.rosidl_typesupport_fastrtps_c.c
-- Installing: /home/peony/navigation_ws/install/vel_forwarder/local/lib/python3.10/dist-packages/vel_forwarder/_vel_forwarder_s.ep.rosidl_typesupport_introspection_c.c
Listing '/home/peony/navigation_ws/install/vel_forwarder/local/lib/python3.10/dist-packages/vel_forwarder'...
Compiling '/home/peony/navigation_ws/install/vel_forwarder/local/lib/python3.10/dist-packages/vel_forwarder/__init__.py'...
Listing '/home/peony/navigation_ws/install/vel_forwarder/local/lib/python3.10/dist-packages/vel_forwarder/msg'...
Compiling '/home/peony/navigation_ws/install/vel_forwarder/local/lib/python3.10/dist-packages/vel_forwarder/msg/__init__.py'...
Compiling '/home/peony/navigation_ws/install/vel_forwarder/local/lib/python3.10/dist-packages/vel_forwarder/msg/_buff_data.py'...
Compiling '/home/peony/navigation_ws/install/vel_forwarder/local/lib/python3.10/dist-packages/vel_forwarder/msg/_game_data.py'...
Compiling '/home/peony/navigation_ws/install/vel_forwarder/local/lib/python3.10/dist-packages/vel_forwarder/msg/_gimbal_angles.py'...
Compiling '/home/peony/navigation_ws/install/vel_forwarder/local/lib/python3.10/dist-packages/vel_forwarder/msg/_health.py'...
Compiling '/home/peony/navigation_ws/install/vel_forwarder/local/lib/python3.10/dist-packages/vel_forwarder/msg/_position_data.py'...
Compiling '/home/peony/navigation_ws/install/vel_forwarder/local/lib/python3.10/dist-packages/vel_forwarder/msg/_uwb_pos.py'...
Compiling '/home/peony/navigation_ws/install/vel_forwarder/local/lib/python3.10/dist-packages/vel_forwarder/msg/_vel.py'...
-- Installing: /home/peony/navigation_ws/install/vel_forwarder/local/lib/python3.10/dist-packages/vel_forwarder/vel_forwarder_s__rosidl_typesupport_fastrtps_c.cpython-310-x86_64-linux-gnu.so
-- Set runtime path of "/home/peony/navigation_ws/install/vel_forwarder/local/lib/python3.10/dist-packages/vel_forwarder/vel_forwarder_s__rosidl_typesupport_fastrtps_c.cpython-310-x86_64-linux-gnu.so" to ""
-- Installing: /home/peony/navigation_ws/install/vel_forwarder/local/lib/python3.10/dist-packages/vel_forwarder/vel_forwarder_s__rosidl_typesupport_introspection_c.cpython-310-x86_64-linux-gnu.so
-- Set runtime path of "/home/peony/navigation_ws/install/vel_forwarder/local/lib/python3.10/dist-packages/vel_forwarder/vel_forwarder_s__rosidl_typesupport_introspection_c.cpython-310-x86_64-linux-gnu.so" to ""
-- Installing: /home/peony/navigation_ws/install/vel_forwarder/local/lib/python3.10/dist-packages/vel_forwarder/vel_forwarder_s__rosidl_typesupport_c.cpython-310-x86_64-linux-gnu.so
-- Set runtime path of "/home/peony/navigation_ws/install/vel_forwarder/local/lib/python3.10/dist-packages/vel_forwarder/vel_forwarder_s__rosidl_typesupport_c.cpython-310-x86_64-linux-gnu.so" to ""
-- Installing: /home/peony/navigation_ws/install/vel_forwarder/lib/libvel_forwarder__rosidl_generator_py.so
-- Set runtime path of "/home/peony/navigation_ws/install/vel_forwarder/lib/libvel_forwarder__rosidl_generator_py.so" to ""
-- Installing: /home/peony/navigation_ws/install/vel_forwarder/share/vel_forwarder/msg/Vel.idl
-- Installing: /home/peony/navigation_ws/install/vel_forwarder/share/vel_forwarder/msg/BuffData.idl
-- Installing: /home/peony/navigation_ws/install/vel_forwarder/share/vel_forwarder/msg/GameData.idl
-- Installing: /home/peony/navigation_ws/install/vel_forwarder/share/vel_forwarder/msg/GimbalAngles.idl
-- Installing: /home/peony/navigation_ws/install/vel_forwarder/share/vel_forwarder/msg/Health.idl
-- Installing: /home/peony/navigation_ws/install/vel_forwarder/share/vel_forwarder/msg/PositionData.idl
-- Installing: /home/peony/navigation_ws/install/vel_forwarder/share/vel_forwarder/msg/UWBPos.idl
-- Installing: /home/peony/navigation_ws/install/vel_forwarder/share/vel_forwarder/msg/Vel.msg
-- Installing: /home/peony/navigation_ws/install/vel_forwarder/share/vel_forwarder/msg/BuffData.msg
-- Installing: /home/peony/navigation_ws/install/vel_forwarder/share/vel_forwarder/msg/GameData.msg
-- Installing: /home/peony/navigation_ws/install/vel_forwarder/share/vel_forwarder/msg/GimbalAngles.msg
-- Installing: /home/peony/navigation_ws/install/vel_forwarder/share/vel_forwarder/msg/Health.msg
-- Installing: /home/peony/navigation_ws/install/vel_forwarder/share/vel_forwarder/msg/PositionData.msg
-- Installing: /home/peony/navigation_ws/install/vel_forwarder/share/vel_forwarder/msg/UWBPos.msg
-- Installing: /home/peony/navigation_ws/install/vel_forwarder/lib/vel_forwarder/forwarder_node
-- Set runtime path of "/home/peony/navigation_ws/install/vel_forwarder/lib/vel_forwarder/forwarder_node" to ""
-- Installing: /home/peony/navigation_ws/install/vel_forwarder/share/ament_index/resource_index/package_run_dependencies/vel_forwarder
-- Installing: /home/peony/navigation_ws/install/vel_forwarder/share/ament_index/resource_index/parent_prefix_path/vel_forwarder
-- Installing: /home/peony/navigation_ws/install/vel_forwarder/share/vel_forwarder/environment/ament_prefix_path.sh
-- Installing: /home/peony/navigation_ws/install/vel_forwarder/share/vel_forwarder/environment/ament_prefix_path.dsv
-- Installing: /home/peony/navigation_ws/install/vel_forwarder/share/vel_forwarder/environment/path.sh
-- Installing: /home/peony/navigation_ws/install/vel_forwarder/share/vel_forwarder/environment/path.dsv
-- Installing: /home/peony/navigation_ws/install/vel_forwarder/share/vel_forwarder/local_setup.bash
-- Installing: /home/peony/navigation_ws/install/vel_forwarder/share/vel_forwarder/local_setup.sh
-- Installing: /home/peony/navigation_ws/install/vel_forwarder/share/vel_forwarder/local_setup.zsh
-- Installing: /home/peony/navigation_ws/install/vel_forwarder/share/vel_forwarder/local_setup.dsv
-- Installing: /home/peony/navigation_ws/install/vel_forwarder/share/vel_forwarder/package.dsv
-- Installing: /home/peony/navigation_ws/install/vel_forwarder/share/ament_index/resource_index/packages/vel_forwarder
-- Installing: /home/peony/navigation_ws/install/vel_forwarder/share/vel_forwarder/cmake/export_vel_forwarder__rosidl_generator_cExport.cmake
-- Installing: /home/peony/navigation_ws/install/vel_forwarder/share/vel_forwarder/cmake/export_vel_forwarder__rosidl_generator_cExport-noconfig.cmake
-- Installing: /home/peony/navigation_ws/install/vel_forwarder/share/vel_forwarder/cmake/export_vel_forwarder__rosidl_typesupport_fastrtps_cExport.cmake
-- Installing: /home/peony/navigation_ws/install/vel_forwarder/share/vel_forwarder/cmake/export_vel_forwarder__rosidl_typesupport_fastrtps_cExport-noconfig.cmake
-- Installing: /home/peony/navigation_ws/install/vel_forwarder/share/vel_forwarder/cmake/export_vel_forwarder__rosidl_generator_cppExport.cmake
-- Installing: /home/peony/navigation_ws/install/vel_forwarder/share/vel_forwarder/cmake/export_vel_forwarder__rosidl_typesupport_fastrtps_cppExport.cmake
-- Installing: /home/peony/navigation_ws/install/vel_forwarder/share/vel_forwarder/cmake/export_vel_forwarder__rosidl_typesupport_fastrtps_cppExport-noconfig.cmake
-- Installing: /home/peony/navigation_ws/install/vel_forwarder/share/vel_forwarder/cmake/vel_forwarder__rosidl_typesupport_introspection_cExport.cmake
-- Installing: /home/peony/navigation_ws/install/vel_forwarder/share/vel_forwarder/cmake/vel_forwarder__rosidl_typesupport_introspection_cExport-noconfig.cmake
-- Installing: /home/peony/navigation_ws/install/vel_forwarder/share/vel_forwarder/cmake/vel_forwarder__rosidl_typesupport_cExport.cmake
-- Installing: /home/peony/navigation_ws/install/vel_forwarder/share/vel_forwarder/cmake/vel_forwarder__rosidl_typesupport_cExport-noconfig.cmake
-- Installing: /home/peony/navigation_ws/install/vel_forwarder/share/vel_forwarder/cmake/vel_forwarder__rosidl_typesupport_introspection_cppExport.cmake
-- Installing: /home/peony/navigation_ws/install/vel_forwarder/share/vel_forwarder/cmake/vel_forwarder__rosidl_typesupport_introspection_cppExport-noconfig.cmake
-- Installing: /home/peony/navigation_ws/install/vel_forwarder/share/vel_forwarder/cmake/vel_forwarder__rosidl_typesupport_cppExport.cmake
-- Installing: /home/peony/navigation_ws/install/vel_forwarder/share/vel_forwarder/cmake/vel_forwarder__rosidl_typesupport_cppExport-noconfig.cmake
-- Installing: /home/peony/navigation_ws/install/vel_forwarder/share/vel_forwarder/cmake/export_vel_forwarder__rosidl_generator_pyExport.cmake
-- Installing: /home/peony/navigation_ws/install/vel_forwarder/share/vel_forwarder/cmake/export_vel_forwarder__rosidl_generator_pyExport-noconfig.cmake
-- Installing: /home/peony/navigation_ws/install/vel_forwarder/share/vel_forwarder/cmake/rosidl_cmake-extras.cmake
-- Installing: /home/peony/navigation_ws/install/vel_forwarder/share/vel_forwarder/cmake/ament_cmake_export_dependencies-extras.cmake
-- Installing: /home/peony/navigation_ws/install/vel_forwarder/share/vel_forwarder/cmake/ament_cmake_export_include_directories-extras.cmake
-- Installing: /home/peony/navigation_ws/install/vel_forwarder/share/vel_forwarder/cmake/ament_cmake_export_libraries-extras.cmake
-- Installing: /home/peony/navigation_ws/install/vel_forwarder/share/vel_forwarder/cmake/ament_cmake_export_targets-extras.cmake
-- Installing: /home/peony/navigation_ws/install/vel_forwarder/share/vel_forwarder/cmake/rosidl_cmake_export_typesupport_targets-extras.cmake
-- Installing: /home/peony/navigation_ws/install/vel_forwarder/share/vel_forwarder/cmake/rosidl_cmake_export_typesupport_libraries-extras.cmake
-- Installing: /home/peony/navigation_ws/install/vel_forwarder/share/vel_forwarder/cmake/vel_forwarderConfig.cmake
-- Installing: /home/peony/navigation_ws/install/vel_forwarder/share/vel_forwarder/cmake/vel_forwarderConfig-version.cmake
-- Installing: /home/peony/navigation_ws/install/vel_forwarder/share/vel_forwarder/package.xml
