[ 50%] Built target path_searching_lib
[ 75%] Built target esdf_benchmark
[ 87%] [32mBuilding CXX object CMakeFiles/plan_manager.dir/src/plan_manager.cpp.o[0m
In file included from [01m[K/opt/ros/humble/include/rclcpp/rclcpp/logging.hpp:24[m[K,
                 from [01m[K/opt/ros/humble/include/rclcpp/rclcpp/client.hpp:40[m[K,
                 from [01m[K/opt/ros/humble/include/rclcpp/rclcpp/callback_group.hpp:24[m[K,
                 from [01m[K/opt/ros/humble/include/rclcpp/rclcpp/any_executable.hpp:20[m[K,
                 from [01m[K/opt/ros/humble/include/rclcpp/rclcpp/memory_strategy.hpp:25[m[K,
                 from [01m[K/opt/ros/humble/include/rclcpp/rclcpp/memory_strategies.hpp:18[m[K,
                 from [01m[K/opt/ros/humble/include/rclcpp/rclcpp/executor_options.hpp:20[m[K,
                 from [01m[K/opt/ros/humble/include/rclcpp/rclcpp/executor.hpp:37[m[K,
                 from [01m[K/opt/ros/humble/include/rclcpp/rclcpp/executors/multi_threaded_executor.hpp:25[m[K,
                 from [01m[K/opt/ros/humble/include/rclcpp/rclcpp/executors.hpp:21[m[K,
                 from [01m[K/opt/ros/humble/include/rclcpp/rclcpp/rclcpp.hpp:155[m[K,
                 from [01m[K/home/peony/navigation_ws/src/path_searching/src/plan_manager.cpp:1[m[K:
[01m[K/home/peony/navigation_ws/src/path_searching/src/plan_manager.cpp:[m[K In constructor ‘[01m[KPlanManager::PlanManager()[m[K’:
[01m[K/home/peony/navigation_ws/src/path_searching/src/plan_manager.cpp:41:37:[m[K [01;35m[Kwarning: [m[Kformat ‘[01m[K%p[m[K’ expects argument of type ‘[01m[Kvoid*[m[K’, but argument 5 has type ‘[01m[Knavi_planner::Astar*[m[K’ [[01;35m[K]8;;https://gcc.gnu.org/onlinedocs/gcc/Warning-Options.html#index-Wformat=-Wformat=]8;;[m[K]
   41 |     RCLCPP_INFO(this->get_logger(), [01;35m[K"planner_1 地址: %p"[m[K, [32m[K&planner_1[m[K);
      |                                     [01;35m[K^~~~~~~~~~~~~~~~~~~~[m[K  [32m[K~~~~~~~~~~[m[K
      |                                                           [32m[K|[m[K
      |                                                           [32m[Knavi_planner::Astar*[m[K
[01m[K/home/peony/navigation_ws/src/path_searching/src/plan_manager.cpp:41:55:[m[K [01;36m[Knote: [m[Kformat string is defined here
   41 |     RCLCPP_INFO(this->get_logger(), "planner_1 地址: [01;36m[K%p[m[K", &planner_1);
      |                                                      [01;36m[K~^[m[K
      |                                                       [01;36m[K|[m[K
      |                                                       [01;36m[Kvoid*[m[K
[100%] [32m[1mLinking CXX executable plan_manager[0m
[100%] Built target plan_manager
-- Install configuration: ""
-- Installing: /home/peony/navigation_ws/install/path_searching/lib/path_searching/plan_manager
-- Set runtime path of "/home/peony/navigation_ws/install/path_searching/lib/path_searching/plan_manager" to ""
-- Up-to-date: /home/peony/navigation_ws/install/path_searching/lib/path_searching/esdf_benchmark
-- Up-to-date: /home/peony/navigation_ws/install/path_searching/lib/libpath_searching_lib.a
-- Up-to-date: /home/peony/navigation_ws/install/path_searching/include
-- Up-to-date: /home/peony/navigation_ws/install/path_searching/include/ulitys.h
-- Up-to-date: /home/peony/navigation_ws/install/path_searching/include/esdf_map.h
-- Up-to-date: /home/peony/navigation_ws/install/path_searching/include/Astar.h
-- Up-to-date: /home/peony/navigation_ws/install/path_searching/include/cubic_spline
-- Up-to-date: /home/peony/navigation_ws/install/path_searching/include/cubic_spline/cubic_spline_ros.h
-- Up-to-date: /home/peony/navigation_ws/install/path_searching/include/cubic_spline/cubic_spline.h
-- Up-to-date: /home/peony/navigation_ws/install/path_searching/include/cubic_spline/cpprobotics_types.h
-- Up-to-date: /home/peony/navigation_ws/install/path_searching/include/smoother.h
-- Up-to-date: /home/peony/navigation_ws/install/path_searching/share/path_searching/launch
-- Up-to-date: /home/peony/navigation_ws/install/path_searching/share/path_searching/launch/astar.launch.py
-- Up-to-date: /home/peony/navigation_ws/install/path_searching/share/path_searching/launch/voronoi_astar.launch.py
-- Up-to-date: /home/peony/navigation_ws/install/path_searching/share/path_searching/launch/astar_rviz_map_server.launch.py
-- Up-to-date: /home/peony/navigation_ws/install/path_searching/share/path_searching/launch/astar_debug.launch.py
-- Up-to-date: /home/peony/navigation_ws/install/path_searching/share/path_searching/cfg
-- Up-to-date: /home/peony/navigation_ws/install/path_searching/share/path_searching/cfg/plan_param.yaml
-- Up-to-date: /home/peony/navigation_ws/install/path_searching/share/path_searching/environment/library_path.sh
-- Up-to-date: /home/peony/navigation_ws/install/path_searching/share/path_searching/environment/library_path.dsv
-- Up-to-date: /home/peony/navigation_ws/install/path_searching/share/ament_index/resource_index/package_run_dependencies/path_searching
-- Up-to-date: /home/peony/navigation_ws/install/path_searching/share/ament_index/resource_index/parent_prefix_path/path_searching
-- Up-to-date: /home/peony/navigation_ws/install/path_searching/share/path_searching/environment/ament_prefix_path.sh
-- Up-to-date: /home/peony/navigation_ws/install/path_searching/share/path_searching/environment/ament_prefix_path.dsv
-- Up-to-date: /home/peony/navigation_ws/install/path_searching/share/path_searching/environment/path.sh
-- Up-to-date: /home/peony/navigation_ws/install/path_searching/share/path_searching/environment/path.dsv
-- Up-to-date: /home/peony/navigation_ws/install/path_searching/share/path_searching/local_setup.bash
-- Up-to-date: /home/peony/navigation_ws/install/path_searching/share/path_searching/local_setup.sh
-- Up-to-date: /home/peony/navigation_ws/install/path_searching/share/path_searching/local_setup.zsh
-- Up-to-date: /home/peony/navigation_ws/install/path_searching/share/path_searching/local_setup.dsv
-- Installing: /home/peony/navigation_ws/install/path_searching/share/path_searching/package.dsv
-- Up-to-date: /home/peony/navigation_ws/install/path_searching/share/ament_index/resource_index/packages/path_searching
-- Up-to-date: /home/peony/navigation_ws/install/path_searching/share/path_searching/cmake/ament_cmake_export_include_directories-extras.cmake
-- Up-to-date: /home/peony/navigation_ws/install/path_searching/share/path_searching/cmake/ament_cmake_export_libraries-extras.cmake
-- Up-to-date: /home/peony/navigation_ws/install/path_searching/share/path_searching/cmake/ament_cmake_export_dependencies-extras.cmake
-- Up-to-date: /home/peony/navigation_ws/install/path_searching/share/path_searching/cmake/path_searchingConfig.cmake
-- Up-to-date: /home/peony/navigation_ws/install/path_searching/share/path_searching/cmake/path_searchingConfig-version.cmake
-- Up-to-date: /home/peony/navigation_ws/install/path_searching/share/path_searching/package.xml
