[0.008s] Invoking command in '/home/peony/navigation_ws/build/path_following': CMAKE_PREFIX_PATH=/opt/ros/humble /usr/bin/cmake --build /home/peony/navigation_ws/build/path_following -- -j32 -l32
[0.031s] -- Found ament_cmake: 1.3.12 (/opt/ros/humble/share/ament_cmake/cmake)
[0.123s] -- Found nav_msgs: 4.9.0 (/opt/ros/humble/share/nav_msgs/cmake)
[0.141s] -- Found rosidl_generator_c: 3.1.8 (/opt/ros/humble/share/rosidl_generator_c/cmake)
[0.143s] -- Found rosidl_adapter: 3.1.8 (/opt/ros/humble/share/rosidl_adapter/cmake)
[0.147s] -- Found rosidl_generator_cpp: 3.1.8 (/opt/ros/humble/share/rosidl_generator_cpp/cmake)
[0.154s] -- Using all available rosidl_typesupport_c: rosidl_typesupport_fastrtps_c;rosidl_typesupport_introspection_c
[0.162s] -- Using all available rosidl_typesupport_cpp: rosidl_typesupport_fastrtps_cpp;rosidl_typesupport_introspection_cpp
[0.199s] -- Found rclcpp: 16.0.17 (/opt/ros/humble/share/rclcpp/cmake)
[0.217s] -- Found rmw_implementation_cmake: 6.1.2 (/opt/ros/humble/share/rmw_implementation_cmake/cmake)
[0.218s] -- Found rmw_fastrtps_cpp: 6.2.9 (/opt/ros/humble/share/rmw_fastrtps_cpp/cmake)
[0.306s] -- Using RMW implementation 'rmw_fastrtps_cpp' as default
[0.330s] -- Found sensor_msgs: 4.9.0 (/opt/ros/humble/share/sensor_msgs/cmake)
[0.339s] -- Found pcl_conversions: 2.4.5 (/opt/ros/humble/share/pcl_conversions/cmake)
[0.360s] -- Eigen found (include: /usr/include/eigen3, version: 3.4.0)
[0.378s] -- FLANN found (include: /usr/include, lib: /usr/lib/x86_64-linux-gnu/libflann_cpp.so)
[0.550s] -- OpenNI found (version: 1.5.4.0, include: /usr/include/ni, lib: /usr/lib/libOpenNI.so;libusb::libusb)
[0.554s] -- OpenNI2 found (version: 2.2.0.33, include: /usr/include/openni2, lib: /usr/lib/x86_64-linux-gnu/libOpenNI2.so;libusb::libusb)
[0.642s] -- Eigen found (include: /usr/include/eigen3, version: 3.4.0)
[0.646s] -- OpenNI found (version: 1.5.4.0, include: /usr/include/ni, lib: /usr/lib/libOpenNI.so;libusb::libusb)
[0.651s] -- OpenNI2 found (version: 2.2.0.33, include: /usr/include/openni2, lib: /usr/lib/x86_64-linux-gnu/libOpenNI2.so;libusb::libusb)
[0.732s] -- Found Qhull version 8.0.2
[0.817s] -- OpenNI found (version: 1.5.4.0, include: /usr/include/ni, lib: /usr/lib/libOpenNI.so;libusb::libusb)
[0.902s] [33mCMake Warning (dev) at CMakeLists.txt:14 (find_package):
[0.902s]   Policy CMP0074 is not set: find_package uses <PackageName>_ROOT variables.
[0.902s]   Run "cmake --help-policy CMP0074" for policy details.  Use the cmake_policy
[0.902s]   command to set the policy and suppress this warning.
[0.902s] 
[0.902s]   CMake variable PCL_ROOT is set to:
[0.902s] 
[0.902s]     /usr
[0.902s] 
[0.902s]   For compatibility, CMake is ignoring the variable.
[0.902s] This warning is for project developers.  Use -Wno-dev to suppress it.
[0.902s] [0m
[0.906s] [31mCMake Error at /opt/ros/humble/share/ament_cmake_target_dependencies/cmake/ament_target_dependencies.cmake:77 (message):
[0.907s]   ament_target_dependencies() the passed package name 'pcl_ros' was not found
[0.907s]   before
[0.907s] Call Stack (most recent call first):
[0.907s]   CMakeLists.txt:31 (ament_target_dependencies)
[0.907s] 
[0.907s] [0m
[0.907s] -- Configuring incomplete, errors occurred!
[0.907s] See also "/home/peony/navigation_ws/build/path_following/CMakeFiles/CMakeOutput.log".
[0.915s] gmake: *** [Makefile:294：cmake_check_build_system] 错误 1
[0.917s] Invoked command in '/home/peony/navigation_ws/build/path_following' returned '2': CMAKE_PREFIX_PATH=/opt/ros/humble /usr/bin/cmake --build /home/peony/navigation_ws/build/path_following -- -j32 -l32
