[  1%] Built target vel_forwarder__cpp
[ 12%] Built target vel_forwarder__rosidl_generator_c
[ 12%] Built target ament_cmake_python_copy_vel_forwarder
[ 23%] Built target vel_forwarder__rosidl_typesupport_cpp
[ 34%] Built target vel_forwarder__rosidl_typesupport_c
[ 56%] Built target vel_forwarder__rosidl_typesupport_introspection_cpp
[ 56%] Built target vel_forwarder__rosidl_typesupport_fastrtps_cpp
[ 67%] Built target vel_forwarder__rosidl_typesupport_introspection_c
[ 79%] Built target vel_forwarder__rosidl_typesupport_fastrtps_c
[35m[1mConsolidate compiler generated dependencies of target forwarder_node[0m
[ 79%] Built target vel_forwarder
[ 80%] [32mBuilding CXX object CMakeFiles/forwarder_node.dir/src/forwarder.cpp.o[0m
[01m[K/home/peony/navigation_ws/src/vel_forwarder/src/forwarder.cpp:1:10:[m[K [01;31m[Kfatal error: [m[Kvel_forwarder/forwarder.h: 没有那个文件或目录
    1 | #include [01;31m[K"vel_forwarder/forwarder.h"[m[K
      |          [01;31m[K^~~~~~~~~~~~~~~~~~~~~~~~~~~[m[K
compilation terminated.
gmake[2]: *** [CMakeFiles/forwarder_node.dir/build.make:76：CMakeFiles/forwarder_node.dir/src/forwarder.cpp.o] 错误 1
gmake[1]: *** [CMakeFiles/Makefile2:593：CMakeFiles/forwarder_node.dir/all] 错误 2
gmake[1]: *** 正在等待未完成的任务....
[ 81%] Built target vel_forwarder__py
running egg_info
writing vel_forwarder.egg-info/PKG-INFO
writing dependency_links to vel_forwarder.egg-info/dependency_links.txt
writing top-level names to vel_forwarder.egg-info/top_level.txt
reading manifest file 'vel_forwarder.egg-info/SOURCES.txt'
writing manifest file 'vel_forwarder.egg-info/SOURCES.txt'
[ 81%] Built target ament_cmake_python_build_vel_forwarder_egg
gmake: *** [Makefile:146：all] 错误 2
