[0.006s] Invoking command in '/home/peony/navigation_ws/build/vel_forwarder': CMAKE_PREFIX_PATH=/opt/ros/humble /usr/bin/cmake --build /home/peony/navigation_ws/build/vel_forwarder -- -j32 -l32
[0.040s] [  1%] Built target vel_forwarder__cpp
[0.041s] [ 12%] Built target vel_forwarder__rosidl_generator_c
[0.046s] [ 12%] Built target ament_cmake_python_copy_vel_forwarder
[0.054s] [ 23%] Built target vel_forwarder__rosidl_typesupport_cpp
[0.055s] [ 34%] Built target vel_forwarder__rosidl_typesupport_c
[0.055s] [ 56%] Built target vel_forwarder__rosidl_typesupport_introspection_cpp
[0.055s] [ 56%] Built target vel_forwarder__rosidl_typesupport_fastrtps_cpp
[0.056s] [ 67%] Built target vel_forwarder__rosidl_typesupport_introspection_c
[0.057s] [ 79%] Built target vel_forwarder__rosidl_typesupport_fastrtps_c
[0.062s] [35m[1mConsolidate compiler generated dependencies of target forwarder_node[0m
[0.070s] [ 79%] Built target vel_forwarder
[0.072s] [ 80%] [32mBuilding CXX object CMakeFiles/forwarder_node.dir/src/forwarder.cpp.o[0m
[0.079s] [01m[K/home/peony/navigation_ws/src/vel_forwarder/src/forwarder.cpp:1:10:[m[K [01;31m[Kfatal error: [m[Kvel_forwarder/forwarder.h: 没有那个文件或目录
[0.079s]     1 | #include [01;31m[K"vel_forwarder/forwarder.h"[m[K
[0.079s]       |          [01;31m[K^~~~~~~~~~~~~~~~~~~~~~~~~~~[m[K
[0.079s] compilation terminated.
[0.080s] gmake[2]: *** [CMakeFiles/forwarder_node.dir/build.make:76：CMakeFiles/forwarder_node.dir/src/forwarder.cpp.o] 错误 1
[0.080s] gmake[1]: *** [CMakeFiles/Makefile2:593：CMakeFiles/forwarder_node.dir/all] 错误 2
[0.080s] gmake[1]: *** 正在等待未完成的任务....
[0.083s] [ 81%] Built target vel_forwarder__py
[0.161s] running egg_info
[0.161s] writing vel_forwarder.egg-info/PKG-INFO
[0.161s] writing dependency_links to vel_forwarder.egg-info/dependency_links.txt
[0.161s] writing top-level names to vel_forwarder.egg-info/top_level.txt
[0.162s] reading manifest file 'vel_forwarder.egg-info/SOURCES.txt'
[0.163s] writing manifest file 'vel_forwarder.egg-info/SOURCES.txt'
[0.179s] [ 81%] Built target ament_cmake_python_build_vel_forwarder_egg
[0.180s] gmake: *** [Makefile:146：all] 错误 2
[0.182s] Invoked command in '/home/peony/navigation_ws/build/vel_forwarder' returned '2': CMAKE_PREFIX_PATH=/opt/ros/humble /usr/bin/cmake --build /home/peony/navigation_ws/build/vel_forwarder -- -j32 -l32
