[0.010s] Invoking command in '/home/peony/navigation_ws/build/path_following': /usr/bin/cmake /home/peony/navigation_ws/src/path_following -DCATKIN_INSTALL_INTO_PREFIX_ROOT=0 -DCMAKE_INSTALL_PREFIX=/home/peony/navigation_ws/install/path_following
[0.080s] -- The C compiler identification is GNU 11.4.0
[0.142s] -- The CXX compiler identification is GNU 11.4.0
[0.151s] -- Detecting C compiler ABI info
[0.208s] -- Detecting C compiler ABI info - done
[0.214s] -- Check for working C compiler: /usr/bin/cc - skipped
[0.214s] -- Detecting C compile features
[0.214s] -- Detecting C compile features - done
[0.217s] -- Detecting CXX compiler ABI info
[0.280s] -- Detecting CXX compiler ABI info - done
[0.286s] -- Check for working CXX compiler: /usr/bin/c++ - skipped
[0.286s] -- Detecting CXX compile features
[0.286s] -- Detecting CXX compile features - done
[0.297s] [31mCMake Error at CMakeLists.txt:4 (find_package):
[0.297s]   By not providing "Findcatkin.cmake" in CMAKE_MODULE_PATH this project has
[0.298s]   asked CMake to find a package configuration file provided by "catkin", but
[0.298s]   CMake did not find one.
[0.298s] 
[0.298s]   Could not find a package configuration file provided by "catkin" with any
[0.298s]   of the following names:
[0.298s] 
[0.298s]     catkinConfig.cmake
[0.298s]     catkin-config.cmake
[0.298s] 
[0.298s]   Add the installation prefix of "catkin" to CMAKE_PREFIX_PATH or set
[0.298s]   "catkin_DIR" to a directory containing one of the above files.  If "catkin"
[0.298s]   provides a separate development package or SDK, be sure it has been
[0.298s]   installed.
[0.298s] 
[0.298s] [0m
[0.298s] -- Configuring incomplete, errors occurred!
[0.298s] See also "/home/peony/navigation_ws/build/path_following/CMakeFiles/CMakeOutput.log".
[0.301s] Invoked command in '/home/peony/navigation_ws/build/path_following' returned '1': /usr/bin/cmake /home/peony/navigation_ws/src/path_following -DCATKIN_INSTALL_INTO_PREFIX_ROOT=0 -DCMAKE_INSTALL_PREFIX=/home/peony/navigation_ws/install/path_following
