[0.008s] Invoking command in '/home/peony/navigation_ws/build/path_following': CMAKE_PREFIX_PATH=/opt/ros/humble /usr/bin/cmake --build /home/peony/navigation_ws/build/path_following -- -j32 -l32
[0.030s] -- Found ament_cmake: 1.3.12 (/opt/ros/humble/share/ament_cmake/cmake)
[0.122s] -- Found nav_msgs: 4.9.0 (/opt/ros/humble/share/nav_msgs/cmake)
[0.140s] -- Found rosidl_generator_c: 3.1.8 (/opt/ros/humble/share/rosidl_generator_c/cmake)
[0.142s] -- Found rosidl_adapter: 3.1.8 (/opt/ros/humble/share/rosidl_adapter/cmake)
[0.146s] -- Found rosidl_generator_cpp: 3.1.8 (/opt/ros/humble/share/rosidl_generator_cpp/cmake)
[0.152s] -- Using all available rosidl_typesupport_c: rosidl_typesupport_fastrtps_c;rosidl_typesupport_introspection_c
[0.162s] -- Using all available rosidl_typesupport_cpp: rosidl_typesupport_fastrtps_cpp;rosidl_typesupport_introspection_cpp
[0.200s] -- Found rclcpp: 16.0.17 (/opt/ros/humble/share/rclcpp/cmake)
[0.215s] -- Found rmw_implementation_cmake: 6.1.2 (/opt/ros/humble/share/rmw_implementation_cmake/cmake)
[0.216s] -- Found rmw_fastrtps_cpp: 6.2.9 (/opt/ros/humble/share/rmw_fastrtps_cpp/cmake)
[0.282s] -- Using RMW implementation 'rmw_fastrtps_cpp' as default
[0.300s] -- Found sensor_msgs: 4.9.0 (/opt/ros/humble/share/sensor_msgs/cmake)
[0.309s] -- Found pcl_conversions: 2.4.5 (/opt/ros/humble/share/pcl_conversions/cmake)
[0.328s] -- Eigen found (include: /usr/include/eigen3, version: 3.4.0)
[0.347s] -- FLANN found (include: /usr/include, lib: /usr/lib/x86_64-linux-gnu/libflann_cpp.so)
[0.523s] -- OpenNI found (version: 1.5.4.0, include: /usr/include/ni, lib: /usr/lib/libOpenNI.so;libusb::libusb)
[0.528s] -- OpenNI2 found (version: 2.2.0.33, include: /usr/include/openni2, lib: /usr/lib/x86_64-linux-gnu/libOpenNI2.so;libusb::libusb)
[0.613s] -- Eigen found (include: /usr/include/eigen3, version: 3.4.0)
[0.617s] -- OpenNI found (version: 1.5.4.0, include: /usr/include/ni, lib: /usr/lib/libOpenNI.so;libusb::libusb)
[0.622s] -- OpenNI2 found (version: 2.2.0.33, include: /usr/include/openni2, lib: /usr/lib/x86_64-linux-gnu/libOpenNI2.so;libusb::libusb)
[0.702s] -- Found Qhull version 8.0.2
[0.788s] -- OpenNI found (version: 1.5.4.0, include: /usr/include/ni, lib: /usr/lib/libOpenNI.so;libusb::libusb)
[0.875s] -- Found tf2: 0.25.18 (/opt/ros/humble/share/tf2/cmake)
[0.877s] -- Found tf2_ros: 0.25.18 (/opt/ros/humble/share/tf2_ros/cmake)
[0.914s] -- Found tf2_geometry_msgs: 0.25.18 (/opt/ros/humble/share/tf2_geometry_msgs/cmake)
[0.916s] -- Found eigen3_cmake_module: 0.1.1 (/opt/ros/humble/share/eigen3_cmake_module/cmake)
[0.917s] -- Ensuring Eigen3 include directory is part of orocos-kdl CMake target
[0.918s] [33mCMake Warning (dev) at CMakeLists.txt:17 (find_package):
[0.918s]   Policy CMP0074 is not set: find_package uses <PackageName>_ROOT variables.
[0.918s]   Run "cmake --help-policy CMP0074" for policy details.  Use the cmake_policy
[0.918s]   command to set the policy and suppress this warning.
[0.918s] 
[0.918s]   CMake variable PCL_ROOT is set to:
[0.918s] 
[0.918s]     /usr
[0.918s] 
[0.918s]   For compatibility, CMake is ignoring the variable.
[0.918s] This warning is for project developers.  Use -Wno-dev to suppress it.
[0.918s] [0m
[0.962s] -- Configuring done
[0.983s] -- Generating done
[0.990s] -- Build files have been written to: /home/peony/navigation_ws/build/path_following
[1.019s] [ 66%] [32mBuilding CXX object CMakeFiles/pid_follower.dir/src/TrajFollower.cpp.o[0m
[1.020s] [ 66%] [32mBuilding CXX object CMakeFiles/pid_follower.dir/src/main.cpp.o[0m
[2.907s] In file included from [01m[K/home/peony/navigation_ws/src/path_following/src/main.cpp:2[m[K:
[2.907s] [01m[K/home/peony/navigation_ws/src/path_following/include/TrajFollower.h:16:18:[m[K [01;31m[Kerror: [m[K‘[01m[Kros[m[K’ has not been declared
[2.908s]    16 |     TrajFollower([01;31m[Kros[m[K::NodeHandle &nh, double P, double I, double D, double speed_ratio = 0.9) : Kp(P), Ki(I), Kd(D), speed_ratio(speed_ratio)
[2.908s]       |                  [01;31m[K^~~[m[K
[2.908s] [01m[K/home/peony/navigation_ws/src/path_following/include/TrajFollower.h:16:33:[m[K [01;31m[Kerror: [m[Kexpected ‘[01m[K)[m[K’ before ‘[01m[K&[m[K’ token
[2.908s]    16 |     TrajFollower[34m[K([m[Kros::NodeHandle[01;31m[K [m[K[32m[K&[m[Knh, double P, double I, double D, double speed_ratio = 0.9) : Kp(P), Ki(I), Kd(D), speed_ratio(speed_ratio)
[2.908s]       |                 [34m[K~[m[K               [01;31m[K^[m[K[32m[K~[m[K
[2.908s]       |                                 [32m[K)[m[K
[2.909s] In file included from [01m[K/home/peony/navigation_ws/src/path_following/src/main.cpp:2[m[K:
[2.909s] [01m[K/home/peony/navigation_ws/src/path_following/include/TrajFollower.h:29:24:[m[K [01;31m[Kerror: [m[K‘[01m[Kros[m[K’ does not name a type
[2.909s]    29 |     void manager(const [01;31m[Kros[m[K::TimerEvent &event);
[2.909s]       |                        [01;31m[K^~~[m[K
[2.909s] [01m[K/home/peony/navigation_ws/src/path_following/include/TrajFollower.h:29:40:[m[K [01;31m[Kerror: [m[Kexpected unqualified-id before ‘[01m[K&[m[K’ token
[2.909s]    29 |     void manager(const ros::TimerEvent [01;31m[K&[m[Kevent);
[2.909s]       |                                        [01;31m[K^[m[K
[2.909s] [01m[K/home/peony/navigation_ws/src/path_following/include/TrajFollower.h:29:39:[m[K [01;31m[Kerror: [m[Kexpected ‘[01m[K)[m[K’ before ‘[01m[K&[m[K’ token
[2.909s]    29 |     void manager[34m[K([m[Kconst ros::TimerEvent[01;31m[K [m[K[32m[K&[m[Kevent);
[2.909s]       |                 [34m[K~[m[K                     [01;31m[K^[m[K[32m[K~[m[K
[2.909s]       |                                       [32m[K)[m[K
[2.909s] [01m[K/home/peony/navigation_ws/src/path_following/include/TrajFollower.h:29:40:[m[K [01;31m[Kerror: [m[Kexpected ‘[01m[K;[m[K’ at end of member declaration
[2.909s]    29 |     void manager(const ros::TimerEvent [01;31m[K&[m[Kevent);
[2.909s]       |                                        [01;31m[K^[m[K
[2.909s]       |                                         [32m[K;[m[K
[2.910s] [01m[K/home/peony/navigation_ws/src/path_following/include/TrajFollower.h:29:41:[m[K [01;31m[Kerror: [m[K‘[01m[Kevent[m[K’ does not name a type
[2.910s]    29 |     void manager(const ros::TimerEvent &[01;31m[Kevent[m[K);
[2.910s]       |                                         [01;31m[K^~~~~[m[K
[2.928s] [01m[K/home/peony/navigation_ws/src/path_following/include/TrajFollower.h:51:5:[m[K [01;31m[Kerror: [m[K‘[01m[Kros[m[K’ does not name a type
[2.928s]    51 |     [01;31m[Kros[m[K::Publisher cmd_pub;
[2.928s]       |     [01;31m[K^~~[m[K
[2.929s] [01m[K/home/peony/navigation_ws/src/path_following/include/TrajFollower.h:52:5:[m[K [01;31m[Kerror: [m[K‘[01m[Kros[m[K’ does not name a type
[2.929s]    52 |     [01;31m[Kros[m[K::Timer plan_timer;
[2.929s]       |     [01;31m[K^~~[m[K
[2.930s] [01m[K/home/peony/navigation_ws/src/path_following/include/TrajFollower.h:53:5:[m[K [01;31m[Kerror: [m[K‘[01m[Kros[m[K’ does not name a type
[2.930s]    53 |     [01;31m[Kros[m[K::Subscriber global_path_sub;
[2.930s]       |     [01;31m[K^~~[m[K
[2.933s] [01m[K/home/peony/navigation_ws/src/path_following/include/TrajFollower.h:54:21:[m[K [01;31m[Kerror: [m[K‘[01m[Ktf[m[K’ was not declared in this scope; did you mean ‘[01m[Ktm[m[K’?
[2.933s]    54 |     std::shared_ptr<[01;31m[Ktf[m[K::TransformListener> tf_listener;
[2.933s]       |                     [01;31m[K^~[m[K
[2.933s]       |                     [32m[Ktm[m[K
[2.933s] [01m[K/home/peony/navigation_ws/src/path_following/include/TrajFollower.h:54:42:[m[K [01;31m[Kerror: [m[Ktemplate argument 1 is invalid
[2.933s]    54 |     std::shared_ptr<tf::TransformListener[01;31m[K>[m[K tf_listener;
[2.933s]       |                                          [01;31m[K^[m[K
[2.933s] [01m[K/home/peony/navigation_ws/src/path_following/include/TrajFollower.h:55:30:[m[K [01;31m[Kerror: [m[K‘[01m[KBuffer[m[K’ is not a member of ‘[01m[Ktf2_ros[m[K’
[2.933s]    55 |     std::unique_ptr<tf2_ros::[01;31m[KBuffer[m[K> tf_buffer_;
[2.934s]       |                              [01;31m[K^~~~~~[m[K
[2.934s] [01m[K/home/peony/navigation_ws/src/path_following/include/TrajFollower.h:55:36:[m[K [01;31m[Kerror: [m[Ktemplate argument 1 is invalid
[2.934s]    55 |     std::unique_ptr<tf2_ros::Buffer[01;31m[K>[m[K tf_buffer_;
[2.934s]       |                                    [01;31m[K^[m[K
[2.934s] [01m[K/home/peony/navigation_ws/src/path_following/include/TrajFollower.h:55:36:[m[K [01;31m[Kerror: [m[Ktemplate argument 2 is invalid
[2.934s] [01m[K/home/peony/navigation_ws/src/path_following/include/TrajFollower.h:56:30:[m[K [01;31m[Kerror: [m[K‘[01m[KTransformListener[m[K’ is not a member of ‘[01m[Ktf2_ros[m[K’
[2.934s]    56 |     std::shared_ptr<tf2_ros::[01;31m[KTransformListener[m[K> transform_listener_;
[2.934s]       |                              [01;31m[K^~~~~~~~~~~~~~~~~[m[K
[2.934s] [01m[K/home/peony/navigation_ws/src/path_following/include/TrajFollower.h:56:47:[m[K [01;31m[Kerror: [m[Ktemplate argument 1 is invalid
[2.934s]    56 |     std::shared_ptr<tf2_ros::TransformListener[01;31m[K>[m[K transform_listener_;
[2.934s]       |                                               [01;31m[K^[m[K
[2.934s] [01m[K/home/peony/navigation_ws/src/path_following/src/main.cpp:[m[K In function ‘[01m[Kint main(int, char**)[m[K’:
[2.934s] [01m[K/home/peony/navigation_ws/src/path_following/src/main.cpp:6:5:[m[K [01;31m[Kerror: [m[K‘[01m[Kros[m[K’ has not been declared
[2.934s]     6 |     [01;31m[Kros[m[K::init(argc, argv, "path_follower");
[2.934s]       |     [01;31m[K^~~[m[K
[2.934s] [01m[K/home/peony/navigation_ws/src/path_following/src/main.cpp:9:5:[m[K [01;31m[Kerror: [m[K‘[01m[Kros[m[K’ has not been declared
[2.934s]     9 |     [01;31m[Kros[m[K::NodeHandle nh("~");
[2.934s]       |     [01;31m[K^~~[m[K
[2.936s] In file included from [01m[K/home/peony/navigation_ws/src/path_following/src/TrajFollower.cpp:1[m[K:
[2.936s] [01m[K/home/peony/navigation_ws/src/path_following/include/TrajFollower.h:16:18:[m[K [01;31m[Kerror: [m[K‘[01m[Kros[m[K’ has not been declared
[2.936s]    16 |     TrajFollower([01;31m[Kros[m[K::NodeHandle &nh, double P, double I, double D, double speed_ratio = 0.9) : Kp(P), Ki(I), Kd(D), speed_ratio(speed_ratio)
[2.936s]       |                  [01;31m[K^~~[m[K
[2.936s] [01m[K/home/peony/navigation_ws/src/path_following/include/TrajFollower.h:16:33:[m[K [01;31m[Kerror: [m[Kexpected ‘[01m[K)[m[K’ before ‘[01m[K&[m[K’ token
[2.936s]    16 |     TrajFollower[34m[K([m[Kros::NodeHandle[01;31m[K [m[K[32m[K&[m[Knh, double P, double I, double D, double speed_ratio = 0.9) : Kp(P), Ki(I), Kd(D), speed_ratio(speed_ratio)
[2.936s]       |                 [34m[K~[m[K               [01;31m[K^[m[K[32m[K~[m[K
[2.936s]       |                                 [32m[K)[m[K
[2.936s] [01m[K/home/peony/navigation_ws/src/path_following/src/main.cpp:11:5:[m[K [01;31m[Kerror: [m[K‘[01m[Knh[m[K’ was not declared in this scope
[2.936s]    11 |     [01;31m[Knh[m[K.param<double>("Kp", Kp, 2.7);
[2.936s]       |     [01;31m[K^~[m[K
[2.936s] [01m[K/home/peony/navigation_ws/src/path_following/src/main.cpp:11:14:[m[K [01;31m[Kerror: [m[Kexpected primary-expression before ‘[01m[Kdouble[m[K’
[2.936s]    11 |     nh.param<[01;31m[Kdouble[m[K>("Kp", Kp, 2.7);
[2.936s]       |              [01;31m[K^~~~~~[m[K
[2.936s] [01m[K/home/peony/navigation_ws/src/path_following/src/main.cpp:12:14:[m[K [01;31m[Kerror: [m[Kexpected primary-expression before ‘[01m[Kdouble[m[K’
[2.936s]    12 |     nh.param<[01;31m[Kdouble[m[K>("Ki", Ki, 0.0);
[2.936s]       |              [01;31m[K^~~~~~[m[K
[2.936s] [01m[K/home/peony/navigation_ws/src/path_following/src/main.cpp:13:14:[m[K [01;31m[Kerror: [m[Kexpected primary-expression before ‘[01m[Kdouble[m[K’
[2.936s]    13 |     nh.param<[01;31m[Kdouble[m[K>("Kd", Kd, 0.0);
[2.936s]       |              [01;31m[K^~~~~~[m[K
[2.936s] [01m[K/home/peony/navigation_ws/src/path_following/src/main.cpp:14:14:[m[K [01;31m[Kerror: [m[Kexpected primary-expression before ‘[01m[Kdouble[m[K’
[2.936s]    14 |     nh.param<[01;31m[Kdouble[m[K>("speed_ratio", speed_ratio, 0.5);
[2.936s]       |              [01;31m[K^~~~~~[m[K
[2.937s] In file included from [01m[K/home/peony/navigation_ws/src/path_following/src/TrajFollower.cpp:1[m[K:
[2.937s] [01m[K/home/peony/navigation_ws/src/path_following/include/TrajFollower.h:29:24:[m[K [01;31m[Kerror: [m[K‘[01m[Kros[m[K’ does not name a type
[2.937s]    29 |     void manager(const [01;31m[Kros[m[K::TimerEvent &event);
[2.937s]       |                        [01;31m[K^~~[m[K
[2.937s] [01m[K/home/peony/navigation_ws/src/path_following/include/TrajFollower.h:29:40:[m[K [01;31m[Kerror: [m[Kexpected unqualified-id before ‘[01m[K&[m[K’ token
[2.937s]    29 |     void manager(const ros::TimerEvent [01;31m[K&[m[Kevent);
[2.937s]       |                                        [01;31m[K^[m[K
[2.937s] [01m[K/home/peony/navigation_ws/src/path_following/include/TrajFollower.h:29:39:[m[K [01;31m[Kerror: [m[Kexpected ‘[01m[K)[m[K’ before ‘[01m[K&[m[K’ token
[2.937s]    29 |     void manager[34m[K([m[Kconst ros::TimerEvent[01;31m[K [m[K[32m[K&[m[Kevent);
[2.937s]       |                 [34m[K~[m[K                     [01;31m[K^[m[K[32m[K~[m[K
[2.937s]       |                                       [32m[K)[m[K
[2.937s] [01m[K/home/peony/navigation_ws/src/path_following/include/TrajFollower.h:29:40:[m[K [01;31m[Kerror: [m[Kexpected ‘[01m[K;[m[K’ at end of member declaration
[2.937s]    29 |     void manager(const ros::TimerEvent [01;31m[K&[m[Kevent);
[2.937s]       |                                        [01;31m[K^[m[K
[2.937s]       |                                         [32m[K;[m[K
[2.938s] [01m[K/home/peony/navigation_ws/src/path_following/include/TrajFollower.h:29:41:[m[K [01;31m[Kerror: [m[K‘[01m[Kevent[m[K’ does not name a type
[2.938s]    29 |     void manager(const ros::TimerEvent &[01;31m[Kevent[m[K);
[2.938s]       |                                         [01;31m[K^~~~~[m[K
[2.938s] [01m[K/home/peony/navigation_ws/src/path_following/src/main.cpp:16:5:[m[K [01;31m[Kerror: [m[K‘[01m[KROS_WARN[m[K’ was not declared in this scope
[2.938s]    16 |     [01;31m[KROS_WARN[m[K("Kp: %f, Ki: %f, Kd: %f, speed_ratio: %f", Kp, Ki, Kd, speed_ratio);
[2.938s]       |     [01;31m[K^~~~~~~~[m[K
[2.940s] [01m[K/home/peony/navigation_ws/src/path_following/src/main.cpp:17:5:[m[K [01;31m[Kerror: [m[K‘[01m[KROS_INFO[m[K’ was not declared in this scope
[2.940s]    17 |     [01;31m[KROS_INFO[m[K("Trajectory follower node started");
[2.940s]       |     [01;31m[K^~~~~~~~[m[K
[2.940s] [01m[K/home/peony/navigation_ws/src/path_following/src/main.cpp:21:5:[m[K [01;31m[Kerror: [m[K‘[01m[Kros[m[K’ has not been declared
[2.940s]    21 |     [01;31m[Kros[m[K::spin();
[2.940s]       |     [01;31m[K^~~[m[K
[2.957s] [01m[K/home/peony/navigation_ws/src/path_following/include/TrajFollower.h:51:5:[m[K [01;31m[Kerror: [m[K‘[01m[Kros[m[K’ does not name a type
[2.957s]    51 |     [01;31m[Kros[m[K::Publisher cmd_pub;
[2.957s]       |     [01;31m[K^~~[m[K
[2.958s] [01m[K/home/peony/navigation_ws/src/path_following/include/TrajFollower.h:52:5:[m[K [01;31m[Kerror: [m[K‘[01m[Kros[m[K’ does not name a type
[2.958s]    52 |     [01;31m[Kros[m[K::Timer plan_timer;
[2.958s]       |     [01;31m[K^~~[m[K
[2.958s] [01m[K/home/peony/navigation_ws/src/path_following/include/TrajFollower.h:53:5:[m[K [01;31m[Kerror: [m[K‘[01m[Kros[m[K’ does not name a type
[2.958s]    53 |     [01;31m[Kros[m[K::Subscriber global_path_sub;
[2.958s]       |     [01;31m[K^~~[m[K
[2.961s] [01m[K/home/peony/navigation_ws/src/path_following/include/TrajFollower.h:54:21:[m[K [01;31m[Kerror: [m[K‘[01m[Ktf[m[K’ was not declared in this scope; did you mean ‘[01m[Ktm[m[K’?
[2.961s]    54 |     std::shared_ptr<[01;31m[Ktf[m[K::TransformListener> tf_listener;
[2.961s]       |                     [01;31m[K^~[m[K
[2.961s]       |                     [32m[Ktm[m[K
[2.961s] [01m[K/home/peony/navigation_ws/src/path_following/include/TrajFollower.h:54:42:[m[K [01;31m[Kerror: [m[Ktemplate argument 1 is invalid
[2.961s]    54 |     std::shared_ptr<tf::TransformListener[01;31m[K>[m[K tf_listener;
[2.961s]       |                                          [01;31m[K^[m[K
[2.962s] [01m[K/home/peony/navigation_ws/src/path_following/include/TrajFollower.h:55:30:[m[K [01;31m[Kerror: [m[K‘[01m[KBuffer[m[K’ is not a member of ‘[01m[Ktf2_ros[m[K’
[2.962s]    55 |     std::unique_ptr<tf2_ros::[01;31m[KBuffer[m[K> tf_buffer_;
[2.962s]       |                              [01;31m[K^~~~~~[m[K
[2.962s] [01m[K/home/peony/navigation_ws/src/path_following/include/TrajFollower.h:55:36:[m[K [01;31m[Kerror: [m[Ktemplate argument 1 is invalid
[2.962s]    55 |     std::unique_ptr<tf2_ros::Buffer[01;31m[K>[m[K tf_buffer_;
[2.962s]       |                                    [01;31m[K^[m[K
[2.962s] [01m[K/home/peony/navigation_ws/src/path_following/include/TrajFollower.h:55:36:[m[K [01;31m[Kerror: [m[Ktemplate argument 2 is invalid
[2.962s] [01m[K/home/peony/navigation_ws/src/path_following/include/TrajFollower.h:56:30:[m[K [01;31m[Kerror: [m[K‘[01m[KTransformListener[m[K’ is not a member of ‘[01m[Ktf2_ros[m[K’
[2.962s]    56 |     std::shared_ptr<tf2_ros::[01;31m[KTransformListener[m[K> transform_listener_;
[2.962s]       |                              [01;31m[K^~~~~~~~~~~~~~~~~[m[K
[2.962s] [01m[K/home/peony/navigation_ws/src/path_following/include/TrajFollower.h:56:47:[m[K [01;31m[Kerror: [m[Ktemplate argument 1 is invalid
[2.962s]    56 |     std::shared_ptr<tf2_ros::TransformListener[01;31m[K>[m[K transform_listener_;
[2.962s]       |                                               [01;31m[K^[m[K
[2.963s] [01m[K/home/peony/navigation_ws/src/path_following/src/TrajFollower.cpp:4:34:[m[K [01;31m[Kerror: [m[K‘[01m[Kros[m[K’ does not name a type
[2.963s]     4 | void TrajFollower::manager(const [01;31m[Kros[m[K::TimerEvent &event)
[2.963s]       |                                  [01;31m[K^~~[m[K
[2.963s] [01m[K/home/peony/navigation_ws/src/path_following/src/TrajFollower.cpp:4:50:[m[K [01;31m[Kerror: [m[Kexpected unqualified-id before ‘[01m[K&[m[K’ token
[2.963s]     4 | void TrajFollower::manager(const ros::TimerEvent [01;31m[K&[m[Kevent)
[2.963s]       |                                                  [01;31m[K^[m[K
[2.963s] [01m[K/home/peony/navigation_ws/src/path_following/src/TrajFollower.cpp:4:49:[m[K [01;31m[Kerror: [m[Kexpected ‘[01m[K)[m[K’ before ‘[01m[K&[m[K’ token
[2.963s]     4 | void TrajFollower::manager[34m[K([m[Kconst ros::TimerEvent[01;31m[K [m[K[32m[K&[m[Kevent)
[2.963s]       |                           [34m[K~[m[K                     [01;31m[K^[m[K[32m[K~[m[K
[2.963s]       |                                                 [32m[K)[m[K
[2.963s] [01m[K/home/peony/navigation_ws/src/path_following/src/TrajFollower.cpp:4:51:[m[K [01;31m[Kerror: [m[Kexpected initializer before ‘[01m[Kevent[m[K’
[2.963s]     4 | void TrajFollower::manager(const ros::TimerEvent &[01;31m[Kevent[m[K)
[2.963s]       |                                                   [01;31m[K^~~~~[m[K
[2.963s] [01m[K/home/peony/navigation_ws/src/path_following/src/TrajFollower.cpp:[m[K In member function ‘[01m[Kbool TrajFollower::get_transform()[m[K’:
[2.964s] [01m[K/home/peony/navigation_ws/src/path_following/src/TrajFollower.cpp:17:20:[m[K [01;31m[Kerror: [m[K‘[01m[KTransformStamped[m[K’ is not a member of ‘[01m[Kgeometry_msgs[m[K’; did you mean ‘[01m[Kgeometry_msgs::msg::TransformStamped[m[K’?
[2.964s]    17 |     geometry_msgs::[01;31m[KTransformStamped[m[K robot_global_pose =
[2.964s]       |                    [01;31m[K^~~~~~~~~~~~~~~~[m[K
[2.964s] In file included from [01m[K/opt/ros/humble/include/geometry_msgs/geometry_msgs/msg/transform_stamped.hpp:7[m[K,
[2.964s]                  from [01m[K/opt/ros/humble/include/tf2_geometry_msgs/tf2_geometry_msgs/tf2_geometry_msgs.hpp:41[m[K,
[2.964s]                  from [01m[K/home/peony/navigation_ws/src/path_following/include/TrajFollower.h:9[m[K,
[2.964s]                  from [01m[K/home/peony/navigation_ws/src/path_following/src/TrajFollower.cpp:1[m[K:
[2.964s] [01m[K/opt/ros/humble/include/geometry_msgs/geometry_msgs/msg/detail/transform_stamped__struct.hpp:157:7:[m[K [01;36m[Knote: [m[K‘[01m[Kgeometry_msgs::msg::TransformStamped[m[K’ declared here
[2.964s]   157 | using [01;36m[KTransformStamped[m[K =
[2.964s]       |       [01;36m[K^~~~~~~~~~~~~~~~[m[K
[2.975s] [01m[K/home/peony/navigation_ws/src/path_following/src/TrajFollower.cpp:22:26:[m[K [01;31m[Kerror: [m[K‘[01m[Krobot_global_pose[m[K’ was not declared in this scope
[2.975s]    22 |     map2baselink(0, 3) = [01;31m[Krobot_global_pose[m[K.transform.translation.x;
[2.975s]       |                          [01;31m[K^~~~~~~~~~~~~~~~~[m[K
[2.998s] [01m[K/home/peony/navigation_ws/src/path_following/src/TrajFollower.cpp:[m[K In member function ‘[01m[Kvoid TrajFollower::pub_cmd()[m[K’:
[2.998s] [01m[K/home/peony/navigation_ws/src/path_following/src/TrajFollower.cpp:54:20:[m[K [01;31m[Kerror: [m[K‘[01m[KTwist[m[K’ is not a member of ‘[01m[Kgeometry_msgs[m[K’
[2.999s]    54 |     geometry_msgs::[01;31m[KTwist[m[K cmd_vel;
[2.999s]       |                    [01;31m[K^~~~~[m[K
[2.999s] [01m[K/home/peony/navigation_ws/src/path_following/src/TrajFollower.cpp:54:20:[m[K [01;36m[Knote: [m[Ksuggested alternatives:
[2.999s] In file included from [01m[K/opt/ros/humble/include/tf2_geometry_msgs/tf2_geometry_msgs/tf2_geometry_msgs.hpp:54[m[K,
[2.999s]                  from [01m[K/home/peony/navigation_ws/src/path_following/include/TrajFollower.h:9[m[K,
[2.999s]                  from [01m[K/home/peony/navigation_ws/src/path_following/src/TrajFollower.cpp:1[m[K:
[2.999s] [01m[K/usr/include/kdl/frames.hpp:720:7:[m[K [01;36m[Knote: [m[K  ‘[01m[KKDL::Twist[m[K’
[2.999s]   720 | class [01;36m[KTwist[m[K {
[2.999s]       |       [01;36m[K^~~~~[m[K
[2.999s] In file included from [01m[K/opt/ros/humble/include/geometry_msgs/geometry_msgs/msg/detail/twist_with_covariance__struct.hpp:21[m[K,
[2.999s]                  from [01m[K/opt/ros/humble/include/nav_msgs/nav_msgs/msg/detail/odometry__struct.hpp:25[m[K,
[2.999s]                  from [01m[K/opt/ros/humble/include/nav_msgs/nav_msgs/msg/odometry.hpp:7[m[K,
[2.999s]                  from [01m[K/home/peony/navigation_ws/src/path_following/include/TrajFollower.h:8[m[K,
[2.999s]                  from [01m[K/home/peony/navigation_ws/src/path_following/src/TrajFollower.cpp:1[m[K:
[2.999s] [01m[K/opt/ros/humble/include/geometry_msgs/geometry_msgs/msg/detail/twist__struct.hpp:135:7:[m[K [01;36m[Knote: [m[K  ‘[01m[Kgeometry_msgs::msg::Twist[m[K’
[2.999s]   135 | using [01;36m[KTwist[m[K =
[2.999s]       |       [01;36m[K^~~~~[m[K
[3.003s] [01m[K/home/peony/navigation_ws/src/path_following/src/TrajFollower.cpp:56:5:[m[K [01;31m[Kerror: [m[K‘[01m[Kcmd_vel[m[K’ was not declared in this scope
[3.003s]    56 |     [01;31m[Kcmd_vel[m[K.angular.z = 0;
[3.003s]       |     [01;31m[K^~~~~~~[m[K
[3.006s] [01m[K/home/peony/navigation_ws/src/path_following/src/TrajFollower.cpp:60:5:[m[K [01;31m[Kerror: [m[K‘[01m[Kcmd_pub[m[K’ was not declared in this scope
[3.007s]    60 |     [01;31m[Kcmd_pub[m[K.publish(cmd_vel);
[3.007s]       |     [01;31m[K^~~~~~~[m[K
[3.032s] [01m[K/home/peony/navigation_ws/src/path_following/src/TrajFollower.cpp:[m[K At global scope:
[3.032s] [01m[K/home/peony/navigation_ws/src/path_following/src/TrajFollower.cpp:139:57:[m[K [01;31m[Kerror: [m[K‘[01m[KPathConstPtr[m[K’ in namespace ‘[01m[Knav_msgs[m[K’ does not name a type
[3.033s]   139 | void TrajFollower::global_path_callback(const nav_msgs::[01;31m[KPathConstPtr[m[K &msg)
[3.033s]       |                                                         [01;31m[K^~~~~~~~~~~~[m[K
[3.033s] [01m[K/home/peony/navigation_ws/src/path_following/src/TrajFollower.cpp:139:6:[m[K [01;31m[Kerror: [m[Kno declaration matches ‘[01m[Kvoid TrajFollower::global_path_callback(const int&)[m[K’
[3.033s]   139 | void [01;31m[KTrajFollower[m[K::global_path_callback(const nav_msgs::PathConstPtr &msg)
[3.033s]       |      [01;31m[K^~~~~~~~~~~~[m[K
[3.033s] In file included from [01m[K/home/peony/navigation_ws/src/path_following/src/TrajFollower.cpp:1[m[K:
[3.033s] [01m[K/home/peony/navigation_ws/src/path_following/include/TrajFollower.h:35:10:[m[K [01;36m[Knote: [m[Kcandidate is: ‘[01m[Kvoid TrajFollower::global_path_callback(const ConstSharedPtr&)[m[K’
[3.033s]    35 |     void [01;36m[Kglobal_path_callback[m[K(const nav_msgs::msg::Path::ConstSharedPtr &msg);
[3.033s]       |          [01;36m[K^~~~~~~~~~~~~~~~~~~~[m[K
[3.033s] In file included from [01m[K/home/peony/navigation_ws/src/path_following/src/TrajFollower.cpp:1[m[K:
[3.033s] [01m[K/home/peony/navigation_ws/src/path_following/include/TrajFollower.h:13:7:[m[K [01;36m[Knote: [m[K‘[01m[Kclass TrajFollower[m[K’ defined here
[3.033s]    13 | class [01;36m[KTrajFollower[m[K
[3.033s]       |       [01;36m[K^~~~~~~~~~~~[m[K
[3.226s] gmake[2]: *** [CMakeFiles/pid_follower.dir/build.make:76：CMakeFiles/pid_follower.dir/src/main.cpp.o] 错误 1
[3.226s] gmake[2]: *** 正在等待未完成的任务....
[3.872s] gmake[2]: *** [CMakeFiles/pid_follower.dir/build.make:90：CMakeFiles/pid_follower.dir/src/TrajFollower.cpp.o] 错误 1
[3.872s] gmake[1]: *** [CMakeFiles/Makefile2:137：CMakeFiles/pid_follower.dir/all] 错误 2
[3.872s] gmake: *** [Makefile:146：all] 错误 2
[3.874s] Invoked command in '/home/peony/navigation_ws/build/path_following' returned '2': CMAKE_PREFIX_PATH=/opt/ros/humble /usr/bin/cmake --build /home/peony/navigation_ws/build/path_following -- -j32 -l32
