[0.010s] Invoking command in '/home/peony/navigation_ws/build/path_searching': CMAKE_PREFIX_PATH=${CMAKE_PREFIX_PATH}:/opt/ros/humble /usr/bin/cmake --build /home/peony/navigation_ws/build/path_searching -- -j32 -l32
[0.059s] [ 12%] [32mBuilding CXX object CMakeFiles/path_searching_lib.dir/src/esdf_map.cpp.o[0m
[0.950s] [ 25%] [32m[1mLinking CXX static library libpath_searching_lib.a[0m
[1.026s] [ 50%] Built target path_searching_lib
[1.038s] [35m[1mConsolidate compiler generated dependencies of target plan_manager[0m
[1.042s] [ 62%] [32m[1mLinking CXX executable esdf_benchmark[0m
[1.060s] [ 75%] [32m[1mLinking CXX executable plan_manager[0m
[2.096s] [ 87%] Built target plan_manager
[6.105s] [100%] Built target esdf_benchmark
[6.117s] Invoked command in '/home/peony/navigation_ws/build/path_searching' returned '0': CMAKE_PREFIX_PATH=${CMAKE_PREFIX_PATH}:/opt/ros/humble /usr/bin/cmake --build /home/peony/navigation_ws/build/path_searching -- -j32 -l32
[6.118s] Invoking command in '/home/peony/navigation_ws/build/path_searching': CMAKE_PREFIX_PATH=${CMAKE_PREFIX_PATH}:/opt/ros/humble /usr/bin/cmake --install /home/peony/navigation_ws/build/path_searching
[6.122s] -- Install configuration: ""
[6.122s] -- Installing: /home/peony/navigation_ws/install/path_searching/lib/path_searching/plan_manager
[6.130s] -- Set runtime path of "/home/peony/navigation_ws/install/path_searching/lib/path_searching/plan_manager" to ""
[6.130s] -- Installing: /home/peony/navigation_ws/install/path_searching/lib/path_searching/esdf_benchmark
[6.130s] -- Set runtime path of "/home/peony/navigation_ws/install/path_searching/lib/path_searching/esdf_benchmark" to ""
[6.130s] -- Installing: /home/peony/navigation_ws/install/path_searching/lib/libpath_searching_lib.a
[6.136s] -- Up-to-date: /home/peony/navigation_ws/install/path_searching/include
[6.136s] -- Up-to-date: /home/peony/navigation_ws/install/path_searching/include/ulitys.h
[6.136s] -- Up-to-date: /home/peony/navigation_ws/install/path_searching/include/esdf_map.h
[6.136s] -- Up-to-date: /home/peony/navigation_ws/install/path_searching/include/Astar.h
[6.136s] -- Up-to-date: /home/peony/navigation_ws/install/path_searching/include/cubic_spline
[6.136s] -- Up-to-date: /home/peony/navigation_ws/install/path_searching/include/cubic_spline/cubic_spline_ros.h
[6.136s] -- Up-to-date: /home/peony/navigation_ws/install/path_searching/include/cubic_spline/cubic_spline.h
[6.136s] -- Up-to-date: /home/peony/navigation_ws/install/path_searching/include/cubic_spline/cpprobotics_types.h
[6.136s] -- Up-to-date: /home/peony/navigation_ws/install/path_searching/include/smoother.h
[6.136s] -- Up-to-date: /home/peony/navigation_ws/install/path_searching/share/path_searching/launch
[6.136s] -- Up-to-date: /home/peony/navigation_ws/install/path_searching/share/path_searching/launch/astar.launch.py
[6.136s] -- Up-to-date: /home/peony/navigation_ws/install/path_searching/share/path_searching/launch/voronoi_astar.launch.py
[6.136s] -- Up-to-date: /home/peony/navigation_ws/install/path_searching/share/path_searching/launch/astar_rviz_map_server.launch.py
[6.136s] -- Up-to-date: /home/peony/navigation_ws/install/path_searching/share/path_searching/launch/debug_astar.launch.py
[6.136s] -- Up-to-date: /home/peony/navigation_ws/install/path_searching/share/path_searching/cfg
[6.136s] -- Up-to-date: /home/peony/navigation_ws/install/path_searching/share/path_searching/cfg/plan_param.yaml
[6.136s] -- Up-to-date: /home/peony/navigation_ws/install/path_searching/share/path_searching/environment/library_path.sh
[6.136s] -- Up-to-date: /home/peony/navigation_ws/install/path_searching/share/path_searching/environment/library_path.dsv
[6.136s] -- Up-to-date: /home/peony/navigation_ws/install/path_searching/share/ament_index/resource_index/package_run_dependencies/path_searching
[6.136s] -- Up-to-date: /home/peony/navigation_ws/install/path_searching/share/ament_index/resource_index/parent_prefix_path/path_searching
[6.136s] -- Up-to-date: /home/peony/navigation_ws/install/path_searching/share/path_searching/environment/ament_prefix_path.sh
[6.136s] -- Up-to-date: /home/peony/navigation_ws/install/path_searching/share/path_searching/environment/ament_prefix_path.dsv
[6.136s] -- Up-to-date: /home/peony/navigation_ws/install/path_searching/share/path_searching/environment/path.sh
[6.137s] -- Up-to-date: /home/peony/navigation_ws/install/path_searching/share/path_searching/environment/path.dsv
[6.137s] -- Up-to-date: /home/peony/navigation_ws/install/path_searching/share/path_searching/local_setup.bash
[6.137s] -- Up-to-date: /home/peony/navigation_ws/install/path_searching/share/path_searching/local_setup.sh
[6.137s] -- Up-to-date: /home/peony/navigation_ws/install/path_searching/share/path_searching/local_setup.zsh
[6.137s] -- Up-to-date: /home/peony/navigation_ws/install/path_searching/share/path_searching/local_setup.dsv
[6.137s] -- Installing: /home/peony/navigation_ws/install/path_searching/share/path_searching/package.dsv
[6.137s] -- Up-to-date: /home/peony/navigation_ws/install/path_searching/share/ament_index/resource_index/packages/path_searching
[6.137s] -- Up-to-date: /home/peony/navigation_ws/install/path_searching/share/path_searching/cmake/ament_cmake_export_include_directories-extras.cmake
[6.137s] -- Up-to-date: /home/peony/navigation_ws/install/path_searching/share/path_searching/cmake/ament_cmake_export_libraries-extras.cmake
[6.137s] -- Up-to-date: /home/peony/navigation_ws/install/path_searching/share/path_searching/cmake/ament_cmake_export_dependencies-extras.cmake
[6.137s] -- Up-to-date: /home/peony/navigation_ws/install/path_searching/share/path_searching/cmake/path_searchingConfig.cmake
[6.137s] -- Up-to-date: /home/peony/navigation_ws/install/path_searching/share/path_searching/cmake/path_searchingConfig-version.cmake
[6.137s] -- Up-to-date: /home/peony/navigation_ws/install/path_searching/share/path_searching/package.xml
[6.138s] Invoked command in '/home/peony/navigation_ws/build/path_searching' returned '0': CMAKE_PREFIX_PATH=${CMAKE_PREFIX_PATH}:/opt/ros/humble /usr/bin/cmake --install /home/peony/navigation_ws/build/path_searching
