[0.008s] Invoking command in '/home/peony/navigation_ws/build/path_following': CMAKE_PREFIX_PATH=/opt/ros/humble /usr/bin/cmake /home/peony/navigation_ws/src/path_following -DCMAKE_INSTALL_PREFIX=/home/peony/navigation_ws/install/path_following
[0.051s] -- The C compiler identification is GNU 11.4.0
[0.094s] -- The CXX compiler identification is GNU 11.4.0
[0.100s] -- Detecting C compiler ABI info
[0.157s] -- Detecting C compiler ABI info - done
[0.162s] -- Check for working C compiler: /usr/bin/cc - skipped
[0.162s] -- Detecting C compile features
[0.163s] -- Detecting C compile features - done
[0.165s] -- Detecting CXX compiler ABI info
[0.229s] -- Detecting CXX compiler ABI info - done
[0.234s] -- Check for working CXX compiler: /usr/bin/c++ - skipped
[0.234s] -- Detecting CXX compile features
[0.234s] -- Detecting CXX compile features - done
[0.236s] -- Found ament_cmake: 1.3.12 (/opt/ros/humble/share/ament_cmake/cmake)
[0.349s] -- Found Python3: /usr/bin/python3 (found version "3.10.12") found components: Interpreter 
[0.416s] -- Found rclcpp: 16.0.17 (/opt/ros/humble/share/rclcpp/cmake)
[0.445s] -- Found rosidl_generator_c: 3.1.8 (/opt/ros/humble/share/rosidl_generator_c/cmake)
[0.448s] -- Found rosidl_adapter: 3.1.8 (/opt/ros/humble/share/rosidl_adapter/cmake)
[0.453s] -- Found rosidl_generator_cpp: 3.1.8 (/opt/ros/humble/share/rosidl_generator_cpp/cmake)
[0.459s] -- Using all available rosidl_typesupport_c: rosidl_typesupport_fastrtps_c;rosidl_typesupport_introspection_c
[0.467s] -- Using all available rosidl_typesupport_cpp: rosidl_typesupport_fastrtps_cpp;rosidl_typesupport_introspection_cpp
[0.488s] -- Found rmw_implementation_cmake: 6.1.2 (/opt/ros/humble/share/rmw_implementation_cmake/cmake)
[0.489s] -- Found rmw_fastrtps_cpp: 6.2.9 (/opt/ros/humble/share/rmw_fastrtps_cpp/cmake)
[0.549s] -- Found OpenSSL: /usr/lib/x86_64-linux-gnu/libcrypto.so (found version "3.0.2")  
[0.566s] -- Found FastRTPS: /opt/ros/humble/include  
[0.594s] -- Using RMW implementation 'rmw_fastrtps_cpp' as default
[0.598s] -- Looking for pthread.h
[0.644s] -- Looking for pthread.h - found
[0.645s] -- Performing Test CMAKE_HAVE_LIBC_PTHREAD
[0.688s] -- Performing Test CMAKE_HAVE_LIBC_PTHREAD - Success
[0.689s] -- Found Threads: TRUE  
[0.713s] -- Found nav_msgs: 4.9.0 (/opt/ros/humble/share/nav_msgs/cmake)
[0.728s] -- Found sensor_msgs: 4.9.0 (/opt/ros/humble/share/sensor_msgs/cmake)
[0.736s] -- Found tf2_ros: 0.25.18 (/opt/ros/humble/share/tf2_ros/cmake)
[0.786s] -- Found tf2_eigen: 0.25.18 (/opt/ros/humble/share/tf2_eigen/cmake)
[0.792s] -- Found tf2_geometry_msgs: 0.25.18 (/opt/ros/humble/share/tf2_geometry_msgs/cmake)
[0.796s] -- Found eigen3_cmake_module: 0.1.1 (/opt/ros/humble/share/eigen3_cmake_module/cmake)
[0.797s] -- Found Eigen3: TRUE (found version "3.4.0") 
[0.797s] -- Ensuring Eigen3 include directory is part of orocos-kdl CMake target
[0.807s] -- Checking for module 'eigen3'
[0.817s] --   Found eigen3, version 3.4.0
[0.844s] -- Found Eigen: /usr/include/eigen3 (Required is at least version "3.1") 
[0.844s] -- Eigen found (include: /usr/include/eigen3, version: 3.4.0)
[0.854s] -- Found Boost: /usr/lib/x86_64-linux-gnu/cmake/Boost-1.74.0/BoostConfig.cmake (found suitable version "1.74.0", minimum required is "1.65.0") found components: system filesystem date_time iostreams serialization 
[0.865s] -- Checking for module 'flann'
[0.875s] --   Found flann, version 1.9.1
[0.905s] -- Found FLANN: /usr/lib/x86_64-linux-gnu/libflann_cpp.so  
[0.906s] -- FLANN found (include: /usr/include, lib: /usr/lib/x86_64-linux-gnu/libflann_cpp.so)
[0.925s] -- Found GLEW: /usr/lib/x86_64-linux-gnu/libGLEW.so  
[0.928s] -- Found OpenGL: /usr/lib/x86_64-linux-gnu/libOpenGL.so  found components: OpenGL GLX 
[1.017s] -- Found MPI_C: /usr/lib/x86_64-linux-gnu/libmpi.so (found version "3.1") 
[1.017s] -- Found MPI: TRUE (found version "3.1") found components: C 
[1.018s] -- Found JsonCpp: /usr/lib/x86_64-linux-gnu/libjsoncpp.so (found suitable version "1.9.5", minimum required is "0.7.0") 
[1.023s] -- Found ZLIB: /usr/lib/x86_64-linux-gnu/libz.so (found version "1.2.11") 
[1.032s] -- Found PNG: /usr/lib/x86_64-linux-gnu/libpng.so (found version "1.6.37") 
[1.038s] -- Found Eigen3: /usr/include/eigen3 (found version "3.4.0") 
[1.099s] -- Found X11: /usr/include   
[1.099s] -- Looking for XOpenDisplay in /usr/lib/x86_64-linux-gnu/libX11.so;/usr/lib/x86_64-linux-gnu/libXext.so
[1.143s] -- Looking for XOpenDisplay in /usr/lib/x86_64-linux-gnu/libX11.so;/usr/lib/x86_64-linux-gnu/libXext.so - found
[1.143s] -- Looking for gethostbyname
[1.185s] -- Looking for gethostbyname - found
[1.185s] -- Looking for connect
[1.226s] -- Looking for connect - found
[1.226s] -- Looking for remove
[1.267s] -- Looking for remove - found
[1.267s] -- Looking for shmat
[1.306s] -- Looking for shmat - found
[1.306s] -- Looking for IceConnectionNumber in ICE
[1.349s] -- Looking for IceConnectionNumber in ICE - found
[1.408s] -- Found EXPAT: /usr/lib/x86_64-linux-gnu/libexpat.so (found version "2.4.7") 
[1.409s] -- Found double-conversion: /usr/lib/x86_64-linux-gnu/libdouble-conversion.so  
[1.410s] -- Found LZ4: /usr/lib/x86_64-linux-gnu/liblz4.so (found version "1.9.3") 
[1.411s] -- Found LZMA: /usr/lib/x86_64-linux-gnu/liblzma.so (found version "5.2.5") 
[1.419s] -- Found JPEG: /usr/lib/x86_64-linux-gnu/libjpeg.so (found version "80") 
[1.421s] -- Found TIFF: /usr/lib/x86_64-linux-gnu/libtiff.so (found version "4.3.0")  
[1.423s] -- Found Freetype: /usr/lib/x86_64-linux-gnu/libfreetype.so (found version "2.11.1") 
[1.426s] -- Found utf8cpp: /usr/include/utf8cpp  
[1.484s] -- Checking for module 'libusb-1.0'
[1.495s] --   Found libusb-1.0, version 1.0.25
[1.525s] -- Found libusb: /usr/lib/x86_64-linux-gnu/libusb-1.0.so  
[1.525s] -- Found OpenNI: /usr/lib/libOpenNI.so;libusb::libusb (found version "1.5.4.0") 
[1.525s] -- OpenNI found (version: 1.5.4.0, include: /usr/include/ni, lib: /usr/lib/libOpenNI.so;libusb::libusb)
[1.568s] -- Found OpenNI2: /usr/lib/x86_64-linux-gnu/libOpenNI2.so;libusb::libusb (found version "2.2.0.33") 
[1.568s] -- OpenNI2 found (version: 2.2.0.33, include: /usr/include/openni2, lib: /usr/lib/x86_64-linux-gnu/libOpenNI2.so;libusb::libusb)
[1.568s] [0m** WARNING ** io features related to pcap will be disabled[0m
[1.655s] -- Eigen found (include: /usr/include/eigen3, version: 3.4.0)
[1.659s] -- OpenNI found (version: 1.5.4.0, include: /usr/include/ni, lib: /usr/lib/libOpenNI.so;libusb::libusb)
[1.664s] -- OpenNI2 found (version: 2.2.0.33, include: /usr/include/openni2, lib: /usr/lib/x86_64-linux-gnu/libOpenNI2.so;libusb::libusb)
[1.746s] -- Found Qhull version 8.0.2
[1.831s] -- OpenNI found (version: 1.5.4.0, include: /usr/include/ni, lib: /usr/lib/libOpenNI.so;libusb::libusb)
[1.911s] -- looking for PCL_COMMON
[1.911s] -- Found PCL_COMMON: /usr/lib/x86_64-linux-gnu/libpcl_common.so  
[1.912s] -- looking for PCL_KDTREE
[1.912s] -- Found PCL_KDTREE: /usr/lib/x86_64-linux-gnu/libpcl_kdtree.so  
[1.912s] -- looking for PCL_OCTREE
[1.912s] -- Found PCL_OCTREE: /usr/lib/x86_64-linux-gnu/libpcl_octree.so  
[1.912s] -- looking for PCL_SEARCH
[1.913s] -- Found PCL_SEARCH: /usr/lib/x86_64-linux-gnu/libpcl_search.so  
[1.913s] -- looking for PCL_SAMPLE_CONSENSUS
[1.913s] -- Found PCL_SAMPLE_CONSENSUS: /usr/lib/x86_64-linux-gnu/libpcl_sample_consensus.so  
[1.913s] -- looking for PCL_FILTERS
[1.914s] -- Found PCL_FILTERS: /usr/lib/x86_64-linux-gnu/libpcl_filters.so  
[1.914s] -- looking for PCL_2D
[1.914s] -- Found PCL_2D: /usr/include/pcl-1.12  
[1.914s] -- looking for PCL_GEOMETRY
[1.914s] -- Found PCL_GEOMETRY: /usr/include/pcl-1.12  
[1.914s] -- looking for PCL_IO
[1.914s] -- Found PCL_IO: /usr/lib/x86_64-linux-gnu/libpcl_io.so  
[1.914s] -- looking for PCL_FEATURES
[1.915s] -- Found PCL_FEATURES: /usr/lib/x86_64-linux-gnu/libpcl_features.so  
[1.915s] -- looking for PCL_ML
[1.915s] -- Found PCL_ML: /usr/lib/x86_64-linux-gnu/libpcl_ml.so  
[1.915s] -- looking for PCL_SEGMENTATION
[1.916s] -- Found PCL_SEGMENTATION: /usr/lib/x86_64-linux-gnu/libpcl_segmentation.so  
[1.916s] -- looking for PCL_VISUALIZATION
[1.916s] -- Found PCL_VISUALIZATION: /usr/lib/x86_64-linux-gnu/libpcl_visualization.so  
[1.916s] -- looking for PCL_SURFACE
[1.917s] -- Found PCL_SURFACE: /usr/lib/x86_64-linux-gnu/libpcl_surface.so  
[1.917s] -- looking for PCL_REGISTRATION
[1.917s] -- Found PCL_REGISTRATION: /usr/lib/x86_64-linux-gnu/libpcl_registration.so  
[1.917s] -- looking for PCL_KEYPOINTS
[1.917s] -- Found PCL_KEYPOINTS: /usr/lib/x86_64-linux-gnu/libpcl_keypoints.so  
[1.918s] -- looking for PCL_TRACKING
[1.918s] -- Found PCL_TRACKING: /usr/lib/x86_64-linux-gnu/libpcl_tracking.so  
[1.918s] -- looking for PCL_RECOGNITION
[1.918s] -- Found PCL_RECOGNITION: /usr/lib/x86_64-linux-gnu/libpcl_recognition.so  
[1.918s] -- looking for PCL_STEREO
[1.919s] -- Found PCL_STEREO: /usr/lib/x86_64-linux-gnu/libpcl_stereo.so  
[1.919s] -- looking for PCL_APPS
[1.919s] -- Found PCL_APPS: /usr/lib/x86_64-linux-gnu/libpcl_apps.so  
[1.920s] -- looking for PCL_IN_HAND_SCANNER
[1.920s] -- Found PCL_IN_HAND_SCANNER: /usr/include/pcl-1.12  
[1.920s] -- looking for PCL_MODELER
[1.920s] -- Found PCL_MODELER: /usr/include/pcl-1.12  
[1.920s] -- looking for PCL_POINT_CLOUD_EDITOR
[1.920s] -- Found PCL_POINT_CLOUD_EDITOR: /usr/include/pcl-1.12  
[1.920s] -- looking for PCL_OUTOFCORE
[1.920s] -- Found PCL_OUTOFCORE: /usr/lib/x86_64-linux-gnu/libpcl_outofcore.so  
[1.920s] -- looking for PCL_PEOPLE
[1.921s] -- Found PCL_PEOPLE: /usr/lib/x86_64-linux-gnu/libpcl_people.so  
[1.921s] -- Found PCL: pcl_common;pcl_kdtree;pcl_octree;pcl_search;pcl_sample_consensus;pcl_filters;pcl_io;pcl_features;pcl_ml;pcl_segmentation;pcl_visualization;pcl_surface;pcl_registration;pcl_keypoints;pcl_tracking;pcl_recognition;pcl_stereo;pcl_apps;pcl_outofcore;pcl_people;Boost::system;Boost::filesystem;Boost::date_time;Boost::iostreams;Boost::serialization;/usr/lib/libOpenNI.so;libusb::libusb;/usr/lib/x86_64-linux-gnu/libOpenNI2.so;libusb::libusb;VTK::ChartsCore;VTK::CommonColor;VTK::CommonComputationalGeometry;VTK::CommonCore;VTK::CommonDataModel;VTK::CommonExecutionModel;VTK::CommonMath;VTK::CommonMisc;VTK::CommonTransforms;VTK::FiltersCore;VTK::FiltersExtraction;VTK::FiltersGeneral;VTK::FiltersGeometry;VTK::FiltersModeling;VTK::FiltersSources;VTK::ImagingCore;VTK::ImagingSources;VTK::InteractionImage;VTK::InteractionStyle;VTK::InteractionWidgets;VTK::IOCore;VTK::IOGeometry;VTK::IOImage;VTK::IOLegacy;VTK::IOPLY;VTK::RenderingAnnotation;VTK::RenderingCore;VTK::RenderingContext2D;VTK::RenderingLOD;VTK::RenderingFreeType;VTK::ViewsCore;VTK::ViewsContext2D;VTK::RenderingOpenGL2;VTK::GUISupportQt;FLANN::FLANN;QHULL::QHULL  
[1.922s] -- Found pcl_conversions: 2.4.5 (/opt/ros/humble/share/pcl_conversions/cmake)
[1.934s] -- Found pcl_ros: 2.4.5 (/opt/ros/humble/share/pcl_ros/cmake)
[1.940s] -- Found visualization_msgs: 4.9.0 (/opt/ros/humble/share/visualization_msgs/cmake)
[1.954s] -- Found OpenCV: /usr (found version "4.5.4") 
[2.004s] -- Configuring done
[2.009s] [31mCMake Error at CMakeLists.txt:30 (add_library):
[2.009s]   Cannot find source file:
[2.009s] 
[2.009s]     src/Astar.cpp
[2.009s] 
[2.009s]   Tried extensions .c .C .c++ .cc .cpp .cxx .cu .mpp .m .M .mm .ixx .cppm .h
[2.009s]   .hh .h++ .hm .hpp .hxx .in .txx .f .F .for .f77 .f90 .f95 .f03 .hip .ispc
[2.009s] 
[2.009s] [0m
[2.011s] [31mCMake Error at CMakeLists.txt:41 (add_executable):
[2.011s]   Cannot find source file:
[2.011s] 
[2.011s]     src/plan_manager.cpp
[2.011s] 
[2.011s]   Tried extensions .c .C .c++ .cc .cpp .cxx .cu .mpp .m .M .mm .ixx .cppm .h
[2.011s]   .hh .h++ .hm .hpp .hxx .in .txx .f .F .for .f77 .f90 .f95 .f03 .hip .ispc
[2.011s] 
[2.011s] [0m
[2.012s] [31mCMake Error at CMakeLists.txt:49 (add_executable):
[2.012s]   Cannot find source file:
[2.012s] 
[2.012s]     src/benchmark_esdf.cpp
[2.012s] 
[2.012s]   Tried extensions .c .C .c++ .cc .cpp .cxx .cu .mpp .m .M .mm .ixx .cppm .h
[2.012s]   .hh .h++ .hm .hpp .hxx .in .txx .f .F .for .f77 .f90 .f95 .f03 .hip .ispc
[2.012s] 
[2.012s] [0m
[2.013s] [31mCMake Error at CMakeLists.txt:30 (add_library):
[2.013s]   No SOURCES given to target: path_following_lib
[2.013s] 
[2.013s] [0m
[2.013s] [31mCMake Error at CMakeLists.txt:41 (add_executable):
[2.013s]   No SOURCES given to target: plan_manager
[2.013s] 
[2.013s] [0m
[2.013s] [31mCMake Error at CMakeLists.txt:49 (add_executable):
[2.013s]   No SOURCES given to target: esdf_benchmark
[2.013s] 
[2.013s] [0m
[2.013s] [0mCMake Generate step failed.  Build files cannot be regenerated correctly.[0m
[2.026s] Invoked command in '/home/peony/navigation_ws/build/path_following' returned '1': CMAKE_PREFIX_PATH=/opt/ros/humble /usr/bin/cmake /home/peony/navigation_ws/src/path_following -DCMAKE_INSTALL_PREFIX=/home/peony/navigation_ws/install/path_following
