[0.011s] Invoking command in '/home/peony/navigation_ws/build/path_following': CMAKE_PREFIX_PATH=${CMAKE_PREFIX_PATH}:/opt/ros/humble /usr/bin/cmake --build /home/peony/navigation_ws/build/path_following -- -j32 -l32
[0.079s] [35m[1mConsolidate compiler generated dependencies of target pid_follower[0m
[0.115s] [ 33%] [32mBuilding CXX object CMakeFiles/pid_follower.dir/src/TrajFollower.cpp.o[0m
[2.217s] In file included from [01m[K/opt/ros/humble/include/rclcpp/rclcpp/logging.hpp:24[m[K,
[2.217s]                  from [01m[K/opt/ros/humble/include/rclcpp/rclcpp/client.hpp:40[m[K,
[2.217s]                  from [01m[K/opt/ros/humble/include/rclcpp/rclcpp/callback_group.hpp:24[m[K,
[2.217s]                  from [01m[K/opt/ros/humble/include/rclcpp/rclcpp/any_executable.hpp:20[m[K,
[2.217s]                  from [01m[K/opt/ros/humble/include/rclcpp/rclcpp/memory_strategy.hpp:25[m[K,
[2.217s]                  from [01m[K/opt/ros/humble/include/rclcpp/rclcpp/memory_strategies.hpp:18[m[K,
[2.217s]                  from [01m[K/opt/ros/humble/include/rclcpp/rclcpp/executor_options.hpp:20[m[K,
[2.217s]                  from [01m[K/opt/ros/humble/include/rclcpp/rclcpp/executor.hpp:37[m[K,
[2.218s]                  from [01m[K/opt/ros/humble/include/rclcpp/rclcpp/executors/multi_threaded_executor.hpp:25[m[K,
[2.218s]                  from [01m[K/opt/ros/humble/include/rclcpp/rclcpp/executors.hpp:21[m[K,
[2.218s]                  from [01m[K/opt/ros/humble/include/rclcpp/rclcpp/rclcpp.hpp:155[m[K,
[2.218s]                  from [01m[K/home/peony/navigation_ws/src/path_following/include/TrajFollower.h:10[m[K,
[2.218s]                  from [01m[K/home/peony/navigation_ws/src/path_following/src/TrajFollower.cpp:1[m[K:
[2.218s] [01m[K/home/peony/navigation_ws/src/path_following/src/TrajFollower.cpp:[m[K In member function ‘[01m[Kvoid TrajFollower::follow()[m[K’:
[2.218s] [01m[K/home/peony/navigation_ws/src/path_following/src/TrajFollower.cpp:90:37:[m[K [01;35m[Kwarning: [m[Kformat ‘[01m[K%d[m[K’ expects argument of type ‘[01m[Kint[m[K’, but argument 6 has type ‘[01m[Klong unsigned int[m[K’ [[01;35m[K]8;;https://gcc.gnu.org/onlinedocs/gcc/Warning-Options.html#index-Wformat=-Wformat=]8;;[m[K]
[2.218s]    90 |     RCLCPP_INFO(node_.get_logger(), [01;35m[K"Distance to target: %.2f, nodes left: %d"[m[K, dist, [32m[Knum_left[m[K);
[2.218s]       |                                     [01;35m[K^~~~~~~~~~~~~~~~~~~~~~~~~~~~~~~~~~~~~~~~~~[m[K        [32m[K~~~~~~~~[m[K
[2.218s]       |                                                                                       [32m[K|[m[K
[2.218s]       |                                                                                       [32m[Klong unsigned int[m[K
[2.218s] [01m[K/home/peony/navigation_ws/src/path_following/src/TrajFollower.cpp:90:77:[m[K [01;36m[Knote: [m[Kformat string is defined here
[2.218s]    90 | node_.get_logger(), "Distance to target: %.2f, nodes left: [01;36m[K%d[m[K", dist, num_left);
[2.218s]       |                                                            [01;36m[K~^[m[K
[2.218s]       |                                                             [01;36m[K|[m[K
[2.218s]       |                                                             [01;36m[Kint[m[K
[2.218s]       |                                                            [32m[K%ld[m[K
[4.934s] [ 66%] [32m[1mLinking CXX executable pid_follower[0m
[5.426s] [100%] Built target pid_follower
[5.434s] Invoked command in '/home/peony/navigation_ws/build/path_following' returned '0': CMAKE_PREFIX_PATH=${CMAKE_PREFIX_PATH}:/opt/ros/humble /usr/bin/cmake --build /home/peony/navigation_ws/build/path_following -- -j32 -l32
[5.441s] Invoking command in '/home/peony/navigation_ws/build/path_following': CMAKE_PREFIX_PATH=${CMAKE_PREFIX_PATH}:/opt/ros/humble /usr/bin/cmake --install /home/peony/navigation_ws/build/path_following
[5.445s] -- Install configuration: ""
[5.446s] -- Installing: /home/peony/navigation_ws/install/path_following/lib/path_following/pid_follower
[5.449s] -- Set runtime path of "/home/peony/navigation_ws/install/path_following/lib/path_following/pid_follower" to ""
[5.449s] -- Up-to-date: /home/peony/navigation_ws/install/path_following/share/ament_index/resource_index/package_run_dependencies/path_following
[5.449s] -- Up-to-date: /home/peony/navigation_ws/install/path_following/share/ament_index/resource_index/parent_prefix_path/path_following
[5.449s] -- Up-to-date: /home/peony/navigation_ws/install/path_following/share/path_following/environment/ament_prefix_path.sh
[5.449s] -- Up-to-date: /home/peony/navigation_ws/install/path_following/share/path_following/environment/ament_prefix_path.dsv
[5.449s] -- Up-to-date: /home/peony/navigation_ws/install/path_following/share/path_following/environment/path.sh
[5.449s] -- Up-to-date: /home/peony/navigation_ws/install/path_following/share/path_following/environment/path.dsv
[5.449s] -- Up-to-date: /home/peony/navigation_ws/install/path_following/share/path_following/local_setup.bash
[5.449s] -- Up-to-date: /home/peony/navigation_ws/install/path_following/share/path_following/local_setup.sh
[5.449s] -- Up-to-date: /home/peony/navigation_ws/install/path_following/share/path_following/local_setup.zsh
[5.449s] -- Up-to-date: /home/peony/navigation_ws/install/path_following/share/path_following/local_setup.dsv
[5.449s] -- Installing: /home/peony/navigation_ws/install/path_following/share/path_following/package.dsv
[5.449s] -- Up-to-date: /home/peony/navigation_ws/install/path_following/share/ament_index/resource_index/packages/path_following
[5.450s] -- Up-to-date: /home/peony/navigation_ws/install/path_following/share/path_following/cmake/path_followingConfig.cmake
[5.450s] -- Up-to-date: /home/peony/navigation_ws/install/path_following/share/path_following/cmake/path_followingConfig-version.cmake
[5.450s] -- Up-to-date: /home/peony/navigation_ws/install/path_following/share/path_following/package.xml
[5.451s] Invoked command in '/home/peony/navigation_ws/build/path_following' returned '0': CMAKE_PREFIX_PATH=${CMAKE_PREFIX_PATH}:/opt/ros/humble /usr/bin/cmake --install /home/peony/navigation_ws/build/path_following
